06-03 19:14:41.268  1176  1176 D EGL_emulation: eglMakeCurrent: 0xb78e7980: ver 3 0
06-03 19:14:41.268  1176  1176 D EGL_emulation: eglMakeCurrent: 0xb78e7980: ver 3 0
06-03 19:14:41.288  1176  1176 D EGL_emulation: eglMakeCurrent: 0xb78e7980: ver 3 0
06-03 19:14:41.288  1176  1176 D EGL_emulation: eglMakeCurrent: 0xb78e7980: ver 3 0
06-03 19:14:41.298  1176  1176 D EGL_emulation: eglMakeCurrent: 0xb78e7980: ver 3 0
06-03 19:14:41.308  1176  1176 D EGL_emulation: eglMakeCurrent: 0xb78e7980: ver 3 0
06-03 19:14:41.318  1176  1176 D EGL_emulation: eglMakeCurrent: 0xb78e7980: ver 3 0
06-03 19:14:41.328  1176  1176 D EGL_emulation: eglMakeCurrent: 0xb78e7980: ver 3 0
06-03 19:14:41.338  1176  1176 D EGL_emulation: eglMakeCurrent: 0xb78e7980: ver 3 0
06-03 19:14:41.338  1176  1176 D EGL_emulation: eglMakeCurrent: 0xb78e7980: ver 3 0
06-03 19:14:41.388 20517 20517 D AndroidRuntime: 
06-03 19:14:41.388 20517 20517 D AndroidRuntime: >>>>>> AndroidRuntime START com.android.internal.os.RuntimeInit <<<<<<
06-03 19:14:41.388 20517 20517 W linker  : libdvm.so has text relocations. This is wasting memory and is a security risk. Please fix.
06-03 19:14:41.388 20517 20517 D AndroidRuntime: CheckJNI is ON
06-03 19:14:41.388 20517 20517 D dalvikvm: Trying to load lib libjavacore.so 0x0
06-03 19:14:41.388 20517 20517 D dalvikvm: Added shared lib libjavacore.so 0x0
06-03 19:14:41.398 20517 20517 D dalvikvm: Trying to load lib libnativehelper.so 0x0
06-03 19:14:41.398 20517 20517 D dalvikvm: Added shared lib libnativehelper.so 0x0
06-03 19:14:41.398 20517 20517 D dalvikvm: No JNI_OnLoad found in libnativehelper.so 0x0, skipping init
06-03 19:14:41.408 20517 20517 D dalvikvm: Note: class Landroid/app/ActivityManagerNative; has 179 unimplemented (abstract) methods
06-03 19:14:41.438 20517 20517 E memtrack: Couldn't load memtrack module (No such file or directory)
06-03 19:14:41.438 20517 20517 E android.os.Debug: failed to load memtrack module: -2
06-03 19:14:41.458 20517 20517 D AndroidRuntime: Calling main entry com.android.commands.am.Am
06-03 19:14:41.458  1603  1923 I ActivityManager: START u0 {act=android.intent.action.MAIN cat=[android.intent.category.LAUNCHER] flg=0x10000000 cmp=com.google.android.diskusage/..SelectActivity} from pid 20517
06-03 19:14:41.468 20517 20517 D AndroidRuntime: Shutting down VM
06-03 19:14:41.468 20517 20522 D dalvikvm: GC_CONCURRENT freed 96K, 15% free 576K/676K, paused 0ms+0ms, total 1ms
06-03 19:14:42.828  1603  1843 D dalvikvm: GC_FOR_ALLOC freed 2043K, 40% free 11372K/18752K, paused 11ms, total 11ms
06-03 19:14:42.968 20554 20554 D AndroidRuntime: 
06-03 19:14:42.968 20554 20554 D AndroidRuntime: >>>>>> AndroidRuntime START com.android.internal.os.RuntimeInit <<<<<<
06-03 19:14:42.968 20554 20554 W linker  : libdvm.so has text relocations. This is wasting memory and is a security risk. Please fix.
06-03 19:14:42.978 20554 20554 D AndroidRuntime: CheckJNI is ON
06-03 19:14:42.978 20554 20554 D dalvikvm: Trying to load lib libjavacore.so 0x0
06-03 19:14:42.978 20554 20554 D dalvikvm: Added shared lib libjavacore.so 0x0
06-03 19:14:42.978 20554 20554 D dalvikvm: Trying to load lib libnativehelper.so 0x0
06-03 19:14:42.978 20554 20554 D dalvikvm: Added shared lib libnativehelper.so 0x0
06-03 19:14:42.978 20554 20554 D dalvikvm: No JNI_OnLoad found in libnativehelper.so 0x0, skipping init
06-03 19:14:42.998 20554 20554 D dalvikvm: Note: class Landroid/app/ActivityManagerNative; has 179 unimplemented (abstract) methods
06-03 19:14:43.028 20554 20554 E memtrack: Couldn't load memtrack module (No such file or directory)
06-03 19:14:43.028 20554 20554 E android.os.Debug: failed to load memtrack module: -2
06-03 19:14:43.048 20554 20554 D AndroidRuntime: Calling main entry com.android.commands.am.Am
06-03 19:14:43.058 20554 20554 D AndroidRuntime: Shutting down VM
06-03 19:14:43.058  1603  1724 I ActivityManager: START u0 {act=android.intent.action.MAIN cat=[android.intent.category.LAUNCHER] flg=0x10000000 cmp=com.google.android.diskusage/..SelectActivity} from pid 20554
06-03 19:14:43.068 20554 20559 D dalvikvm: GC_CONCURRENT freed 96K, 15% free 576K/676K, paused 0ms+0ms, total 1ms
06-03 19:14:44.578  1603  1868 D dalvikvm: GC_FOR_ALLOC freed 2070K, 40% free 11349K/18752K, paused 10ms, total 10ms
06-03 19:14:44.678 20613 20613 D AndroidRuntime: 
06-03 19:14:44.678 20613 20613 D AndroidRuntime: >>>>>> AndroidRuntime START com.android.internal.os.RuntimeInit <<<<<<
06-03 19:14:44.678 20613 20613 W linker  : libdvm.so has text relocations. This is wasting memory and is a security risk. Please fix.
06-03 19:14:44.678 20613 20613 D AndroidRuntime: CheckJNI is ON
06-03 19:14:44.678 20613 20613 D dalvikvm: Trying to load lib libjavacore.so 0x0
06-03 19:14:44.678 20613 20613 D dalvikvm: Added shared lib libjavacore.so 0x0
06-03 19:14:44.678 20613 20613 D dalvikvm: Trying to load lib libnativehelper.so 0x0
06-03 19:14:44.678 20613 20613 D dalvikvm: Added shared lib libnativehelper.so 0x0
06-03 19:14:44.678 20613 20613 D dalvikvm: No JNI_OnLoad found in libnativehelper.so 0x0, skipping init
06-03 19:14:44.698 20613 20613 D dalvikvm: Note: class Landroid/app/ActivityManagerNative; has 179 unimplemented (abstract) methods
06-03 19:14:44.718 20613 20613 E memtrack: Couldn't load memtrack module (No such file or directory)
06-03 19:14:44.718 20613 20613 E android.os.Debug: failed to load memtrack module: -2
06-03 19:14:44.738 20613 20613 D AndroidRuntime: Calling main entry com.android.commands.input.Input
06-03 19:14:44.748 20613 20613 I Input   : injectMotionEvent: MotionEvent { action=ACTION_DOWN, id[0]=0, x[0]=432.0, y[0]=754.0, toolType[0]=TOOL_TYPE_UNKNOWN, buttonState=0, metaState=0, flags=0x0, edgeFlags=0x0, pointerCount=1, historySize=0, eventTime=14599881, downTime=14599881, deviceId=0, source=0x1002 }
06-03 19:14:44.748 20613 20613 I Input   : injectMotionEvent: MotionEvent { action=ACTION_MOVE, id[0]=0, x[0]=432.0, y[0]=754.0, toolType[0]=TOOL_TYPE_UNKNOWN, buttonState=0, metaState=0, flags=0x0, edgeFlags=0x0, pointerCount=1, historySize=0, eventTime=14599881, downTime=14599881, deviceId=0, source=0x1002 }
06-03 19:14:44.768 20613 20613 I Input   : injectMotionEvent: MotionEvent { action=ACTION_MOVE, id[0]=0, x[0]=432.0, y[0]=754.0, toolType[0]=TOOL_TYPE_UNKNOWN, buttonState=0, metaState=0, flags=0x0, edgeFlags=0x0, pointerCount=1, historySize=0, eventTime=14599902, downTime=14599902, deviceId=0, source=0x1002 }
06-03 19:14:44.778 20613 20613 I Input   : injectMotionEvent: MotionEvent { action=ACTION_MOVE, id[0]=0, x[0]=432.0, y[0]=754.0, toolType[0]=TOOL_TYPE_UNKNOWN, buttonState=0, metaState=0, flags=0x0, edgeFlags=0x0, pointerCount=1, historySize=0, eventTime=14599918, downTime=14599918, deviceId=0, source=0x1002 }
06-03 19:14:44.788  1176  1176 D EGL_emulation: eglMakeCurrent: 0xb78e7980: ver 3 0
06-03 19:14:44.788  1176  1176 D EGL_emulation: eglMakeCurrent: 0xb78e7980: ver 3 0
06-03 19:14:44.798 20613 20613 I Input   : injectMotionEvent: MotionEvent { action=ACTION_MOVE, id[0]=0, x[0]=432.0, y[0]=754.0, toolType[0]=TOOL_TYPE_UNKNOWN, buttonState=0, metaState=0, flags=0x0, edgeFlags=0x0, pointerCount=1, historySize=0, eventTime=14599934, downTime=14599934, deviceId=0, source=0x1002 }
06-03 19:14:44.818 20613 20613 I Input   : injectMotionEvent: MotionEvent { action=ACTION_MOVE, id[0]=0, x[0]=432.0, y[0]=754.0, toolType[0]=TOOL_TYPE_UNKNOWN, buttonState=0, metaState=0, flags=0x0, edgeFlags=0x0, pointerCount=1, historySize=0, eventTime=14599952, downTime=14599952, deviceId=0, source=0x1002 }
06-03 19:14:44.828 20613 20613 I Input   : injectMotionEvent: MotionEvent { action=ACTION_MOVE, id[0]=0, x[0]=432.0, y[0]=754.0, toolType[0]=TOOL_TYPE_UNKNOWN, buttonState=0, metaState=0, flags=0x0, edgeFlags=0x0, pointerCount=1, historySize=0, eventTime=14599968, downTime=14599968, deviceId=0, source=0x1002 }
06-03 19:14:44.848 20613 20613 I Input   : injectMotionEvent: MotionEvent { action=ACTION_MOVE, id[0]=0, x[0]=432.0, y[0]=754.0, toolType[0]=TOOL_TYPE_UNKNOWN, buttonState=0, metaState=0, flags=0x0, edgeFlags=0x0, pointerCount=1, historySize=0, eventTime=14599986, downTime=14599986, deviceId=0, source=0x1002 }
06-03 19:14:44.868 20613 20613 I Input   : injectMotionEvent: MotionEvent { action=ACTION_MOVE, id[0]=0, x[0]=432.0, y[0]=754.0, toolType[0]=TOOL_TYPE_UNKNOWN, buttonState=0, metaState=0, flags=0x0, edgeFlags=0x0, pointerCount=1, historySize=0, eventTime=14600004, downTime=14600004, deviceId=0, source=0x1002 }
06-03 19:14:44.878 20613 20613 I Input   : injectMotionEvent: MotionEvent { action=ACTION_MOVE, id[0]=0, x[0]=432.0, y[0]=754.0, toolType[0]=TOOL_TYPE_UNKNOWN, buttonState=0, metaState=0, flags=0x0, edgeFlags=0x0, pointerCount=1, historySize=0, eventTime=14600020, downTime=14600020, deviceId=0, source=0x1002 }
06-03 19:14:44.898 20613 20613 I Input   : injectMotionEvent: MotionEvent { action=ACTION_MOVE, id[0]=0, x[0]=432.0, y[0]=754.0, toolType[0]=TOOL_TYPE_UNKNOWN, buttonState=0, metaState=0, flags=0x0, edgeFlags=0x0, pointerCount=1, historySize=0, eventTime=14600036, downTime=14600036, deviceId=0, source=0x1002 }
06-03 19:14:44.918 20613 20613 I Input   : injectMotionEvent: MotionEvent { action=ACTION_MOVE, id[0]=0, x[0]=432.0, y[0]=754.0, toolType[0]=TOOL_TYPE_UNKNOWN, buttonState=0, metaState=0, flags=0x0, edgeFlags=0x0, pointerCount=1, historySize=0, eventTime=14600052, downTime=14600052, deviceId=0, source=0x1002 }
06-03 19:14:44.928 20613 20613 I Input   : injectMotionEvent: MotionEvent { action=ACTION_MOVE, id[0]=0, x[0]=432.0, y[0]=754.0, toolType[0]=TOOL_TYPE_UNKNOWN, buttonState=0, metaState=0, flags=0x0, edgeFlags=0x0, pointerCount=1, historySize=0, eventTime=14600069, downTime=14600069, deviceId=0, source=0x1002 }
06-03 19:14:44.948 20613 20613 I Input   : injectMotionEvent: MotionEvent { action=ACTION_UP, id[0]=0, x[0]=432.0, y[0]=754.0, toolType[0]=TOOL_TYPE_UNKNOWN, buttonState=0, metaState=0, flags=0x0, edgeFlags=0x0, pointerCount=1, historySize=0, eventTime=14600086, downTime=14600086, deviceId=0, source=0x1002 }
06-03 19:14:44.948 20613 20613 D AndroidRuntime: Shutting down VM
06-03 19:14:44.948  1603  1921 I ActivityManager: START u0 {act=android.intent.action.MAIN cat=[android.intent.category.LAUNCHER] flg=0x10200000 cmp=com.android.browser/.BrowserActivity bnds=[384,706][480,802]} from pid 2028
06-03 19:14:44.958 20613 20618 D dalvikvm: GC_CONCURRENT freed 134K, 20% free 558K/696K, paused 0ms+0ms, total 1ms
06-03 19:14:44.958  1603  1681 E SoundPool: error loading /system/media/audio/ui/Effect_Tick.ogg
06-03 19:14:44.958  1603  1681 W AudioService: Soundpool could not load file: /system/media/audio/ui/Effect_Tick.ogg
06-03 19:14:44.958  1603  1681 E SoundPool: error loading /system/media/audio/ui/Effect_Tick.ogg
06-03 19:14:44.958  1603  1681 W AudioService: Soundpool could not load file: /system/media/audio/ui/Effect_Tick.ogg
06-03 19:14:44.958  1603  1681 E SoundPool: error loading /system/media/audio/ui/Effect_Tick.ogg
06-03 19:14:44.958  1603  1681 W AudioService: Soundpool could not load file: /system/media/audio/ui/Effect_Tick.ogg
06-03 19:14:44.958  1603  1681 E SoundPool: error loading /system/media/audio/ui/Effect_Tick.ogg
06-03 19:14:44.958  1603  1681 W AudioService: Soundpool could not load file: /system/media/audio/ui/Effect_Tick.ogg
06-03 19:14:44.958  1603  1681 E SoundPool: error loading /system/media/audio/ui/Effect_Tick.ogg
06-03 19:14:44.958  1603  1681 W AudioService: Soundpool could not load file: /system/media/audio/ui/Effect_Tick.ogg
06-03 19:14:44.958  1603  1681 E SoundPool: error loading /system/media/audio/ui/KeypressStandard.ogg
06-03 19:14:44.958  1603  1681 W AudioService: Soundpool could not load file: /system/media/audio/ui/KeypressStandard.ogg
06-03 19:14:44.958  1603  1681 E SoundPool: error loading /system/media/audio/ui/KeypressSpacebar.ogg
06-03 19:14:44.958  1603  1681 W AudioService: Soundpool could not load file: /system/media/audio/ui/KeypressSpacebar.ogg
06-03 19:14:44.958  1603  1681 E SoundPool: error loading /system/media/audio/ui/KeypressDelete.ogg
06-03 19:14:44.958  1603  1681 W AudioService: Soundpool could not load file: /system/media/audio/ui/KeypressDelete.ogg
06-03 19:14:44.958  1603  1681 E SoundPool: error loading /system/media/audio/ui/KeypressReturn.ogg
06-03 19:14:44.958  1603  1681 W AudioService: Soundpool could not load file: /system/media/audio/ui/KeypressReturn.ogg
06-03 19:14:44.958  1603  1681 E SoundPool: error loading /system/media/audio/ui/KeypressInvalid.ogg
06-03 19:14:44.958  1603  1681 W AudioService: Soundpool could not load file: /system/media/audio/ui/KeypressInvalid.ogg
06-03 19:14:44.958  1603  1681 W AudioService: onLoadSoundEffects(), Error -1 while loading samples
06-03 19:14:44.958  2028  2028 W ResourceType: No known package when getting name for resource number 0x9b000000
06-03 19:14:44.958  2028  2028 W ResourceType: No known package when getting name for resource number 0x9b010100
06-03 19:14:44.968  2028  2028 W ResourceType: No known package when getting name for resource number 0x9b030300
06-03 19:14:44.968  7196  7196 D EGL_emulation: eglMakeCurrent: 0xb95396c0: ver 3 0
06-03 19:14:44.968  2028  2028 W ResourceType: No known package when getting name for resource number 0x9b040400
06-03 19:14:44.968  2028  2028 W ResourceType: No known package when getting name for resource number 0x9c010003
06-03 19:14:44.978  1603  1844 W InputMethodManagerService: Starting input on non-focused client com.android.internal.view.IInputMethodClient$Stub$Proxy@ad147ac0 (uid=10016 pid=7196)
06-03 19:14:44.978  7196  7196 D WebViewTimersControl: onBrowserActivityResume
06-03 19:14:44.978  7196  7196 D WebViewTimersControl: Resuming webview timers, view=com.android.browser.BrowserWebView{ad48d3d8 VFEDHVCL .F....ID 0,0-480,684}
06-03 19:14:44.978  1176  1176 D EGL_emulation: eglMakeCurrent: 0xb78e7980: ver 3 0
06-03 19:14:44.978  1603  1724 W InputMethodManagerService: Starting input on non-focused client com.android.internal.view.IInputMethodClient$Stub$Proxy@ad147ac0 (uid=10016 pid=7196)
06-03 19:14:44.978  1603  1614 W InputMethodManagerService: Starting input on non-focused client com.android.internal.view.IInputMethodClient$Stub$Proxy@ad147ac0 (uid=10016 pid=7196)
06-03 19:14:44.988  1176  1176 D EGL_emulation: eglMakeCurrent: 0xb78e7980: ver 3 0
06-03 19:14:44.988 20242 20242 D dalvikvm: GC_FOR_ALLOC freed 523K, 21% free 2971K/3756K, paused 3ms, total 3ms
06-03 19:14:44.998  7196  7196 D EGL_emulation: eglMakeCurrent: 0xb95396c0: ver 3 0
06-03 19:14:44.998  7196  7196 E EGL_emulation: tid 7196: eglSurfaceAttrib(1199): error 0x3009 (EGL_BAD_MATCH)
06-03 19:14:44.998  7196  7196 W HardwareRenderer: Backbuffer cannot be preserved
06-03 19:14:44.998  1176  1176 D EGL_emulation: eglMakeCurrent: 0xb78e7980: ver 3 0
06-03 19:14:44.998  1176  1176 D EGL_emulation: eglMakeCurrent: 0xb78e7980: ver 3 0
06-03 19:14:45.018  1176  1176 D EGL_emulation: eglMakeCurrent: 0xb78e7980: ver 3 0
06-03 19:14:45.018  7196  7196 I chromium: [INFO:async_pixel_transfer_manager_android.cc(56)] Async pixel transfers not supported
06-03 19:14:45.018  1176  1176 D EGL_emulation: eglMakeCurrent: 0xb78e7980: ver 3 0
06-03 19:14:45.038  1176  1176 D EGL_emulation: eglMakeCurrent: 0xb78e7980: ver 3 0
06-03 19:14:45.038  1176  1176 D EGL_emulation: eglMakeCurrent: 0xb78e7980: ver 3 0
06-03 19:14:45.048  7196  7196 I chromium: [INFO:async_pixel_transfer_manager_android.cc(56)] Async pixel transfers not supported
06-03 19:14:45.048  1176  1176 D EGL_emulation: eglMakeCurrent: 0xb78e7980: ver 3 0
06-03 19:14:45.058  1176  1176 D EGL_emulation: eglMakeCurrent: 0xb78e7980: ver 3 0
06-03 19:14:45.058  7196  7196 D gralloc_ranchu: gralloc_alloc: Creating ashmem region of size 589824
06-03 19:14:45.068  7196  7196 D gralloc_ranchu: gralloc_alloc: Creating ashmem region of size 589824
06-03 19:14:45.068  1176  1176 D EGL_emulation: eglMakeCurrent: 0xb78e7980: ver 3 0
06-03 19:14:45.068  7196  7196 D gralloc_ranchu: gralloc_alloc: Creating ashmem region of size 589824
06-03 19:14:45.078  1176  1176 D EGL_emulation: eglMakeCurrent: 0xb78e7980: ver 3 0
06-03 19:14:45.078  7196  7196 D gralloc_ranchu: gralloc_alloc: Creating ashmem region of size 589824
06-03 19:14:45.078  7196  7196 D gralloc_ranchu: gralloc_alloc: Creating ashmem region of size 65536
06-03 19:14:45.088  1176  1176 D EGL_emulation: eglMakeCurrent: 0xb78e7980: ver 3 0
06-03 19:14:45.088  1176  1176 D EGL_emulation: eglMakeCurrent: 0xb78e7980: ver 3 0
06-03 19:14:45.098 20242 20242 E AccessibilityInteractionClient: 18 Disconnected nodes.
06-03 19:14:45.098 20242 20242 D dalvikvm: GC_FOR_ALLOC freed 609K, 24% free 2873K/3756K, paused 3ms, total 3ms
06-03 19:14:45.098  1176  1176 D EGL_emulation: eglMakeCurrent: 0xb78e7980: ver 3 0
06-03 19:14:45.108  1176  1176 D EGL_emulation: eglMakeCurrent: 0xb78e7980: ver 3 0
06-03 19:14:45.118  1176  1176 D EGL_emulation: eglMakeCurrent: 0xb78e7980: ver 3 0
06-03 19:14:45.118  1176  1176 D EGL_emulation: eglMakeCurrent: 0xb78e7980: ver 3 0
06-03 19:14:45.128 20242 20242 D dalvikvm: GC_FOR_ALLOC freed 308K, 21% free 2999K/3756K, paused 2ms, total 2ms
06-03 19:14:45.138  1176  1176 D EGL_emulation: eglMakeCurrent: 0xb78e7980: ver 3 0
06-03 19:14:45.138  1176  1176 D EGL_emulation: eglMakeCurrent: 0xb78e7980: ver 3 0
06-03 19:14:45.138 20242 20242 E AccessibilityNodeInfoCache: Disconneced node: android.view.accessibility.AccessibilityNodeInfo@524b9; boundsInParent: Rect(0, 0 - 344, 456); boundsInScreen: Rect(0, 116 - 516, 800); packageName: com.android.browser; className: android.view.View; text: null; contentDescription: Webpage not available; viewIdResName: null; checkable: false; checked: false; focusable: true; focused: true; selected: false; clickable: false; longClickable: false; enabled: true; password: false; scrollable: true; [ACTION_CLEAR_FOCUS, ACTION_CLEAR_ACCESSIBILITY_FOCUS]
06-03 19:14:45.138 20242 20242 E AccessibilityNodeInfoCache: Disconneced node: android.view.accessibility.AccessibilityNodeInfo@52535; boundsInParent: Rect(0, 0 - 0, 0); boundsInScreen: Rect(0, 116 - 0, 116); packageName: com.android.browser; className: android.view.View; text: null; contentDescription: ; viewIdResName: null; checkable: false; checked: false; focusable: false; focused: false; selected: false; clickable: false; longClickable: false; enabled: true; password: false; scrollable: false; [ACTION_ACCESSIBILITY_FOCUS]
06-03 19:14:45.138 20242 20242 E AccessibilityNodeInfoCache: Disconneced node: android.view.accessibility.AccessibilityNodeInfo@52554; boundsInParent: Rect(8, 5 - 312, 34); boundsInScreen: Rect(12, 123 - 468, 167); packageName: com.android.browser; className: android.view.View; text: null; contentDescription: Webpage not available Heading; viewIdResName: null; checkable: false; checked: false; focusable: false; focused: false; selected: false; clickable: true; longClickable: false; enabled: true; password: false; scrollable: false; [ACTION_CLICK, ACTION_ACCESSIBILITY_FOCUS]
06-03 19:14:45.138 20242 20242 E AccessibilityNodeInfoCache: Disconneced node: android.view.accessibility.AccessibilityNodeInfo@52573; boundsInParent: Rect(8, 54 - 344, 235); boundsInScreen: Rect(12, 197 - 516, 468); packageName: com.android.browser; className: android.view.View; text: null; contentDescription: ; viewIdResName: null; checkable: false; checked: false; focusable: false; focused: false; selected: false; clickable: false; longClickable: false; enabled: true; password: false; scrollable: false; [ACTION_ACCESSIBILITY_FOCUS]
06-03 19:14:45.138 20242 20242 E AccessibilityNodeInfoCache: Disconneced node: android.view.accessibility.AccessibilityNodeInfo@52592; boundsInParent: Rect(8, 250 - 312, 271); boundsInScreen: Rect(12, 491 - 468, 522); packageName: com.android.browser; className: android.view.View; text: null; contentDescription: Suggestions:; viewIdResName: null; checkable: false; checked: false; focusable: false; focused: false; selected: false; clickable: true; longClickable: false; enabled: true; password: false; scrollable: false; [ACTION_CLICK, ACTION_ACCESSIBILITY_FOCUS]
06-03 19:14:45.138 20242 20242 E AccessibilityNodeInfoCache: Disconneced node: android.view.accessibility.AccessibilityNodeInfo@525b1; boundsInParent: Rect(8, 286 - 312, 367); boundsInScreen: Rect(12, 545 - 468, 666); packageName: com.android.browser; className: android.widget.ListView; text: null; contentDescription: ; viewIdResName: null; checkable: false; checked: false; focusable: false; focused: false; selected: false; clickable: false; longClickable: false; enabled: true; password: false; scrollable: false; [ACTION_ACCESSIBILITY_FOCUS]
06-03 19:14:45.138 20242 20242 E AccessibilityNodeInfoCache: Disconneced node: android.view.accessibility.AccessibilityNodeInfo@5262d; boundsInParent: Rect(0, -1 - 114, 20); boundsInScreen: Rect(12, 195 - 183, 227); packageName: com.android.browser; className: android.view.View; text: null; contentDescription: The webpage at; viewIdResName: null; checkable: false; checked: false; focusable: false; focused: false; selected: false; clickable: true; longClickable: false; enabled: true; password: false; scrollable: false; [ACTION_CLICK, ACTION_ACCESSIBILITY_FOCUS]
06-03 19:14:45.138 20242 20242 E AccessibilityNodeInfoCache: Disconneced node: android.view.accessibility.AccessibilityNodeInfo@5264c; boundsInParent: Rect(0, 19 - 336, 120); boundsInScreen: Rect(12, 225 - 516, 377); packageName: com.android.browser; className: android.view.View; text: null; contentDescription: http://www.google.com/search?redir_esc=&client=ms-android-google&hl=en-US&safe=images&q=address&source=android-unknown&qsubts=1591209027211&devloc=0 Link; viewIdResName: null; checkable: false; checked: false; focusable: true; focused: false; selected: false; clickable: true; longClickable: false; enabled: true; password: false; scrollable: false; [ACTION_FOCUS, ACTION_CLICK, ACTION_ACCESSIBILITY_FOCUS]
06-03 19:14:45.138 20242 20242 E AccessibilityNodeInfoCache: Disconneced node: android.view.accessibility.AccessibilityNodeInfo@5266b; boundsInParent: Rect(0, 119 - 297, 180); boundsInScreen: Rect(12, 375 - 457, 467); packageName: com.android.browser; className: android.view.View; text: null; contentDescription: might be temporarily down or it may have moved permanently to a new web address.; viewIdResName: null; checkable: false; checked: false; focusable: false; focused: false; selected: false; clickable: true; longClickable: false; enabled: true; password: false; scrollable: false; [ACTION_CLICK, ACTION_ACCESSIBILITY_FOCUS]
06-03 19:14:45.138 20242 20242 E AccessibilityNodeInfoCache: Disconneced node: android.view.accessibility.AccessibilityNodeInfo@526e7; boundsInParent: Rect(40, 0 - 304, 41); boundsInScreen: Rect(72, 545 - 468, 606); packageName: com.android.browser; className: android.view.View; text: null; contentDescription: ; viewIdResName: null; checkable: false; checked: false; focusable: false; focused: false; selected: false; clickable: false; longClickable: false; enabled: true; password: false; scrollable: false; [ACTION_ACCESSIBILITY_FOCUS]
06-03 19:14:45.138 20242 20242 E AccessibilityNodeInfoCache: Disconneced node: android.view.accessibility.AccessibilityNodeInfo@52706; boundsInParent: Rect(40, 40 - 304, 61); boundsInScreen: Rect(72, 605 - 468, 636); packageName: com.android.browser; className: android.view.View; text: null; contentDescription: ; viewIdResName: null; checkable: false; checked: false; focusable: false; focused: false; selected: false; clickable: false; longClickable: false; enabled: true; password: false; scrollable: false; [ACTION_ACCESSIBILITY_FOCUS]
06-03 19:14:45.138 20242 20242 E AccessibilityNodeInfoCache: Disconneced node: android.view.accessibility.AccessibilityNodeInfo@52725; boundsInParent: Rect(40, 60 - 304, 81); boundsInScreen: Rect(72, 635 - 468, 666); packageName: com.android.browser; className: android.view.View; text: null; contentDescription: ; viewIdResName: null; checkable: false; checked: false; focusable: false; focused: false; selected: false; clickable: false; longClickable: false; enabled: true; password: false; scrollable: false; [ACTION_ACCESSIBILITY_FOCUS]
06-03 19:14:45.138 20242 20242 E AccessibilityNodeInfoCache: Disconneced node: android.view.accessibility.AccessibilityNodeInfo@52744; boundsInParent: Rect(-18, 0 - -11, 21); boundsInScreen: Rect(45, 545 - 55, 576); packageName: com.android.browser; className: android.view.View; text: null; contentDescription: ; viewIdResName: null; checkable: false; checked: false; focusable: false; focused: false; selected: false; clickable: true; longClickable: false; enabled: true; password: false; scrollable: false; [ACTION_CLICK, ACTION_ACCESSIBILITY_FOCUS]
06-03 19:14:45.138 20242 20242 E AccessibilityNodeInfoCache: Disconneced node: android.view.accessibility.AccessibilityNodeInfo@52763; boundsInParent: Rect(0, -1 - 192, 40); boundsInScreen: Rect(72, 543 - 360, 605); packageName: com.android.browser; className: android.view.View; text: null; contentDescription: Make sure you have a data connection; viewIdResName: null; checkable: false; checked: false; focusable: false; focused: false; selected: false; clickable: true; longClickable: false; enabled: true; password: false; scrollable: false; [ACTION_CLICK, ACTION_ACCESSIBILITY_FOCUS]
06-03 19:14:45.138 20242 20242 E AccessibilityNodeInfoCache: Disconneced node: android.view.accessibility.AccessibilityNodeInfo@52782; boundsInParent: Rect(-18, 0 - -11, 21); boundsInScreen: Rect(45, 605 - 55, 636); packageName: com.android.browser; className: android.view.View; text: null; contentDescription: ; viewIdResName: null; checkable: false; checked: false; focusable: false; focused: false; selected: false; clickable: true; longClickable: false; enabled: true; password: false; scrollable: false; [ACTION_CLICK, ACTION_ACCESSIBILITY_FOCUS]
06-03 19:14:45.138 20242 20242 E AccessibilityNodeInfoCache: Disconneced node: android.view.accessibility.AccessibilityNodeInfo@527a1; boundsInParent: Rect(0, -1 - 185, 20); boundsInScreen: Rect(72, 603 - 349, 635); packageName: com.android.browser; className: android.view.View; text: null; contentDescription: Reload this webpage later; viewIdResName: null; checkable: false; checked: false; focusable: false; focused: false; selected: false; clickable: true; longClickable: false; enabled: true; password: false; scrollable: false; [ACTION_CLICK, ACTION_ACCESSIBILITY_FOCUS]
06-03 19:14:45.138 20242 20242 E AccessibilityNodeInfoCache: Disconneced node: android.view.accessibility.AccessibilityNodeInfo@527c0; boundsInParent: Rect(-18, 0 - -11, 21); boundsInScreen: Rect(45, 635 - 55, 666); packageName: com.android.browser; className: android.view.View; text: null; contentDescription: ; viewIdResName: null; checkable: false; checked: false; focusable: false; focused: false; selected: false; clickable: true; longClickable: false; enabled: true; password: false; scrollable: false; [ACTION_CLICK, ACTION_ACCESSIBILITY_FOCUS]
06-03 19:14:45.138 20242 20242 E AccessibilityNodeInfoCache: Disconneced node: android.view.accessibility.AccessibilityNodeInfo@527df; boundsInParent: Rect(0, -1 - 221, 20); boundsInScreen: Rect(72, 633 - 403, 665); packageName: com.android.browser; className: android.view.View; text: null; contentDescription: Check the address you entered; viewIdResName: null; checkable: false; checked: false; focusable: false; focused: false; selected: false; clickable: true; longClickable: false; enabled: true; password: false; scrollable: false; [ACTION_CLICK, ACTION_ACCESSIBILITY_FOCUS]
06-03 19:14:45.148 20242 20254 D dalvikvm: GC_FOR_ALLOC freed 626K, 24% free 2884K/3756K, paused 2ms, total 2ms
06-03 19:14:45.148 20242 20242 E AccessibilityInteractionClient: 18 Disconnected nodes.
06-03 19:14:45.148  1176  1176 D EGL_emulation: eglMakeCurrent: 0xb78e7980: ver 3 0
06-03 19:14:45.158  1176  1176 D EGL_emulation: eglMakeCurrent: 0xb78e7980: ver 3 0
06-03 19:14:45.168  1176  1176 D EGL_emulation: eglMakeCurrent: 0xb78e7980: ver 3 0
06-03 19:14:45.168 20242 20242 E AccessibilityNodeInfoCache: Disconneced node: android.view.accessibility.AccessibilityNodeInfo@524b9; boundsInParent: Rect(0, 0 - 344, 456); boundsInScreen: Rect(0, 116 - 516, 800); packageName: com.android.browser; className: android.view.View; text: null; contentDescription: Webpage not available; viewIdResName: null; checkable: false; checked: false; focusable: true; focused: true; selected: false; clickable: false; longClickable: false; enabled: true; password: false; scrollable: true; [ACTION_CLEAR_FOCUS, ACTION_CLEAR_ACCESSIBILITY_FOCUS]
06-03 19:14:45.168 20242 20242 E AccessibilityNodeInfoCache: Disconneced node: android.view.accessibility.AccessibilityNodeInfo@52535; boundsInParent: Rect(0, 0 - 0, 0); boundsInScreen: Rect(0, 116 - 0, 116); packageName: com.android.browser; className: android.view.View; text: null; contentDescription: ; viewIdResName: null; checkable: false; checked: false; focusable: false; focused: false; selected: false; clickable: false; longClickable: false; enabled: true; password: false; scrollable: false; [ACTION_ACCESSIBILITY_FOCUS]
06-03 19:14:45.168 20242 20242 E AccessibilityNodeInfoCache: Disconneced node: android.view.accessibility.AccessibilityNodeInfo@52554; boundsInParent: Rect(8, 5 - 312, 34); boundsInScreen: Rect(12, 123 - 468, 167); packageName: com.android.browser; className: android.view.View; text: null; contentDescription: Webpage not available Heading; viewIdResName: null; checkable: false; checked: false; focusable: false; focused: false; selected: false; clickable: true; longClickable: false; enabled: true; password: false; scrollable: false; [ACTION_CLICK, ACTION_ACCESSIBILITY_FOCUS]
06-03 19:14:45.168  1176  1176 D EGL_emulation: eglMakeCurrent: 0xb78e7980: ver 3 0
06-03 19:14:45.168 20242 20242 E AccessibilityNodeInfoCache: Disconneced node: android.view.accessibility.AccessibilityNodeInfo@52573; boundsInParent: Rect(8, 54 - 344, 235); boundsInScreen: Rect(12, 197 - 516, 468); packageName: com.android.browser; className: android.view.View; text: null; contentDescription: ; viewIdResName: null; checkable: false; checked: false; focusable: false; focused: false; selected: false; clickable: false; longClickable: false; enabled: true; password: false; scrollable: false; [ACTION_ACCESSIBILITY_FOCUS]
06-03 19:14:45.168 20242 20242 E AccessibilityNodeInfoCache: Disconneced node: android.view.accessibility.AccessibilityNodeInfo@52592; boundsInParent: Rect(8, 250 - 312, 271); boundsInScreen: Rect(12, 491 - 468, 522); packageName: com.android.browser; className: android.view.View; text: null; contentDescription: Suggestions:; viewIdResName: null; checkable: false; checked: false; focusable: false; focused: false; selected: false; clickable: true; longClickable: false; enabled: true; password: false; scrollable: false; [ACTION_CLICK, ACTION_ACCESSIBILITY_FOCUS]
06-03 19:14:45.168 20242 20242 E AccessibilityNodeInfoCache: Disconneced node: android.view.accessibility.AccessibilityNodeInfo@525b1; boundsInParent: Rect(8, 286 - 312, 367); boundsInScreen: Rect(12, 545 - 468, 666); packageName: com.android.browser; className: android.widget.ListView; text: null; contentDescription: ; viewIdResName: null; checkable: false; checked: false; focusable: false; focused: false; selected: false; clickable: false; longClickable: false; enabled: true; password: false; scrollable: false; [ACTION_ACCESSIBILITY_FOCUS]
06-03 19:14:45.168 20242 20242 E AccessibilityNodeInfoCache: Disconneced node: android.view.accessibility.AccessibilityNodeInfo@5262d; boundsInParent: Rect(0, -1 - 114, 20); boundsInScreen: Rect(12, 195 - 183, 227); packageName: com.android.browser; className: android.view.View; text: null; contentDescription: The webpage at; viewIdResName: null; checkable: false; checked: false; focusable: false; focused: false; selected: false; clickable: true; longClickable: false; enabled: true; password: false; scrollable: false; [ACTION_CLICK, ACTION_ACCESSIBILITY_FOCUS]
06-03 19:14:45.168 20242 20242 E AccessibilityNodeInfoCache: Disconneced node: android.view.accessibility.AccessibilityNodeInfo@5264c; boundsInParent: Rect(0, 19 - 336, 120); boundsInScreen: Rect(12, 225 - 516, 377); packageName: com.android.browser; className: android.view.View; text: null; contentDescription: http://www.google.com/search?redir_esc=&client=ms-android-google&hl=en-US&safe=images&q=address&source=android-unknown&qsubts=1591209027211&devloc=0 Link; viewIdResName: null; checkable: false; checked: false; focusable: true; focused: false; selected: false; clickable: true; longClickable: false; enabled: true; password: false; scrollable: false; [ACTION_FOCUS, ACTION_CLICK, ACTION_ACCESSIBILITY_FOCUS]
06-03 19:14:45.168 20242 20242 E AccessibilityNodeInfoCache: Disconneced node: android.view.accessibility.AccessibilityNodeInfo@5266b; boundsInParent: Rect(0, 119 - 297, 180); boundsInScreen: Rect(12, 375 - 457, 467); packageName: com.android.browser; className: android.view.View; text: null; contentDescription: might be temporarily down or it may have moved permanently to a new web address.; viewIdResName: null; checkable: false; checked: false; focusable: false; focused: false; selected: false; clickable: true; longClickable: false; enabled: true; password: false; scrollable: false; [ACTION_CLICK, ACTION_ACCESSIBILITY_FOCUS]
06-03 19:14:45.168 20242 20242 E AccessibilityNodeInfoCache: Disconneced node: android.view.accessibility.AccessibilityNodeInfo@526e7; boundsInParent: Rect(40, 0 - 304, 41); boundsInScreen: Rect(72, 545 - 468, 606); packageName: com.android.browser; className: android.view.View; text: null; contentDescription: ; viewIdResName: null; checkable: false; checked: false; focusable: false; focused: false; selected: false; clickable: false; longClickable: false; enabled: true; password: false; scrollable: false; [ACTION_ACCESSIBILITY_FOCUS]
06-03 19:14:45.168 20242 20242 E AccessibilityNodeInfoCache: Disconneced node: android.view.accessibility.AccessibilityNodeInfo@52706; boundsInParent: Rect(40, 40 - 304, 61); boundsInScreen: Rect(72, 605 - 468, 636); packageName: com.android.browser; className: android.view.View; text: null; contentDescription: ; viewIdResName: null; checkable: false; checked: false; focusable: false; focused: false; selected: false; clickable: false; longClickable: false; enabled: true; password: false; scrollable: false; [ACTION_ACCESSIBILITY_FOCUS]
06-03 19:14:45.178 20242 20242 E AccessibilityNodeInfoCache: Disconneced node: android.view.accessibility.AccessibilityNodeInfo@52725; boundsInParent: Rect(40, 60 - 304, 81); boundsInScreen: Rect(72, 635 - 468, 666); packageName: com.android.browser; className: android.view.View; text: null; contentDescription: ; viewIdResName: null; checkable: false; checked: false; focusable: false; focused: false; selected: false; clickable: false; longClickable: false; enabled: true; password: false; scrollable: false; [ACTION_ACCESSIBILITY_FOCUS]
06-03 19:14:45.178 20242 20242 E AccessibilityNodeInfoCache: Disconneced node: android.view.accessibility.AccessibilityNodeInfo@52744; boundsInParent: Rect(-18, 0 - -11, 21); boundsInScreen: Rect(45, 545 - 55, 576); packageName: com.android.browser; className: android.view.View; text: null; contentDescription: ; viewIdResName: null; checkable: false; checked: false; focusable: false; focused: false; selected: false; clickable: true; longClickable: false; enabled: true; password: false; scrollable: false; [ACTION_CLICK, ACTION_ACCESSIBILITY_FOCUS]
06-03 19:14:45.178 20242 20242 D dalvikvm: GC_FOR_ALLOC freed 526K, 24% free 2869K/3756K, paused 2ms, total 2ms
06-03 19:14:45.178 20242 20242 E AccessibilityNodeInfoCache: Disconneced node: android.view.accessibility.AccessibilityNodeInfo@52763; boundsInParent: Rect(0, -1 - 192, 40); boundsInScreen: Rect(72, 543 - 360, 605); packageName: com.android.browser; className: android.view.View; text: null; contentDescription: Make sure you have a data connection; viewIdResName: null; checkable: false; checked: false; focusable: false; focused: false; selected: false; clickable: true; longClickable: false; enabled: true; password: false; scrollable: false; [ACTION_CLICK, ACTION_ACCESSIBILITY_FOCUS]
06-03 19:14:45.178 20242 20242 E AccessibilityNodeInfoCache: Disconneced node: android.view.accessibility.AccessibilityNodeInfo@52782; boundsInParent: Rect(-18, 0 - -11, 21); boundsInScreen: Rect(45, 605 - 55, 636); packageName: com.android.browser; className: android.view.View; text: null; contentDescription: ; viewIdResName: null; checkable: false; checked: false; focusable: false; focused: false; selected: false; clickable: true; longClickable: false; enabled: true; password: false; scrollable: false; [ACTION_CLICK, ACTION_ACCESSIBILITY_FOCUS]
06-03 19:14:45.178 20242 20242 E AccessibilityNodeInfoCache: Disconneced node: android.view.accessibility.AccessibilityNodeInfo@527a1; boundsInParent: Rect(0, -1 - 185, 20); boundsInScreen: Rect(72, 603 - 349, 635); packageName: com.android.browser; className: android.view.View; text: null; contentDescription: Reload this webpage later; viewIdResName: null; checkable: false; checked: false; focusable: false; focused: false; selected: false; clickable: true; longClickable: false; enabled: true; password: false; scrollable: false; [ACTION_CLICK, ACTION_ACCESSIBILITY_FOCUS]
06-03 19:14:45.178 20242 20242 E AccessibilityNodeInfoCache: Disconneced node: android.view.accessibility.AccessibilityNodeInfo@527c0; boundsInParent: Rect(-18, 0 - -11, 21); boundsInScreen: Rect(45, 635 - 55, 666); packageName: com.android.browser; className: android.view.View; text: null; contentDescription: ; viewIdResName: null; checkable: false; checked: false; focusable: false; focused: false; selected: false; clickable: true; longClickable: false; enabled: true; password: false; scrollable: false; [ACTION_CLICK, ACTION_ACCESSIBILITY_FOCUS]
06-03 19:14:45.178 20242 20242 E AccessibilityNodeInfoCache: Disconneced node: android.view.accessibility.AccessibilityNodeInfo@527df; boundsInParent: Rect(0, -1 - 221, 20); boundsInScreen: Rect(72, 633 - 403, 665); packageName: com.android.browser; className: android.view.View; text: null; contentDescription: Check the address you entered; viewIdResName: null; checkable: false; checked: false; focusable: false; focused: false; selected: false; clickable: true; longClickable: false; enabled: true; password: false; scrollable: false; [ACTION_CLICK, ACTION_ACCESSIBILITY_FOCUS]
06-03 19:14:45.178 20242 20242 E AccessibilityInteractionClient: 18 Disconnected nodes.
06-03 19:14:45.188  1176  1176 D EGL_emulation: eglMakeCurrent: 0xb78e7980: ver 3 0
06-03 19:14:45.188  1176  1176 D EGL_emulation: eglMakeCurrent: 0xb78e7980: ver 3 0
06-03 19:14:45.198 20242 20242 E AccessibilityNodeInfoCache: Disconneced node: android.view.accessibility.AccessibilityNodeInfo@524b9; boundsInParent: Rect(0, 0 - 344, 456); boundsInScreen: Rect(0, 116 - 516, 800); packageName: com.android.browser; className: android.view.View; text: null; contentDescription: Webpage not available; viewIdResName: null; checkable: false; checked: false; focusable: true; focused: true; selected: false; clickable: false; longClickable: false; enabled: true; password: false; scrollable: true; [ACTION_CLEAR_FOCUS, ACTION_CLEAR_ACCESSIBILITY_FOCUS]
06-03 19:14:45.198 20242 20242 E AccessibilityNodeInfoCache: Disconneced node: android.view.accessibility.AccessibilityNodeInfo@52535; boundsInParent: Rect(0, 0 - 0, 0); boundsInScreen: Rect(0, 116 - 0, 116); packageName: com.android.browser; className: android.view.View; text: null; contentDescription: ; viewIdResName: null; checkable: false; checked: false; focusable: false; focused: false; selected: false; clickable: false; longClickable: false; enabled: true; password: false; scrollable: false; [ACTION_ACCESSIBILITY_FOCUS]
06-03 19:14:45.198 20242 20242 E AccessibilityNodeInfoCache: Disconneced node: android.view.accessibility.AccessibilityNodeInfo@52554; boundsInParent: Rect(8, 5 - 312, 34); boundsInScreen: Rect(12, 123 - 468, 167); packageName: com.android.browser; className: android.view.View; text: null; contentDescription: Webpage not available Heading; viewIdResName: null; checkable: false; checked: false; focusable: false; focused: false; selected: false; clickable: true; longClickable: false; enabled: true; password: false; scrollable: false; [ACTION_CLICK, ACTION_ACCESSIBILITY_FOCUS]
06-03 19:14:45.198 20242 20242 E AccessibilityNodeInfoCache: Disconneced node: android.view.accessibility.AccessibilityNodeInfo@52573; boundsInParent: Rect(8, 54 - 344, 235); boundsInScreen: Rect(12, 197 - 516, 468); packageName: com.android.browser; className: android.view.View; text: null; contentDescription: ; viewIdResName: null; checkable: false; checked: false; focusable: false; focused: false; selected: false; clickable: false; longClickable: false; enabled: true; password: false; scrollable: false; [ACTION_ACCESSIBILITY_FOCUS]
06-03 19:14:45.198 20242 20242 E AccessibilityNodeInfoCache: Disconneced node: android.view.accessibility.AccessibilityNodeInfo@52592; boundsInParent: Rect(8, 250 - 312, 271); boundsInScreen: Rect(12, 491 - 468, 522); packageName: com.android.browser; className: android.view.View; text: null; contentDescription: Suggestions:; viewIdResName: null; checkable: false; checked: false; focusable: false; focused: false; selected: false; clickable: true; longClickable: false; enabled: true; password: false; scrollable: false; [ACTION_CLICK, ACTION_ACCESSIBILITY_FOCUS]
06-03 19:14:45.198 20242 20242 D dalvikvm: GC_FOR_ALLOC freed 511K, 24% free 2869K/3756K, paused 1ms, total 1ms
06-03 19:14:45.198 20242 20242 E AccessibilityNodeInfoCache: Disconneced node: android.view.accessibility.AccessibilityNodeInfo@525b1; boundsInParent: Rect(8, 286 - 312, 367); boundsInScreen: Rect(12, 545 - 468, 666); packageName: com.android.browser; className: android.widget.ListView; text: null; contentDescription: ; viewIdResName: null; checkable: false; checked: false; focusable: false; focused: false; selected: false; clickable: false; longClickable: false; enabled: true; password: false; scrollable: false; [ACTION_ACCESSIBILITY_FOCUS]
06-03 19:14:45.198 20242 20242 E AccessibilityNodeInfoCache: Disconneced node: android.view.accessibility.AccessibilityNodeInfo@5262d; boundsInParent: Rect(0, -1 - 114, 20); boundsInScreen: Rect(12, 195 - 183, 227); packageName: com.android.browser; className: android.view.View; text: null; contentDescription: The webpage at; viewIdResName: null; checkable: false; checked: false; focusable: false; focused: false; selected: false; clickable: true; longClickable: false; enabled: true; password: false; scrollable: false; [ACTION_CLICK, ACTION_ACCESSIBILITY_FOCUS]
06-03 19:14:45.198 20242 20242 E AccessibilityNodeInfoCache: Disconneced node: android.view.accessibility.AccessibilityNodeInfo@5264c; boundsInParent: Rect(0, 19 - 336, 120); boundsInScreen: Rect(12, 225 - 516, 377); packageName: com.android.browser; className: android.view.View; text: null; contentDescription: http://www.google.com/search?redir_esc=&client=ms-android-google&hl=en-US&safe=images&q=address&source=android-unknown&qsubts=1591209027211&devloc=0 Link; viewIdResName: null; checkable: false; checked: false; focusable: true; focused: false; selected: false; clickable: true; longClickable: false; enabled: true; password: false; scrollable: false; [ACTION_FOCUS, ACTION_CLICK, ACTION_ACCESSIBILITY_FOCUS]
06-03 19:14:45.198 20242 20242 E AccessibilityNodeInfoCache: Disconneced node: android.view.accessibility.AccessibilityNodeInfo@5266b; boundsInParent: Rect(0, 119 - 297, 180); boundsInScreen: Rect(12, 375 - 457, 467); packageName: com.android.browser; className: android.view.View; text: null; contentDescription: might be temporarily down or it may have moved permanently to a new web address.; viewIdResName: null; checkable: false; checked: false; focusable: false; focused: false; selected: false; clickable: true; longClickable: false; enabled: true; password: false; scrollable: false; [ACTION_CLICK, ACTION_ACCESSIBILITY_FOCUS]
06-03 19:14:45.198  1176  1176 D EGL_emulation: eglMakeCurrent: 0xb78e7980: ver 3 0
06-03 19:14:45.198 20242 20242 E AccessibilityNodeInfoCache: Disconneced node: android.view.accessibility.AccessibilityNodeInfo@526e7; boundsInParent: Rect(40, 0 - 304, 41); boundsInScreen: Rect(72, 545 - 468, 606); packageName: com.android.browser; className: android.view.View; text: null; contentDescription: ; viewIdResName: null; checkable: false; checked: false; focusable: false; focused: false; selected: false; clickable: false; longClickable: false; enabled: true; password: false; scrollable: false; [ACTION_ACCESSIBILITY_FOCUS]
06-03 19:14:45.198 20242 20242 E AccessibilityNodeInfoCache: Disconneced node: android.view.accessibility.AccessibilityNodeInfo@52706; boundsInParent: Rect(40, 40 - 304, 61); boundsInScreen: Rect(72, 605 - 468, 636); packageName: com.android.browser; className: android.view.View; text: null; contentDescription: ; viewIdResName: null; checkable: false; checked: false; focusable: false; focused: false; selected: false; clickable: false; longClickable: false; enabled: true; password: false; scrollable: false; [ACTION_ACCESSIBILITY_FOCUS]
06-03 19:14:45.198 20242 20242 E AccessibilityNodeInfoCache: Disconneced node: android.view.accessibility.AccessibilityNodeInfo@52725; boundsInParent: Rect(40, 60 - 304, 81); boundsInScreen: Rect(72, 635 - 468, 666); packageName: com.android.browser; className: android.view.View; text: null; contentDescription: ; viewIdResName: null; checkable: false; checked: false; focusable: false; focused: false; selected: false; clickable: false; longClickable: false; enabled: true; password: false; scrollable: false; [ACTION_ACCESSIBILITY_FOCUS]
06-03 19:14:45.198 20242 20242 E AccessibilityNodeInfoCache: Disconneced node: android.view.accessibility.AccessibilityNodeInfo@52744; boundsInParent: Rect(-18, 0 - -11, 21); boundsInScreen: Rect(45, 545 - 55, 576); packageName: com.android.browser; className: android.view.View; text: null; contentDescription: ; viewIdResName: null; checkable: false; checked: false; focusable: false; focused: false; selected: false; clickable: true; longClickable: false; enabled: true; password: false; scrollable: false; [ACTION_CLICK, ACTION_ACCESSIBILITY_FOCUS]
06-03 19:14:45.208 20242 20242 E AccessibilityNodeInfoCache: Disconneced node: android.view.accessibility.AccessibilityNodeInfo@52763; boundsInParent: Rect(0, -1 - 192, 40); boundsInScreen: Rect(72, 543 - 360, 605); packageName: com.android.browser; className: android.view.View; text: null; contentDescription: Make sure you have a data connection; viewIdResName: null; checkable: false; checked: false; focusable: false; focused: false; selected: false; clickable: true; longClickable: false; enabled: true; password: false; scrollable: false; [ACTION_CLICK, ACTION_ACCESSIBILITY_FOCUS]
06-03 19:14:45.208 20242 20242 E AccessibilityNodeInfoCache: Disconneced node: android.view.accessibility.AccessibilityNodeInfo@52782; boundsInParent: Rect(-18, 0 - -11, 21); boundsInScreen: Rect(45, 605 - 55, 636); packageName: com.android.browser; className: android.view.View; text: null; contentDescription: ; viewIdResName: null; checkable: false; checked: false; focusable: false; focused: false; selected: false; clickable: true; longClickable: false; enabled: true; password: false; scrollable: false; [ACTION_CLICK, ACTION_ACCESSIBILITY_FOCUS]
06-03 19:14:45.208 20242 20242 E AccessibilityNodeInfoCache: Disconneced node: android.view.accessibility.AccessibilityNodeInfo@527a1; boundsInParent: Rect(0, -1 - 185, 20); boundsInScreen: Rect(72, 603 - 349, 635); packageName: com.android.browser; className: android.view.View; text: null; contentDescription: Reload this webpage later; viewIdResName: null; checkable: false; checked: false; focusable: false; focused: false; selected: false; clickable: true; longClickable: false; enabled: true; password: false; scrollable: false; [ACTION_CLICK, ACTION_ACCESSIBILITY_FOCUS]
06-03 19:14:45.208 20242 20242 E AccessibilityNodeInfoCache: Disconneced node: android.view.accessibility.AccessibilityNodeInfo@527c0; boundsInParent: Rect(-18, 0 - -11, 21); boundsInScreen: Rect(45, 635 - 55, 666); packageName: com.android.browser; className: android.view.View; text: null; contentDescription: ; viewIdResName: null; checkable: false; checked: false; focusable: false; focused: false; selected: false; clickable: true; longClickable: false; enabled: true; password: false; scrollable: false; [ACTION_CLICK, ACTION_ACCESSIBILITY_FOCUS]
06-03 19:14:45.208 20242 20242 E AccessibilityNodeInfoCache: Disconneced node: android.view.accessibility.AccessibilityNodeInfo@527df; boundsInParent: Rect(0, -1 - 221, 20); boundsInScreen: Rect(72, 633 - 403, 665); packageName: com.android.browser; className: android.view.View; text: null; contentDescription: Check the address you entered; viewIdResName: null; checkable: false; checked: false; focusable: false; focused: false; selected: false; clickable: true; longClickable: false; enabled: true; password: false; scrollable: false; [ACTION_CLICK, ACTION_ACCESSIBILITY_FOCUS]
06-03 19:14:45.208  1176  1176 D EGL_emulation: eglMakeCurrent: 0xb78e7980: ver 3 0
06-03 19:14:45.208 20242 20242 E AccessibilityInteractionClient: 18 Disconnected nodes.
06-03 19:14:45.218  1176  1176 D EGL_emulation: eglMakeCurrent: 0xb78e7980: ver 3 0
06-03 19:14:45.218 20242 20637 D dalvikvm: GC_FOR_ALLOC freed 445K, 22% free 2929K/3756K, paused 1ms, total 1ms
06-03 19:14:45.218  1176  1176 D EGL_emulation: eglMakeCurrent: 0xb78e7980: ver 3 0
