06-03 19:14:51.878 20849 20849 I Input   : injectMotionEvent: MotionEvent { action=ACTION_MOVE, id[0]=0, x[0]=438.0, y[0]=74.0, toolType[0]=TOOL_TYPE_UNKNOWN, buttonState=0, metaState=0, flags=0x0, edgeFlags=0x0, pointerCount=1, historySize=0, eventTime=14607019, downTime=14607019, deviceId=0, source=0x1002 }
06-03 19:14:51.898 20849 20849 I Input   : injectMotionEvent: MotionEvent { action=ACTION_MOVE, id[0]=0, x[0]=438.0, y[0]=74.0, toolType[0]=TOOL_TYPE_UNKNOWN, buttonState=0, metaState=0, flags=0x0, edgeFlags=0x0, pointerCount=1, historySize=0, eventTime=14607036, downTime=14607036, deviceId=0, source=0x1002 }
06-03 19:14:51.918 20849 20849 I Input   : injectMotionEvent: MotionEvent { action=ACTION_MOVE, id[0]=0, x[0]=438.0, y[0]=74.0, toolType[0]=TOOL_TYPE_UNKNOWN, buttonState=0, metaState=0, flags=0x0, edgeFlags=0x0, pointerCount=1, historySize=0, eventTime=14607054, downTime=14607054, deviceId=0, source=0x1002 }
06-03 19:14:51.938 20849 20849 I Input   : injectMotionEvent: MotionEvent { action=ACTION_UP, id[0]=0, x[0]=438.0, y[0]=74.0, toolType[0]=TOOL_TYPE_UNKNOWN, buttonState=0, metaState=0, flags=0x0, edgeFlags=0x0, pointerCount=1, historySize=0, eventTime=14607070, downTime=14607070, deviceId=0, source=0x1002 }
06-03 19:14:51.938 20849 20849 D AndroidRuntime: Shutting down VM
06-03 19:14:51.938 20242 20242 E AccessibilityNodeInfoCache: Disconneced node: android.view.accessibility.AccessibilityNodeInfo@524b9; boundsInParent: Rect(0, 0 - 344, 456); boundsInScreen: Rect(0, 116 - 516, 800); packageName: com.android.browser; className: android.view.View; text: null; contentDescription: Webpage not available; viewIdResName: null; checkable: false; checked: false; focusable: true; focused: true; selected: false; clickable: false; longClickable: false; enabled: true; password: false; scrollable: true; [ACTION_CLEAR_FOCUS, ACTION_CLEAR_ACCESSIBILITY_FOCUS]
06-03 19:14:51.938 20242 20242 E AccessibilityNodeInfoCache: Disconneced node: android.view.accessibility.AccessibilityNodeInfo@52535; boundsInParent: Rect(0, 0 - 0, 0); boundsInScreen: Rect(0, 116 - 0, 116); packageName: com.android.browser; className: android.view.View; text: null; contentDescription: ; viewIdResName: null; checkable: false; checked: false; focusable: false; focused: false; selected: false; clickable: false; longClickable: false; enabled: true; password: false; scrollable: false; [ACTION_ACCESSIBILITY_FOCUS]
06-03 19:14:51.938 20242 20242 E AccessibilityNodeInfoCache: Disconneced node: android.view.accessibility.AccessibilityNodeInfo@52554; boundsInParent: Rect(8, 5 - 312, 34); boundsInScreen: Rect(12, 123 - 468, 167); packageName: com.android.browser; className: android.view.View; text: null; contentDescription: Webpage not available Heading; viewIdResName: null; checkable: false; checked: false; focusable: false; focused: false; selected: false; clickable: true; longClickable: false; enabled: true; password: false; scrollable: false; [ACTION_CLICK, ACTION_ACCESSIBILITY_FOCUS]
06-03 19:14:51.938 20242 20242 E AccessibilityNodeInfoCache: Disconneced node: android.view.accessibility.AccessibilityNodeInfo@52573; boundsInParent: Rect(8, 54 - 344, 235); boundsInScreen: Rect(12, 197 - 516, 468); packageName: com.android.browser; className: android.view.View; text: null; contentDescription: ; viewIdResName: null; checkable: false; checked: false; focusable: false; focused: false; selected: false; clickable: false; longClickable: false; enabled: true; password: false; scrollable: false; [ACTION_ACCESSIBILITY_FOCUS]
06-03 19:14:51.938 20242 20242 E AccessibilityNodeInfoCache: Disconneced node: android.view.accessibility.AccessibilityNodeInfo@52592; boundsInParent: Rect(8, 250 - 312, 271); boundsInScreen: Rect(12, 491 - 468, 522); packageName: com.android.browser; className: android.view.View; text: null; contentDescription: Suggestions:; viewIdResName: null; checkable: false; checked: false; focusable: false; focused: false; selected: false; clickable: true; longClickable: false; enabled: true; password: false; scrollable: false; [ACTION_CLICK, ACTION_ACCESSIBILITY_FOCUS]
06-03 19:14:51.938 20242 20242 E AccessibilityNodeInfoCache: Disconneced node: android.view.accessibility.AccessibilityNodeInfo@525b1; boundsInParent: Rect(8, 286 - 312, 367); boundsInScreen: Rect(12, 545 - 468, 666); packageName: com.android.browser; className: android.widget.ListView; text: null; contentDescription: ; viewIdResName: null; checkable: false; checked: false; focusable: false; focused: false; selected: false; clickable: false; longClickable: false; enabled: true; password: false; scrollable: false; [ACTION_ACCESSIBILITY_FOCUS]
06-03 19:14:51.938 20242 20242 E AccessibilityNodeInfoCache: Disconneced node: android.view.accessibility.AccessibilityNodeInfo@5262d; boundsInParent: Rect(0, -1 - 114, 20); boundsInScreen: Rect(12, 195 - 183, 227); packageName: com.android.browser; className: android.view.View; text: null; contentDescription: The webpage at; viewIdResName: null; checkable: false; checked: false; focusable: false; focused: false; selected: false; clickable: true; longClickable: false; enabled: true; password: false; scrollable: false; [ACTION_CLICK, ACTION_ACCESSIBILITY_FOCUS]
06-03 19:14:51.938 20242 20242 E AccessibilityNodeInfoCache: Disconneced node: android.view.accessibility.AccessibilityNodeInfo@5264c; boundsInParent: Rect(0, 19 - 336, 120); boundsInScreen: Rect(12, 225 - 516, 377); packageName: com.android.browser; className: android.view.View; text: null; contentDescription: http://www.google.com/search?redir_esc=&client=ms-android-google&hl=en-US&safe=images&q=address&source=android-unknown&qsubts=1591209027211&devloc=0 Link; viewIdResName: null; checkable: false; checked: false; focusable: true; focused: false; selected: false; clickable: true; longClickable: false; enabled: true; password: false; scrollable: false; [ACTION_FOCUS, ACTION_CLICK, ACTION_ACCESSIBILITY_FOCUS]
06-03 19:14:51.938 20242 20242 E AccessibilityNodeInfoCache: Disconneced node: android.view.accessibility.AccessibilityNodeInfo@5266b; boundsInParent: Rect(0, 119 - 297, 180); boundsInScreen: Rect(12, 375 - 457, 467); packageName: com.android.browser; className: android.view.View; text: null; contentDescription: might be temporarily down or it may have moved permanently to a new web address.; viewIdResName: null; checkable: false; checked: false; focusable: false; focused: false; selected: false; clickable: true; longClickable: false; enabled: true; password: false; scrollable: false; [ACTION_CLICK, ACTION_ACCESSIBILITY_FOCUS]
06-03 19:14:51.938 20242 20242 E AccessibilityNodeInfoCache: Disconneced node: android.view.accessibility.AccessibilityNodeInfo@526e7; boundsInParent: Rect(40, 0 - 304, 41); boundsInScreen: Rect(72, 545 - 468, 606); packageName: com.android.browser; className: android.view.View; text: null; contentDescription: ; viewIdResName: null; checkable: false; checked: false; focusable: false; focused: false; selected: false; clickable: false; longClickable: false; enabled: true; password: false; scrollable: false; [ACTION_ACCESSIBILITY_FOCUS]
06-03 19:14:51.938 20242 20242 E AccessibilityNodeInfoCache: Disconneced node: android.view.accessibility.AccessibilityNodeInfo@52706; boundsInParent: Rect(40, 40 - 304, 61); boundsInScreen: Rect(72, 605 - 468, 636); packageName: com.android.browser; className: android.view.View; text: null; contentDescription: ; viewIdResName: null; checkable: false; checked: false; focusable: false; focused: false; selected: false; clickable: false; longClickable: false; enabled: true; password: false; scrollable: false; [ACTION_ACCESSIBILITY_FOCUS]
06-03 19:14:51.938 20242 20242 E AccessibilityNodeInfoCache: Disconneced node: android.view.accessibility.AccessibilityNodeInfo@52725; boundsInParent: Rect(40, 60 - 304, 81); boundsInScreen: Rect(72, 635 - 468, 666); packageName: com.android.browser; className: android.view.View; text: null; contentDescription: ; viewIdResName: null; checkable: false; checked: false; focusable: false; focused: false; selected: false; clickable: false; longClickable: false; enabled: true; password: false; scrollable: false; [ACTION_ACCESSIBILITY_FOCUS]
06-03 19:14:51.938 20242 20242 E AccessibilityNodeInfoCache: Disconneced node: android.view.accessibility.AccessibilityNodeInfo@52744; boundsInParent: Rect(-18, 0 - -11, 21); boundsInScreen: Rect(45, 545 - 55, 576); packageName: com.android.browser; className: android.view.View; text: null; contentDescription: ; viewIdResName: null; checkable: false; checked: false; focusable: false; focused: false; selected: false; clickable: true; longClickable: false; enabled: true; password: false; scrollable: false; [ACTION_CLICK, ACTION_ACCESSIBILITY_FOCUS]
06-03 19:14:51.938 20242 20242 E AccessibilityNodeInfoCache: Disconneced node: android.view.accessibility.AccessibilityNodeInfo@52763; boundsInParent: Rect(0, -1 - 192, 40); boundsInScreen: Rect(72, 543 - 360, 605); packageName: com.android.browser; className: android.view.View; text: null; contentDescription: Make sure you have a data connection; viewIdResName: null; checkable: false; checked: false; focusable: false; focused: false; selected: false; clickable: true; longClickable: false; enabled: true; password: false; scrollable: false; [ACTION_CLICK, ACTION_ACCESSIBILITY_FOCUS]
06-03 19:14:51.938 20242 20242 E AccessibilityNodeInfoCache: Disconneced node: android.view.accessibility.AccessibilityNodeInfo@52782; boundsInParent: Rect(-18, 0 - -11, 21); boundsInScreen: Rect(45, 605 - 55, 636); packageName: com.android.browser; className: android.view.View; text: null; contentDescription: ; viewIdResName: null; checkable: false; checked: false; focusable: false; focused: false; selected: false; clickable: true; longClickable: false; enabled: true; password: false; scrollable: false; [ACTION_CLICK, ACTION_ACCESSIBILITY_FOCUS]
06-03 19:14:51.938 20242 20242 E AccessibilityNodeInfoCache: Disconneced node: android.view.accessibility.AccessibilityNodeInfo@527a1; boundsInParent: Rect(0, -1 - 185, 20); boundsInScreen: Rect(72, 603 - 349, 635); packageName: com.android.browser; className: android.view.View; text: null; contentDescription: Reload this webpage later; viewIdResName: null; checkable: false; checked: false; focusable: false; focused: false; selected: false; clickable: true; longClickable: false; enabled: true; password: false; scrollable: false; [ACTION_CLICK, ACTION_ACCESSIBILITY_FOCUS]
06-03 19:14:51.938 20242 20242 E AccessibilityNodeInfoCache: Disconneced node: android.view.accessibility.AccessibilityNodeInfo@527c0; boundsInParent: Rect(-18, 0 - -11, 21); boundsInScreen: Rect(45, 635 - 55, 666); packageName: com.android.browser; className: android.view.View; text: null; contentDescription: ; viewIdResName: null; checkable: false; checked: false; focusable: false; focused: false; selected: false; clickable: true; longClickable: false; enabled: true; password: false; scrollable: false; [ACTION_CLICK, ACTION_ACCESSIBILITY_FOCUS]
06-03 19:14:51.938 20242 20242 E AccessibilityNodeInfoCache: Disconneced node: android.view.accessibility.AccessibilityNodeInfo@527df; boundsInParent: Rect(0, -1 - 221, 20); boundsInScreen: Rect(72, 633 - 403, 665); packageName: com.android.browser; className: android.view.View; text: null; contentDescription: Check the address you entered; viewIdResName: null; checkable: false; checked: false; focusable: false; focused: false; selected: false; clickable: true; longClickable: false; enabled: true; password: false; scrollable: false; [ACTION_CLICK, ACTION_ACCESSIBILITY_FOCUS]
06-03 19:14:51.938  1603  1681 E SoundPool: error loading /system/media/audio/ui/Effect_Tick.ogg
06-03 19:14:51.938  1603  1681 W AudioService: Soundpool could not load file: /system/media/audio/ui/Effect_Tick.ogg
06-03 19:14:51.938  1603  1681 E SoundPool: error loading /system/media/audio/ui/Effect_Tick.ogg
06-03 19:14:51.938  1603  1681 W AudioService: Soundpool could not load file: /system/media/audio/ui/Effect_Tick.ogg
06-03 19:14:51.938  1603  1681 E SoundPool: error loading /system/media/audio/ui/Effect_Tick.ogg
06-03 19:14:51.938  1603  1681 W AudioService: Soundpool could not load file: /system/media/audio/ui/Effect_Tick.ogg
06-03 19:14:51.938  1603  1681 E SoundPool: error loading /system/media/audio/ui/Effect_Tick.ogg
06-03 19:14:51.938  1603  1681 W AudioService: Soundpool could not load file: /system/media/audio/ui/Effect_Tick.ogg
06-03 19:14:51.938  1603  1681 E SoundPool: error loading /system/media/audio/ui/Effect_Tick.ogg
06-03 19:14:51.938  1603  1681 W AudioService: Soundpool could not load file: /system/media/audio/ui/Effect_Tick.ogg
06-03 19:14:51.938  1603  1681 E SoundPool: error loading /system/media/audio/ui/KeypressStandard.ogg
06-03 19:14:51.938  1603  1681 W AudioService: Soundpool could not load file: /system/media/audio/ui/KeypressStandard.ogg
06-03 19:14:51.938  1603  1681 E SoundPool: error loading /system/media/audio/ui/KeypressSpacebar.ogg
06-03 19:14:51.938  1603  1681 W AudioService: Soundpool could not load file: /system/media/audio/ui/KeypressSpacebar.ogg
06-03 19:14:51.938  1603  1681 E SoundPool: error loading /system/media/audio/ui/KeypressDelete.ogg
06-03 19:14:51.938  1603  1681 W AudioService: Soundpool could not load file: /system/media/audio/ui/KeypressDelete.ogg
06-03 19:14:51.938  1603  1681 E SoundPool: error loading /system/media/audio/ui/KeypressReturn.ogg
06-03 19:14:51.938  1603  1681 W AudioService: Soundpool could not load file: /system/media/audio/ui/KeypressReturn.ogg
06-03 19:14:51.938  1603  1681 E SoundPool: error loading /system/media/audio/ui/KeypressInvalid.ogg
06-03 19:14:51.938  1603  1681 W AudioService: Soundpool could not load file: /system/media/audio/ui/KeypressInvalid.ogg
06-03 19:14:51.938  1603  1681 W AudioService: onLoadSoundEffects(), Error -1 while loading samples
06-03 19:14:51.938  7196  7196 D WebViewTimersControl: onBrowserActivityPause
06-03 19:14:51.938  7196  7196 D WebViewTimersControl: Pausing webview timers, view=com.android.browser.BrowserWebView{ad48d3d8 VFEDHVCL .F...... 0,0-480,684}
06-03 19:14:51.938  1603  1923 I ActivityManager: START u0 {act=android.intent.action.WEB_SEARCH cmp=com.google.android.googlequicksearchbox/com.google.android.searchcommon.google.GoogleSearch (has extras)} from pid 7196
06-03 19:14:51.948 20849 20854 D dalvikvm: GC_CONCURRENT freed 137K, 20% free 558K/696K, paused 0ms+0ms, total 0ms
06-03 19:14:51.948  2469  2469 I QSB.GoogleSearch: Got intent: #Intent;action=android.intent.action.WEB_SEARCH;launchFlags=0x800000;component=com.google.android.googlequicksearchbox/com.google.android.searchcommon.google.GoogleSearch;S.com.android.browser.application_id=com.android.browser;S.query=address;B.new_search=true;end
06-03 19:14:51.948 20242 20242 E AccessibilityInteractionClient: 18 Disconnected nodes.
06-03 19:14:51.948  2469  2493 E ActivityThread: Failed to find provider info for com.google.android.partnersetup.rlzappprovider
06-03 19:14:51.958  2469  2469 W Search.SearchUrlHelper: URL param or header written twice. Key: redir_esc, old value: "" new value: ""
06-03 19:14:51.958  2469  2469 W Search.SearchUrlHelper: java.lang.Throwable
06-03 19:14:51.958  2469  2469 W Search.SearchUrlHelper: 	at com.google.android.searchcommon.google.SearchUrlHelper$Builder.putAndCheck(SearchUrlHelper.java:1939)
06-03 19:14:51.958  2469  2469 W Search.SearchUrlHelper: 	at com.google.android.searchcommon.google.SearchUrlHelper$Builder.putParam(SearchUrlHelper.java:1945)
06-03 19:14:51.958  2469  2469 W Search.SearchUrlHelper: 	at com.google.android.searchcommon.google.SearchUrlHelper$Builder.setStaticParams(SearchUrlHelper.java:2189)
06-03 19:14:51.958  2469  2469 W Search.SearchUrlHelper: 	at com.google.android.searchcommon.google.SearchUrlHelper$Builder.setStaticParams(SearchUrlHelper.java:2182)
06-03 19:14:51.958  2469  2469 W Search.SearchUrlHelper: 	at com.google.android.searchcommon.google.GoogleSearch.createLaunchUriIntentFromSearchIntent(GoogleSearch.java:114)
06-03 19:14:51.958  2469  2469 W Search.SearchUrlHelper: 	at com.google.android.searchcommon.google.GoogleSearch.handleWebSearchIntent(GoogleSearch.java:155)
06-03 19:14:51.958  2469  2469 W Search.SearchUrlHelper: 	at com.google.android.searchcommon.google.GoogleSearch.onCreate(GoogleSearch.java:68)
06-03 19:14:51.958  2469  2469 W Search.SearchUrlHelper: 	at android.app.Activity.performCreate(Activity.java:5231)
06-03 19:14:51.958  2469  2469 W Search.SearchUrlHelper: 	at android.app.Instrumentation.callActivityOnCreate(Instrumentation.java:1087)
06-03 19:14:51.958  2469  2469 W Search.SearchUrlHelper: 	at android.app.ActivityThread.performLaunchActivity(ActivityThread.java:2159)
06-03 19:14:51.958  2469  2469 W Search.SearchUrlHelper: 	at android.app.ActivityThread.handleLaunchActivity(ActivityThread.java:2245)
06-03 19:14:51.958  2469  2469 W Search.SearchUrlHelper: 	at android.app.ActivityThread.access$800(ActivityThread.java:135)
06-03 19:14:51.958  2469  2469 W Search.SearchUrlHelper: 	at android.app.ActivityThread$H.handleMessage(ActivityThread.java:1196)
06-03 19:14:51.958  2469  2469 W Search.SearchUrlHelper: 	at android.os.Handler.dispatchMessage(Handler.java:102)
06-03 19:14:51.958  2469  2469 W Search.SearchUrlHelper: 	at android.os.Looper.loop(Looper.java:136)
06-03 19:14:51.958  2469  2469 W Search.SearchUrlHelper: 	at android.app.ActivityThread.main(ActivityThread.java:5017)
06-03 19:14:51.958  2469  2469 W Search.SearchUrlHelper: 	at java.lang.reflect.Method.invokeNative(Native Method)
06-03 19:14:51.958  2469  2469 W Search.SearchUrlHelper: 	at java.lang.reflect.Method.invoke(Method.java:515)
06-03 19:14:51.958  2469  2469 W Search.SearchUrlHelper: 	at com.android.internal.os.ZygoteInit$MethodAndArgsCaller.run(ZygoteInit.java:779)
06-03 19:14:51.958  2469  2469 W Search.SearchUrlHelper: 	at com.android.internal.os.ZygoteInit.main(ZygoteInit.java:595)
06-03 19:14:51.958  2469  2469 W Search.SearchUrlHelper: 	at dalvik.system.NativeStart.main(Native Method)
06-03 19:14:51.958  2469  2469 W Search.SearchUrlHelper: Auth token not ready, no auth header set.
06-03 19:14:51.958  2469  2469 I QSB.GoogleSearch: Launching intent: http://www.google.com/search?redir_esc=&client=ms-android-google&hl=en-US&safe=images&q=address&source=android-unknown&qsubts=1591222491955&devloc=0#Intent;action=android.intent.action.VIEW;launchFlags=0x10000000;S.com.android.browser.application_id=com.android.browser;B.create_new_tab=true;end
06-03 19:14:51.958  1603  1921 I ActivityManager: START u0 {act=android.intent.action.VIEW dat=http://www.google.com/search?redir_esc=&client=ms-android-google&hl=en-US&safe=images&q=address&source=android-unknown&qsubts=1591222491955&devloc=0 flg=0x10000000 cmp=com.android.browser/.BrowserActivity (has extras)} from pid 2469
06-03 19:14:51.968  1176  1176 D EGL_emulation: eglMakeCurrent: 0xb78e7980: ver 3 0
06-03 19:14:51.968  1603  1870 W ActivityManager: Duplicate finish request for ActivityRecord{ad0e3478 u0 com.google.android.googlequicksearchbox/com.google.android.searchcommon.google.GoogleSearch t18 f}
06-03 19:14:51.978  1176  1176 D EGL_emulation: eglMakeCurrent: 0xb78e7980: ver 3 0
06-03 19:14:51.988  1176  1176 D EGL_emulation: eglMakeCurrent: 0xb78e7980: ver 3 0
06-03 19:14:51.988  1176  1176 D EGL_emulation: eglMakeCurrent: 0xb78e7980: ver 3 0
06-03 19:14:51.988  7196  7196 D EGL_emulation: eglMakeCurrent: 0xb95396c0: ver 3 0
06-03 19:14:51.988  1603  1723 W InputMethodManagerService: Window already focused, ignoring focus gain of: com.android.internal.view.IInputMethodClient$Stub$Proxy@ad12af68 attribute=null, token = android.os.BinderProxy@ad7aadb8
06-03 19:14:51.998  7196  7196 D EGL_emulation: eglMakeCurrent: 0xb95396c0: ver 3 0
06-03 19:14:51.998  1176  1176 D EGL_emulation: eglMakeCurrent: 0xb78e7980: ver 3 0
06-03 19:14:52.008  1176  1176 D EGL_emulation: eglMakeCurrent: 0xb78e7980: ver 3 0
06-03 19:14:52.018  7196  7196 D dalvikvm: GC_FOR_ALLOC freed 921K, 20% free 7809K/9744K, paused 5ms, total 5ms
06-03 19:14:52.018  7196  7196 D EGL_emulation: eglMakeCurrent: 0xb95396c0: ver 3 0
06-03 19:14:52.038  1176  1176 D EGL_emulation: eglMakeCurrent: 0xb78e7980: ver 3 0
06-03 19:14:52.038  1176  1176 D EGL_emulation: eglMakeCurrent: 0xb78e7980: ver 3 0
06-03 19:14:52.048  1176  1176 D EGL_emulation: eglMakeCurrent: 0xb78e7980: ver 3 0
06-03 19:14:52.058  1176  1176 D EGL_emulation: eglMakeCurrent: 0xb78e7980: ver 3 0
06-03 19:14:52.068  7196  7196 I TextToSpeech: Sucessfully bound to com.svox.pico
06-03 19:14:52.068  7196  7196 E SelfBrailleClient: Failed to bind to service
06-03 19:14:52.068  1176  1176 D EGL_emulation: eglMakeCurrent: 0xb78e7980: ver 3 0
06-03 19:14:52.068  1176  1176 D EGL_emulation: eglMakeCurrent: 0xb78e7980: ver 3 0
06-03 19:14:52.068  7196  7196 D WebViewTimersControl: onBrowserActivityResume
06-03 19:14:52.068  7196  7196 D WebViewTimersControl: Resuming webview timers, view=com.android.browser.BrowserWebView{ad4bbaf0 VFEDHVCL .F....I. 0,0-0,0}
06-03 19:14:52.068  1603  1843 W ActivityManager: Unable to start service Intent { act=com.android.org.chromium.com.googlecode.eyesfree.braille.service.ACTION_SELF_BRAILLE_SERVICE pkg=com.android.org.chromium.com.googlecode.eyesfree.brailleback } U=0: not found
06-03 19:14:52.088  1176  1176 D EGL_emulation: eglMakeCurrent: 0xb78e7980: ver 3 0
06-03 19:14:52.088  7196  7196 W AwContents: nativeOnDraw failed; clearing to background color.
06-03 19:14:52.088  1176  1176 D EGL_emulation: eglMakeCurrent: 0xb78e7980: ver 3 0
06-03 19:14:52.088 20242 20242 D dalvikvm: GC_FOR_ALLOC freed 538K, 22% free 2944K/3756K, paused 2ms, total 2ms
06-03 19:14:52.098 20242 20242 E AccessibilityNodeInfoCache: Disconneced node: android.view.accessibility.AccessibilityNodeInfo@524b9; boundsInParent: Rect(0, 0 - 344, 456); boundsInScreen: Rect(0, 116 - 516, 800); packageName: com.android.browser; className: android.view.View; text: null; contentDescription: Webpage not available; viewIdResName: null; checkable: false; checked: false; focusable: true; focused: true; selected: false; clickable: false; longClickable: false; enabled: true; password: false; scrollable: true; [ACTION_CLEAR_FOCUS, ACTION_CLEAR_ACCESSIBILITY_FOCUS]
06-03 19:14:52.098 20242 20242 E AccessibilityNodeInfoCache: Disconneced node: android.view.accessibility.AccessibilityNodeInfo@52535; boundsInParent: Rect(0, 0 - 0, 0); boundsInScreen: Rect(0, 116 - 0, 116); packageName: com.android.browser; className: android.view.View; text: null; contentDescription: ; viewIdResName: null; checkable: false; checked: false; focusable: false; focused: false; selected: false; clickable: false; longClickable: false; enabled: true; password: false; scrollable: false; [ACTION_ACCESSIBILITY_FOCUS]
06-03 19:14:52.098 20242 20242 E AccessibilityNodeInfoCache: Disconneced node: android.view.accessibility.AccessibilityNodeInfo@52554; boundsInParent: Rect(8, 5 - 312, 34); boundsInScreen: Rect(12, 123 - 468, 167); packageName: com.android.browser; className: android.view.View; text: null; contentDescription: Webpage not available Heading; viewIdResName: null; checkable: false; checked: false; focusable: false; focused: false; selected: false; clickable: true; longClickable: false; enabled: true; password: false; scrollable: false; [ACTION_CLICK, ACTION_ACCESSIBILITY_FOCUS]
06-03 19:14:52.098 20242 20242 E AccessibilityNodeInfoCache: Disconneced node: android.view.accessibility.AccessibilityNodeInfo@52573; boundsInParent: Rect(8, 54 - 344, 235); boundsInScreen: Rect(12, 197 - 516, 468); packageName: com.android.browser; className: android.view.View; text: null; contentDescription: ; viewIdResName: null; checkable: false; checked: false; focusable: false; focused: false; selected: false; clickable: false; longClickable: false; enabled: true; password: false; scrollable: false; [ACTION_ACCESSIBILITY_FOCUS]
06-03 19:14:52.098 20242 20242 E AccessibilityNodeInfoCache: Disconneced node: android.view.accessibility.AccessibilityNodeInfo@52592; boundsInParent: Rect(8, 250 - 312, 271); boundsInScreen: Rect(12, 491 - 468, 522); packageName: com.android.browser; className: android.view.View; text: null; contentDescription: Suggestions:; viewIdResName: null; checkable: false; checked: false; focusable: false; focused: false; selected: false; clickable: true; longClickable: false; enabled: true; password: false; scrollable: false; [ACTION_CLICK, ACTION_ACCESSIBILITY_FOCUS]
06-03 19:14:52.098 20242 20242 E AccessibilityNodeInfoCache: Disconneced node: android.view.accessibility.AccessibilityNodeInfo@525b1; boundsInParent: Rect(8, 286 - 312, 367); boundsInScreen: Rect(12, 545 - 468, 666); packageName: com.android.browser; className: android.widget.ListView; text: null; contentDescription: ; viewIdResName: null; checkable: false; checked: false; focusable: false; focused: false; selected: false; clickable: false; longClickable: false; enabled: true; password: false; scrollable: false; [ACTION_ACCESSIBILITY_FOCUS]
06-03 19:14:52.098 20242 20242 E AccessibilityNodeInfoCache: Disconneced node: android.view.accessibility.AccessibilityNodeInfo@5262d; boundsInParent: Rect(0, -1 - 114, 20); boundsInScreen: Rect(12, 195 - 183, 227); packageName: com.android.browser; className: android.view.View; text: null; contentDescription: The webpage at; viewIdResName: null; checkable: false; checked: false; focusable: false; focused: false; selected: false; clickable: true; longClickable: false; enabled: true; password: false; scrollable: false; [ACTION_CLICK, ACTION_ACCESSIBILITY_FOCUS]
06-03 19:14:52.098 20242 20242 E AccessibilityNodeInfoCache: Disconneced node: android.view.accessibility.AccessibilityNodeInfo@5264c; boundsInParent: Rect(0, 19 - 336, 120); boundsInScreen: Rect(12, 225 - 516, 377); packageName: com.android.browser; className: android.view.View; text: null; contentDescription: http://www.google.com/search?redir_esc=&client=ms-android-google&hl=en-US&safe=images&q=address&source=android-unknown&qsubts=1591209027211&devloc=0 Link; viewIdResName: null; checkable: false; checked: false; focusable: true; focused: false; selected: false; clickable: true; longClickable: false; enabled: true; password: false; scrollable: false; [ACTION_FOCUS, ACTION_CLICK, ACTION_ACCESSIBILITY_FOCUS]
06-03 19:14:52.098 20242 20242 E AccessibilityNodeInfoCache: Disconneced node: android.view.accessibility.AccessibilityNodeInfo@5266b; boundsInParent: Rect(0, 119 - 297, 180); boundsInScreen: Rect(12, 375 - 457, 467); packageName: com.android.browser; className: android.view.View; text: null; contentDescription: might be temporarily down or it may have moved permanently to a new web address.; viewIdResName: null; checkable: false; checked: false; focusable: false; focused: false; selected: false; clickable: true; longClickable: false; enabled: true; password: false; scrollable: false; [ACTION_CLICK, ACTION_ACCESSIBILITY_FOCUS]
06-03 19:14:52.098 20242 20242 E AccessibilityNodeInfoCache: Disconneced node: android.view.accessibility.AccessibilityNodeInfo@526e7; boundsInParent: Rect(40, 0 - 304, 41); boundsInScreen: Rect(72, 545 - 468, 606); packageName: com.android.browser; className: android.view.View; text: null; contentDescription: ; viewIdResName: null; checkable: false; checked: false; focusable: false; focused: false; selected: false; clickable: false; longClickable: false; enabled: true; password: false; scrollable: false; [ACTION_ACCESSIBILITY_FOCUS]
06-03 19:14:52.098 20242 20242 E AccessibilityNodeInfoCache: Disconneced node: android.view.accessibility.AccessibilityNodeInfo@52706; boundsInParent: Rect(40, 40 - 304, 61); boundsInScreen: Rect(72, 605 - 468, 636); packageName: com.android.browser; className: android.view.View; text: null; contentDescription: ; viewIdResName: null; checkable: false; checked: false; focusable: false; focused: false; selected: false; clickable: false; longClickable: false; enabled: true; password: false; scrollable: false; [ACTION_ACCESSIBILITY_FOCUS]
06-03 19:14:52.098 20242 20242 E AccessibilityNodeInfoCache: Disconneced node: android.view.accessibility.AccessibilityNodeInfo@52725; boundsInParent: Rect(40, 60 - 304, 81); boundsInScreen: Rect(72, 635 - 468, 666); packageName: com.android.browser; className: android.view.View; text: null; contentDescription: ; viewIdResName: null; checkable: false; checked: false; focusable: false; focused: false; selected: false; clickable: false; longClickable: false; enabled: true; password: false; scrollable: false; [ACTION_ACCESSIBILITY_FOCUS]
06-03 19:14:52.098 20242 20242 E AccessibilityNodeInfoCache: Disconneced node: android.view.accessibility.AccessibilityNodeInfo@52744; boundsInParent: Rect(-18, 0 - -11, 21); boundsInScreen: Rect(45, 545 - 55, 576); packageName: com.android.browser; className: android.view.View; text: null; contentDescription: ; viewIdResName: null; checkable: false; checked: false; focusable: false; focused: false; selected: false; clickable: true; longClickable: false; enabled: true; password: false; scrollable: false; [ACTION_CLICK, ACTION_ACCESSIBILITY_FOCUS]
06-03 19:14:52.098 20242 20242 E AccessibilityNodeInfoCache: Disconneced node: android.view.accessibility.AccessibilityNodeInfo@52763; boundsInParent: Rect(0, -1 - 192, 40); boundsInScreen: Rect(72, 543 - 360, 605); packageName: com.android.browser; className: android.view.View; text: null; contentDescription: Make sure you have a data connection; viewIdResName: null; checkable: false; checked: false; focusable: false; focused: false; selected: false; clickable: true; longClickable: false; enabled: true; password: false; scrollable: false; [ACTION_CLICK, ACTION_ACCESSIBILITY_FOCUS]
06-03 19:14:52.098 20242 20242 E AccessibilityNodeInfoCache: Disconneced node: android.view.accessibility.AccessibilityNodeInfo@52782; boundsInParent: Rect(-18, 0 - -11, 21); boundsInScreen: Rect(45, 605 - 55, 636); packageName: com.android.browser; className: android.view.View; text: null; contentDescription: ; viewIdResName: null; checkable: false; checked: false; focusable: false; focused: false; selected: false; clickable: true; longClickable: false; enabled: true; password: false; scrollable: false; [ACTION_CLICK, ACTION_ACCESSIBILITY_FOCUS]
06-03 19:14:52.098 20242 20242 E AccessibilityNodeInfoCache: Disconneced node: android.view.accessibility.AccessibilityNodeInfo@527a1; boundsInParent: Rect(0, -1 - 185, 20); boundsInScreen: Rect(72, 603 - 349, 635); packageName: com.android.browser; className: android.view.View; text: null; contentDescription: Reload this webpage later; viewIdResName: null; checkable: false; checked: false; focusable: false; focused: false; selected: false; clickable: true; longClickable: false; enabled: true; password: false; scrollable: false; [ACTION_CLICK, ACTION_ACCESSIBILITY_FOCUS]
06-03 19:14:52.098 20242 20242 E AccessibilityNodeInfoCache: Disconneced node: android.view.accessibility.AccessibilityNodeInfo@527c0; boundsInParent: Rect(-18, 0 - -11, 21); boundsInScreen: Rect(45, 635 - 55, 666); packageName: com.android.browser; className: android.view.View; text: null; contentDescription: ; viewIdResName: null; checkable: false; checked: false; focusable: false; focused: false; selected: false; clickable: true; longClickable: false; enabled: true; password: false; scrollable: false; [ACTION_CLICK, ACTION_ACCESSIBILITY_FOCUS]
06-03 19:14:52.098 20242 20242 E AccessibilityNodeInfoCache: Disconneced node: android.view.accessibility.AccessibilityNodeInfo@527df; boundsInParent: Rect(0, -1 - 221, 20); boundsInScreen: Rect(72, 633 - 403, 665); packageName: com.android.browser; className: android.view.View; text: null; contentDescription: Check the address you entered; viewIdResName: null; checkable: false; checked: false; focusable: false; focused: false; selected: false; clickable: true; longClickable: false; enabled: true; password: false; scrollable: false; [ACTION_CLICK, ACTION_ACCESSIBILITY_FOCUS]
06-03 19:14:52.108  1176  1176 D EGL_emulation: eglMakeCurrent: 0xb78e7980: ver 3 0
06-03 19:14:52.108  1176  1176 D EGL_emulation: eglMakeCurrent: 0xb78e7980: ver 3 0
06-03 19:14:52.118  7196  7196 I TextToSpeech: Connected to ComponentInfo{com.svox.pico/com.svox.pico.PicoService}
06-03 19:14:52.118  1176  1176 D EGL_emulation: eglMakeCurrent: 0xb78e7980: ver 3 0
06-03 19:14:52.118  7196  7237 I TextToSpeech: Set up connection to ComponentInfo{com.svox.pico/com.svox.pico.PicoService}
06-03 19:14:52.118  1176  1176 D EGL_emulation: eglMakeCurrent: 0xb78e7980: ver 3 0
06-03 19:14:52.138  1176  1176 D EGL_emulation: eglMakeCurrent: 0xb78e7980: ver 3 0
06-03 19:14:52.138 20242 20242 D dalvikvm: GC_FOR_ALLOC freed 503K, 22% free 2946K/3756K, paused 2ms, total 2ms
06-03 19:14:52.138  2469  2469 D EGL_emulation: eglMakeCurrent: 0xb94979b0: ver 3 0
06-03 19:14:52.138  1176  1176 D EGL_emulation: eglMakeCurrent: 0xb78e7980: ver 3 0
06-03 19:14:52.148 20242 20242 E AccessibilityNodeInfoCache: Disconneced node: android.view.accessibility.AccessibilityNodeInfo@524b9; boundsInParent: Rect(0, 0 - 344, 456); boundsInScreen: Rect(0, 116 - 516, 800); packageName: com.android.browser; className: android.view.View; text: null; contentDescription: Webpage not available; viewIdResName: null; checkable: false; checked: false; focusable: true; focused: true; selected: false; clickable: false; longClickable: false; enabled: true; password: false; scrollable: true; [ACTION_CLEAR_FOCUS, ACTION_CLEAR_ACCESSIBILITY_FOCUS]
06-03 19:14:52.148 20242 20242 E AccessibilityNodeInfoCache: Disconneced node: android.view.accessibility.AccessibilityNodeInfo@52535; boundsInParent: Rect(0, 0 - 0, 0); boundsInScreen: Rect(0, 116 - 0, 116); packageName: com.android.browser; className: android.view.View; text: null; contentDescription: ; viewIdResName: null; checkable: false; checked: false; focusable: false; focused: false; selected: false; clickable: false; longClickable: false; enabled: true; password: false; scrollable: false; [ACTION_ACCESSIBILITY_FOCUS]
06-03 19:14:52.148 20242 20242 E AccessibilityNodeInfoCache: Disconneced node: android.view.accessibility.AccessibilityNodeInfo@52554; boundsInParent: Rect(8, 5 - 312, 34); boundsInScreen: Rect(12, 123 - 468, 167); packageName: com.android.browser; className: android.view.View; text: null; contentDescription: Webpage not available Heading; viewIdResName: null; checkable: false; checked: false; focusable: false; focused: false; selected: false; clickable: true; longClickable: false; enabled: true; password: false; scrollable: false; [ACTION_CLICK, ACTION_ACCESSIBILITY_FOCUS]
06-03 19:14:52.148 20242 20242 E AccessibilityNodeInfoCache: Disconneced node: android.view.accessibility.AccessibilityNodeInfo@52573; boundsInParent: Rect(8, 54 - 344, 235); boundsInScreen: Rect(12, 197 - 516, 468); packageName: com.android.browser; className: android.view.View; text: null; contentDescription: ; viewIdResName: null; checkable: false; checked: false; focusable: false; focused: false; selected: false; clickable: false; longClickable: false; enabled: true; password: false; scrollable: false; [ACTION_ACCESSIBILITY_FOCUS]
06-03 19:14:52.148 20242 20242 E AccessibilityNodeInfoCache: Disconneced node: android.view.accessibility.AccessibilityNodeInfo@52592; boundsInParent: Rect(8, 250 - 312, 271); boundsInScreen: Rect(12, 491 - 468, 522); packageName: com.android.browser; className: android.view.View; text: null; contentDescription: Suggestions:; viewIdResName: null; checkable: false; checked: false; focusable: false; focused: false; selected: false; clickable: true; longClickable: false; enabled: true; password: false; scrollable: false; [ACTION_CLICK, ACTION_ACCESSIBILITY_FOCUS]
06-03 19:14:52.148 20242 20242 E AccessibilityNodeInfoCache: Disconneced node: android.view.accessibility.AccessibilityNodeInfo@525b1; boundsInParent: Rect(8, 286 - 312, 367); boundsInScreen: Rect(12, 545 - 468, 666); packageName: com.android.browser; className: android.widget.ListView; text: null; contentDescription: ; viewIdResName: null; checkable: false; checked: false; focusable: false; focused: false; selected: false; clickable: false; longClickable: false; enabled: true; password: false; scrollable: false; [ACTION_ACCESSIBILITY_FOCUS]
06-03 19:14:52.148 20242 20242 E AccessibilityNodeInfoCache: Disconneced node: android.view.accessibility.AccessibilityNodeInfo@5262d; boundsInParent: Rect(0, -1 - 114, 20); boundsInScreen: Rect(12, 195 - 183, 227); packageName: com.android.browser; className: android.view.View; text: null; contentDescription: The webpage at; viewIdResName: null; checkable: false; checked: false; focusable: false; focused: false; selected: false; clickable: true; longClickable: false; enabled: true; password: false; scrollable: false; [ACTION_CLICK, ACTION_ACCESSIBILITY_FOCUS]
06-03 19:14:52.148 20242 20242 E AccessibilityNodeInfoCache: Disconneced node: android.view.accessibility.AccessibilityNodeInfo@5264c; boundsInParent: Rect(0, 19 - 336, 120); boundsInScreen: Rect(12, 225 - 516, 377); packageName: com.android.browser; className: android.view.View; text: null; contentDescription: http://www.google.com/search?redir_esc=&client=ms-android-google&hl=en-US&safe=images&q=address&source=android-unknown&qsubts=1591209027211&devloc=0 Link; viewIdResName: null; checkable: false; checked: false; focusable: true; focused: false; selected: false; clickable: true; longClickable: false; enabled: true; password: false; scrollable: false; [ACTION_FOCUS, ACTION_CLICK, ACTION_ACCESSIBILITY_FOCUS]
06-03 19:14:52.148 20242 20242 E AccessibilityNodeInfoCache: Disconneced node: android.view.accessibility.AccessibilityNodeInfo@5266b; boundsInParent: Rect(0, 119 - 297, 180); boundsInScreen: Rect(12, 375 - 457, 467); packageName: com.android.browser; className: android.view.View; text: null; contentDescription: might be temporarily down or it may have moved permanently to a new web address.; viewIdResName: null; checkable: false; checked: false; focusable: false; focused: false; selected: false; clickable: true; longClickable: false; enabled: true; password: false; scrollable: false; [ACTION_CLICK, ACTION_ACCESSIBILITY_FOCUS]
06-03 19:14:52.148 20242 20242 E AccessibilityNodeInfoCache: Disconneced node: android.view.accessibility.AccessibilityNodeInfo@526e7; boundsInParent: Rect(40, 0 - 304, 41); boundsInScreen: Rect(72, 545 - 468, 606); packageName: com.android.browser; className: android.view.View; text: null; contentDescription: ; viewIdResName: null; checkable: false; checked: false; focusable: false; focused: false; selected: false; clickable: false; longClickable: false; enabled: true; password: false; scrollable: false; [ACTION_ACCESSIBILITY_FOCUS]
06-03 19:14:52.148 20242 20242 E AccessibilityNodeInfoCache: Disconneced node: android.view.accessibility.AccessibilityNodeInfo@52706; boundsInParent: Rect(40, 40 - 304, 61); boundsInScreen: Rect(72, 605 - 468, 636); packageName: com.android.browser; className: android.view.View; text: null; contentDescription: ; viewIdResName: null; checkable: false; checked: false; focusable: false; focused: false; selected: false; clickable: false; longClickable: false; enabled: true; password: false; scrollable: false; [ACTION_ACCESSIBILITY_FOCUS]
06-03 19:14:52.148 20242 20242 E AccessibilityNodeInfoCache: Disconneced node: android.view.accessibility.AccessibilityNodeInfo@52725; boundsInParent: Rect(40, 60 - 304, 81); boundsInScreen: Rect(72, 635 - 468, 666); packageName: com.android.browser; className: android.view.View; text: null; contentDescription: ; viewIdResName: null; checkable: false; checked: false; focusable: false; focused: false; selected: false; clickable: false; longClickable: false; enabled: true; password: false; scrollable: false; [ACTION_ACCESSIBILITY_FOCUS]
06-03 19:14:52.148 20242 20242 E AccessibilityNodeInfoCache: Disconneced node: android.view.accessibility.AccessibilityNodeInfo@52744; boundsInParent: Rect(-18, 0 - -11, 21); boundsInScreen: Rect(45, 545 - 55, 576); packageName: com.android.browser; className: android.view.View; text: null; contentDescription: ; viewIdResName: null; checkable: false; checked: false; focusable: false; focused: false; selected: false; clickable: true; longClickable: false; enabled: true; password: false; scrollable: false; [ACTION_CLICK, ACTION_ACCESSIBILITY_FOCUS]
06-03 19:14:52.148 20242 20242 E AccessibilityNodeInfoCache: Disconneced node: android.view.accessibility.AccessibilityNodeInfo@52763; boundsInParent: Rect(0, -1 - 192, 40); boundsInScreen: Rect(72, 543 - 360, 605); packageName: com.android.browser; className: android.view.View; text: null; contentDescription: Make sure you have a data connection; viewIdResName: null; checkable: false; checked: false; focusable: false; focused: false; selected: false; clickable: true; longClickable: false; enabled: true; password: false; scrollable: false; [ACTION_CLICK, ACTION_ACCESSIBILITY_FOCUS]
06-03 19:14:52.148 20242 20242 E AccessibilityNodeInfoCache: Disconneced node: android.view.accessibility.AccessibilityNodeInfo@52782; boundsInParent: Rect(-18, 0 - -11, 21); boundsInScreen: Rect(45, 605 - 55, 636); packageName: com.android.browser; className: android.view.View; text: null; contentDescription: ; viewIdResName: null; checkable: false; checked: false; focusable: false; focused: false; selected: false; clickable: true; longClickable: false; enabled: true; password: false; scrollable: false; [ACTION_CLICK, ACTION_ACCESSIBILITY_FOCUS]
06-03 19:14:52.148 20242 20242 E AccessibilityNodeInfoCache: Disconneced node: android.view.accessibility.AccessibilityNodeInfo@527a1; boundsInParent: Rect(0, -1 - 185, 20); boundsInScreen: Rect(72, 603 - 349, 635); packageName: com.android.browser; className: android.view.View; text: null; contentDescription: Reload this webpage later; viewIdResName: null; checkable: false; checked: false; focusable: false; focused: false; selected: false; clickable: true; longClickable: false; enabled: true; password: false; scrollable: false; [ACTION_CLICK, ACTION_ACCESSIBILITY_FOCUS]
06-03 19:14:52.148 20242 20242 E AccessibilityNodeInfoCache: Disconneced node: android.view.accessibility.AccessibilityNodeInfo@527c0; boundsInParent: Rect(-18, 0 - -11, 21); boundsInScreen: Rect(45, 635 - 55, 666); packageName: com.android.browser; className: android.view.View; text: null; contentDescription: ; viewIdResName: null; checkable: false; checked: false; focusable: false; focused: false; selected: false; clickable: true; longClickable: false; enabled: true; password: false; scrollable: false; [ACTION_CLICK, ACTION_ACCESSIBILITY_FOCUS]
06-03 19:14:52.148 20242 20242 E AccessibilityNodeInfoCache: Disconneced node: android.view.accessibility.AccessibilityNodeInfo@527df; boundsInParent: Rect(0, -1 - 221, 20); boundsInScreen: Rect(72, 633 - 403, 665); packageName: com.android.browser; className: android.view.View; text: null; contentDescription: Check the address you entered; viewIdResName: null; checkable: false; checked: false; focusable: false; focused: false; selected: false; clickable: true; longClickable: false; enabled: true; password: false; scrollable: false; [ACTION_CLICK, ACTION_ACCESSIBILITY_FOCUS]
06-03 19:14:52.158  1176  1176 D EGL_emulation: eglMakeCurrent: 0xb78e7980: ver 3 0
06-03 19:14:52.158  1176  1176 D EGL_emulation: eglMakeCurrent: 0xb78e7980: ver 3 0
06-03 19:14:52.168  1176  1176 D EGL_emulation: eglMakeCurrent: 0xb78e7980: ver 3 0
06-03 19:14:52.168  1176  1176 D EGL_emulation: eglMakeCurrent: 0xb78e7980: ver 3 0
06-03 19:14:52.178 20242 20242 D dalvikvm: GC_FOR_ALLOC freed 536K, 23% free 2917K/3756K, paused 2ms, total 2ms
06-03 19:14:52.188  1176  1176 D EGL_emulation: eglMakeCurrent: 0xb78e7980: ver 3 0
06-03 19:14:52.188  1176  1176 D EGL_emulation: eglMakeCurrent: 0xb78e7980: ver 3 0
06-03 19:14:52.198  7196  7196 I chromium: [INFO:async_pixel_transfer_manager_android.cc(56)] Async pixel transfers not supported
06-03 19:14:52.218  7196  7196 I chromium: [INFO:async_pixel_transfer_manager_android.cc(56)] Async pixel transfers not supported
06-03 19:14:52.228  7196  7196 D gralloc_ranchu: gralloc_alloc: Creating ashmem region of size 589824
06-03 19:14:52.238  7196  7196 D gralloc_ranchu: gralloc_alloc: Creating ashmem region of size 589824
06-03 19:14:52.238  7196  7196 D gralloc_ranchu: gralloc_alloc: Creating ashmem region of size 589824
06-03 19:14:52.238  7196  7196 D gralloc_ranchu: gralloc_alloc: Creating ashmem region of size 589824
06-03 19:14:52.238  7196  7196 D gralloc_ranchu: gralloc_alloc: Creating ashmem region of size 32768
06-03 19:14:52.258 20242 20242 E AccessibilityNodeInfoCache: Disconneced node: android.view.accessibility.AccessibilityNodeInfo@524b9; boundsInParent: Rect(0, 0 - 344, 456); boundsInScreen: Rect(0, 116 - 516, 800); packageName: com.android.browser; className: android.view.View; text: null; contentDescription: Webpage not available; viewIdResName: null; checkable: false; checked: false; focusable: true; focused: true; selected: false; clickable: false; longClickable: false; enabled: true; password: false; scrollable: true; [ACTION_CLEAR_FOCUS, ACTION_CLEAR_ACCESSIBILITY_FOCUS]
06-03 19:14:52.258 20242 20242 E AccessibilityNodeInfoCache: Disconneced node: android.view.accessibility.AccessibilityNodeInfo@52535; boundsInParent: Rect(0, 0 - 0, 0); boundsInScreen: Rect(0, 116 - 0, 116); packageName: com.android.browser; className: android.view.View; text: null; contentDescription: ; viewIdResName: null; checkable: false; checked: false; focusable: false; focused: false; selected: false; clickable: false; longClickable: false; enabled: true; password: false; scrollable: false; [ACTION_ACCESSIBILITY_FOCUS]
06-03 19:14:52.258 20242 20242 E AccessibilityNodeInfoCache: Disconneced node: android.view.accessibility.AccessibilityNodeInfo@52554; boundsInParent: Rect(8, 5 - 312, 34); boundsInScreen: Rect(12, 123 - 468, 167); packageName: com.android.browser; className: android.view.View; text: null; contentDescription: Webpage not available Heading; viewIdResName: null; checkable: false; checked: false; focusable: false; focused: false; selected: false; clickable: true; longClickable: false; enabled: true; password: false; scrollable: false; [ACTION_CLICK, ACTION_ACCESSIBILITY_FOCUS]
06-03 19:14:52.258 20242 20242 E AccessibilityNodeInfoCache: Disconneced node: android.view.accessibility.AccessibilityNodeInfo@52573; boundsInParent: Rect(8, 54 - 344, 235); boundsInScreen: Rect(12, 197 - 516, 468); packageName: com.android.browser; className: android.view.View; text: null; contentDescription: ; viewIdResName: null; checkable: false; checked: false; focusable: false; focused: false; selected: false; clickable: false; longClickable: false; enabled: true; password: false; scrollable: false; [ACTION_ACCESSIBILITY_FOCUS]
06-03 19:14:52.258 20242 20242 E AccessibilityNodeInfoCache: Disconneced node: android.view.accessibility.AccessibilityNodeInfo@52592; boundsInParent: Rect(8, 250 - 312, 271); boundsInScreen: Rect(12, 491 - 468, 522); packageName: com.android.browser; className: android.view.View; text: null; contentDescription: Suggestions:; viewIdResName: null; checkable: false; checked: false; focusable: false; focused: false; selected: false; clickable: true; longClickable: false; enabled: true; password: false; scrollable: false; [ACTION_CLICK, ACTION_ACCESSIBILITY_FOCUS]
06-03 19:14:52.258 20242 20242 E AccessibilityNodeInfoCache: Disconneced node: android.view.accessibility.AccessibilityNodeInfo@525b1; boundsInParent: Rect(8, 286 - 312, 367); boundsInScreen: Rect(12, 545 - 468, 666); packageName: com.android.browser; className: android.widget.ListView; text: null; contentDescription: ; viewIdResName: null; checkable: false; checked: false; focusable: false; focused: false; selected: false; clickable: false; longClickable: false; enabled: true; password: false; scrollable: false; [ACTION_ACCESSIBILITY_FOCUS]
06-03 19:14:52.258 20242 20242 E AccessibilityNodeInfoCache: Disconneced node: android.view.accessibility.AccessibilityNodeInfo@5262d; boundsInParent: Rect(0, -1 - 114, 20); boundsInScreen: Rect(12, 195 - 183, 227); packageName: com.android.browser; className: android.view.View; text: null; contentDescription: The webpage at; viewIdResName: null; checkable: false; checked: false; focusable: false; focused: false; selected: false; clickable: true; longClickable: false; enabled: true; password: false; scrollable: false; [ACTION_CLICK, ACTION_ACCESSIBILITY_FOCUS]
06-03 19:14:52.258 20242 20242 E AccessibilityNodeInfoCache: Disconneced node: android.view.accessibility.AccessibilityNodeInfo@5264c; boundsInParent: Rect(0, 19 - 336, 120); boundsInScreen: Rect(12, 225 - 516, 377); packageName: com.android.browser; className: android.view.View; text: null; contentDescription: http://www.google.com/search?redir_esc=&client=ms-android-google&hl=en-US&safe=images&q=address&source=android-unknown&qsubts=1591209027211&devloc=0 Link; viewIdResName: null; checkable: false; checked: false; focusable: true; focused: false; selected: false; clickable: true; longClickable: false; enabled: true; password: false; scrollable: false; [ACTION_FOCUS, ACTION_CLICK, ACTION_ACCESSIBILITY_FOCUS]
06-03 19:14:52.258 20242 20242 E AccessibilityNodeInfoCache: Disconneced node: android.view.accessibility.AccessibilityNodeInfo@5266b; boundsInParent: Rect(0, 119 - 297, 180); boundsInScreen: Rect(12, 375 - 457, 467); packageName: com.android.browser; className: android.view.View; text: null; contentDescription: might be temporarily down or it may have moved permanently to a new web address.; viewIdResName: null; checkable: false; checked: false; focusable: false; focused: false; selected: false; clickable: true; longClickable: false; enabled: true; password: false; scrollable: false; [ACTION_CLICK, ACTION_ACCESSIBILITY_FOCUS]
