--------- beginning of /dev/log/main
06-03 19:14:35.228 20307 20307 D AndroidRuntime: 
06-03 19:14:35.228 20307 20307 D AndroidRuntime: >>>>>> AndroidRuntime START com.android.internal.os.RuntimeInit <<<<<<
06-03 19:14:35.228 20307 20307 W linker  : libdvm.so has text relocations. This is wasting memory and is a security risk. Please fix.
06-03 19:14:35.228 20307 20307 D AndroidRuntime: CheckJNI is ON
06-03 19:14:35.238 20307 20307 D dalvikvm: Trying to load lib libjavacore.so 0x0
06-03 19:14:35.238 20307 20307 D dalvikvm: Added shared lib libjavacore.so 0x0
06-03 19:14:35.238 20307 20307 D dalvikvm: Trying to load lib libnativehelper.so 0x0
06-03 19:14:35.238 20307 20307 D dalvikvm: Added shared lib libnativehelper.so 0x0
06-03 19:14:35.238 20307 20307 D dalvikvm: No JNI_OnLoad found in libnativehelper.so 0x0, skipping init
06-03 19:14:35.248 20307 20307 D dalvikvm: Note: class Landroid/app/ActivityManagerNative; has 179 unimplemented (abstract) methods
06-03 19:14:35.278 20307 20307 E memtrack: Couldn't load memtrack module (No such file or directory)
06-03 19:14:35.278 20307 20307 E android.os.Debug: failed to load memtrack module: -2
06-03 19:14:35.308 20307 20307 D AndroidRuntime: Calling main entry com.android.commands.ime.Ime
06-03 19:14:35.318 20307 20307 D AndroidRuntime: Shutting down VM
06-03 19:14:35.318 20307 20316 D dalvikvm: GC_CONCURRENT freed 92K, 15% free 545K/640K, paused 2ms+0ms, total 2ms
06-03 19:14:35.328  1603  1603 D dalvikvm: GC_FOR_ALLOC freed 2622K, 40% free 11366K/18752K, paused 12ms, total 12ms
06-03 19:14:35.368 17639 17639 I InputAttributes: InputType.TYPE_NULL is specified
06-03 19:14:35.378 17639 18000 I LatinIME:LogUtils: Dictionary info: dictionary = userunigram.en_US.dict ; version = ? ; date = ?
06-03 19:14:35.388 17639 18380 D dalvikvm: GC_FOR_ALLOC freed 484K, 16% free 3133K/3716K, paused 7ms, total 7ms
06-03 19:14:35.398 17639 18380 I LatinIME:LogUtils: Dictionary info: dictionary = contacts.en_US.dict ; version = ? ; date = ?
06-03 19:14:35.408 17639 17997 I LatinIME:LogUtils: Dictionary info: dictionary = PersonalizationPredictionDictio ; version = ? ; date = 1591222475
06-03 19:14:35.408 17639 18001 I LatinIME:LogUtils: Dictionary info: dictionary = UserHistoryDictionary.en_US.dic ; version = ? ; date = 1591216777
06-03 19:14:35.418  1176  1176 D EGL_emulation: eglMakeCurrent: 0xb78e7980: ver 3 0
06-03 19:14:35.418  1176  1176 D gralloc_ranchu: gralloc_alloc: Creating ashmem region of size 1536000
06-03 19:14:35.438  1176  1176 D EGL_emulation: eglMakeCurrent: 0xb78e7980: ver 3 0
06-03 19:14:35.498 17639 20322 I LatinIME:LogUtils: Dictionary info: dictionary = main:en ; version = 42 ; date = 1381226516
06-03 19:14:35.508 13500 20329 I DownloadManager: Download 54 starting
06-03 19:14:35.508 13500 20329 W DownloadManager: Aborting request for download 54: TYPE_DISALLOWED_BY_REQUESTOR
06-03 19:14:35.518 13500 20329 I DownloadManager: Download 54 finished with status WAITING_FOR_NETWORK
06-03 19:14:35.558 20330 20330 D AndroidRuntime: 
06-03 19:14:35.558 20330 20330 D AndroidRuntime: >>>>>> AndroidRuntime START com.android.internal.os.RuntimeInit <<<<<<
06-03 19:14:35.558 20330 20330 W linker  : libdvm.so has text relocations. This is wasting memory and is a security risk. Please fix.
06-03 19:14:35.558 20330 20330 D AndroidRuntime: CheckJNI is ON
06-03 19:14:35.558 20330 20330 D dalvikvm: Trying to load lib libjavacore.so 0x0
06-03 19:14:35.568 20330 20330 D dalvikvm: Added shared lib libjavacore.so 0x0
06-03 19:14:35.568 20330 20330 D dalvikvm: Trying to load lib libnativehelper.so 0x0
06-03 19:14:35.568 20330 20330 D dalvikvm: Added shared lib libnativehelper.so 0x0
06-03 19:14:35.568 20330 20330 D dalvikvm: No JNI_OnLoad found in libnativehelper.so 0x0, skipping init
06-03 19:14:35.578 20330 20330 D dalvikvm: Note: class Landroid/app/ActivityManagerNative; has 179 unimplemented (abstract) methods
06-03 19:14:35.608 20330 20330 E memtrack: Couldn't load memtrack module (No such file or directory)
06-03 19:14:35.608 20330 20330 E android.os.Debug: failed to load memtrack module: -2
06-03 19:14:35.628 20330 20330 D AndroidRuntime: Calling main entry com.android.commands.ime.Ime
06-03 19:14:35.648 20330 20330 D AndroidRuntime: Shutting down VM
06-03 19:14:35.648 20330 20335 D dalvikvm: GC_CONCURRENT freed 92K, 15% free 544K/640K, paused 1ms+0ms, total 1ms
06-03 19:14:35.658 17639 17997 I LatinIME:LogUtils: Dictionary info: dictionary = PersonalizationPredictionDictio ; version = ? ; date = 1591222475
06-03 19:14:35.658 17639 18001 I LatinIME:LogUtils: Dictionary info: dictionary = UserHistoryDictionary.en_US.dic ; version = ? ; date = 1591216777
--------- beginning of /dev/log/system
06-03 19:14:35.658  1603  1614 V InputMethodManagerService: Adding window token: android.os.Binder@ad269c40
06-03 19:14:35.968 20353 20353 D AndroidRuntime: 
06-03 19:14:35.968 20353 20353 D AndroidRuntime: >>>>>> AndroidRuntime START com.android.internal.os.RuntimeInit <<<<<<
06-03 19:14:35.968 20353 20353 W linker  : libdvm.so has text relocations. This is wasting memory and is a security risk. Please fix.
06-03 19:14:35.968 20353 20353 D AndroidRuntime: CheckJNI is ON
06-03 19:14:35.968 20353 20353 D dalvikvm: Trying to load lib libjavacore.so 0x0
06-03 19:14:35.978 20353 20353 D dalvikvm: Added shared lib libjavacore.so 0x0
06-03 19:14:35.978 20353 20353 D dalvikvm: Trying to load lib libnativehelper.so 0x0
06-03 19:14:35.978 20353 20353 D dalvikvm: Added shared lib libnativehelper.so 0x0
06-03 19:14:35.978 20353 20353 D dalvikvm: No JNI_OnLoad found in libnativehelper.so 0x0, skipping init
06-03 19:14:35.988 20353 20353 D dalvikvm: Note: class Landroid/app/ActivityManagerNative; has 179 unimplemented (abstract) methods
06-03 19:14:36.018 20353 20353 E memtrack: Couldn't load memtrack module (No such file or directory)
06-03 19:14:36.018 20353 20353 E android.os.Debug: failed to load memtrack module: -2
06-03 19:14:36.038 20353 20353 D AndroidRuntime: Calling main entry com.android.commands.input.Input
06-03 19:14:36.038 20353 20353 I Input   : injectKeyEvent: KeyEvent { action=ACTION_DOWN, keyCode=KEYCODE_MENU, scanCode=0, metaState=0, flags=0x0, repeatCount=0, eventTime=14591180, downTime=14591180, deviceId=-1, source=0x101 }
06-03 19:14:36.048 20353 20353 I Input   : injectKeyEvent: KeyEvent { action=ACTION_UP, keyCode=KEYCODE_MENU, scanCode=0, metaState=0, flags=0x0, repeatCount=0, eventTime=14591180, downTime=14591180, deviceId=-1, source=0x101 }
06-03 19:14:36.058 20353 20353 D AndroidRuntime: Shutting down VM
06-03 19:14:36.058 20353 20358 D dalvikvm: GC_CONCURRENT freed 96K, 15% free 554K/652K, paused 0ms+0ms, total 0ms
06-03 19:14:36.058  1603  1681 E SoundPool: error loading /system/media/audio/ui/Effect_Tick.ogg
06-03 19:14:36.058  1603  1681 W AudioService: Soundpool could not load file: /system/media/audio/ui/Effect_Tick.ogg
06-03 19:14:36.058  1603  1681 E SoundPool: error loading /system/media/audio/ui/Effect_Tick.ogg
06-03 19:14:36.058  1603  1681 W AudioService: Soundpool could not load file: /system/media/audio/ui/Effect_Tick.ogg
06-03 19:14:36.058  1603  1681 E SoundPool: error loading /system/media/audio/ui/Effect_Tick.ogg
06-03 19:14:36.058  1603  1681 W AudioService: Soundpool could not load file: /system/media/audio/ui/Effect_Tick.ogg
06-03 19:14:36.058  1603  1681 E SoundPool: error loading /system/media/audio/ui/Effect_Tick.ogg
06-03 19:14:36.058  1603  1681 W AudioService: Soundpool could not load file: /system/media/audio/ui/Effect_Tick.ogg
06-03 19:14:36.058  1603  1681 E SoundPool: error loading /system/media/audio/ui/Effect_Tick.ogg
06-03 19:14:36.058  1603  1681 W AudioService: Soundpool could not load file: /system/media/audio/ui/Effect_Tick.ogg
06-03 19:14:36.058  1603  1681 E SoundPool: error loading /system/media/audio/ui/KeypressStandard.ogg
06-03 19:14:36.058  1603  1681 W AudioService: Soundpool could not load file: /system/media/audio/ui/KeypressStandard.ogg
06-03 19:14:36.058  1603  1681 E SoundPool: error loading /system/media/audio/ui/KeypressSpacebar.ogg
06-03 19:14:36.058  1603  1681 W AudioService: Soundpool could not load file: /system/media/audio/ui/KeypressSpacebar.ogg
06-03 19:14:36.058  1603  1681 E SoundPool: error loading /system/media/audio/ui/KeypressDelete.ogg
06-03 19:14:36.058  1603  1681 W AudioService: Soundpool could not load file: /system/media/audio/ui/KeypressDelete.ogg
06-03 19:14:36.058  1603  1681 E SoundPool: error loading /system/media/audio/ui/KeypressReturn.ogg
06-03 19:14:36.058  1603  1681 W AudioService: Soundpool could not load file: /system/media/audio/ui/KeypressReturn.ogg
06-03 19:14:36.058  1603  1681 E SoundPool: error loading /system/media/audio/ui/KeypressInvalid.ogg
06-03 19:14:36.058  1603  1681 W AudioService: Soundpool could not load file: /system/media/audio/ui/KeypressInvalid.ogg
06-03 19:14:36.058  1603  1681 W AudioService: onLoadSoundEffects(), Error -1 while loading samples
06-03 19:14:36.298 20369 20369 D AndroidRuntime: 
06-03 19:14:36.298 20369 20369 D AndroidRuntime: >>>>>> AndroidRuntime START com.android.internal.os.RuntimeInit <<<<<<
06-03 19:14:36.298 20369 20369 W linker  : libdvm.so has text relocations. This is wasting memory and is a security risk. Please fix.
06-03 19:14:36.298 20369 20369 D AndroidRuntime: CheckJNI is ON
06-03 19:14:36.298 20369 20369 D dalvikvm: Trying to load lib libjavacore.so 0x0
06-03 19:14:36.308 20369 20369 D dalvikvm: Added shared lib libjavacore.so 0x0
06-03 19:14:36.308 20369 20369 D dalvikvm: Trying to load lib libnativehelper.so 0x0
06-03 19:14:36.308 20369 20369 D dalvikvm: Added shared lib libnativehelper.so 0x0
06-03 19:14:36.308 20369 20369 D dalvikvm: No JNI_OnLoad found in libnativehelper.so 0x0, skipping init
06-03 19:14:36.318 20369 20369 D dalvikvm: Note: class Landroid/app/ActivityManagerNative; has 179 unimplemented (abstract) methods
06-03 19:14:36.348 20369 20369 E memtrack: Couldn't load memtrack module (No such file or directory)
06-03 19:14:36.348 20369 20369 E android.os.Debug: failed to load memtrack module: -2
06-03 19:14:36.368 20369 20369 D AndroidRuntime: Calling main entry com.android.commands.input.Input
06-03 19:14:36.368 20369 20369 I Input   : injectKeyEvent: KeyEvent { action=ACTION_DOWN, keyCode=KEYCODE_BACK, scanCode=0, metaState=0, flags=0x0, repeatCount=0, eventTime=14591507, downTime=14591507, deviceId=-1, source=0x101 }
06-03 19:14:36.378 20369 20369 I Input   : injectKeyEvent: KeyEvent { action=ACTION_UP, keyCode=KEYCODE_BACK, scanCode=0, metaState=0, flags=0x0, repeatCount=0, eventTime=14591507, downTime=14591507, deviceId=-1, source=0x101 }
06-03 19:14:36.378 20369 20369 D AndroidRuntime: Shutting down VM
06-03 19:14:36.388 20369 20374 D dalvikvm: GC_CONCURRENT freed 96K, 16% free 554K/656K, paused 0ms+0ms, total 2ms
06-03 19:14:36.388  7196  7196 D WebViewTimersControl: onBrowserActivityResume
06-03 19:14:36.388  7196  7196 D WebViewTimersControl: Resuming webview timers, view=com.android.browser.BrowserWebView{ad48d3d8 VFEDHVCL .F....ID 0,0-480,684}
06-03 19:14:36.398  7196  7196 D EGL_emulation: eglMakeCurrent: 0xb95396c0: ver 3 0
06-03 19:14:36.408  7196  7196 D EGL_emulation: eglMakeCurrent: 0xb95396c0: ver 3 0
06-03 19:14:36.408  7196  7196 E EGL_emulation: tid 7196: eglSurfaceAttrib(1199): error 0x3009 (EGL_BAD_MATCH)
06-03 19:14:36.408  7196  7196 W HardwareRenderer: Backbuffer cannot be preserved
06-03 19:14:36.418  1176  1176 D EGL_emulation: eglMakeCurrent: 0xb78e7980: ver 3 0
06-03 19:14:36.418  1176  1176 D gralloc_ranchu: gralloc_alloc: Creating ashmem region of size 1536000
06-03 19:14:36.428  1176  1176 D EGL_emulation: eglMakeCurrent: 0xb78e7980: ver 3 0
06-03 19:14:36.438  1176  1176 D EGL_emulation: eglMakeCurrent: 0xb78e7980: ver 3 0
06-03 19:14:36.438  1176  1176 D gralloc_ranchu: gralloc_alloc: Creating ashmem region of size 1536000
06-03 19:14:36.448  1176  1176 D EGL_emulation: eglMakeCurrent: 0xb78e7980: ver 3 0
06-03 19:14:36.458  1176  1176 D EGL_emulation: eglMakeCurrent: 0xb78e7980: ver 3 0
06-03 19:14:36.468  1176  1176 D EGL_emulation: eglMakeCurrent: 0xb78e7980: ver 3 0
06-03 19:14:36.478  1176  1176 D EGL_emulation: eglMakeCurrent: 0xb78e7980: ver 3 0
06-03 19:14:36.478  7196  7196 D EGL_emulation: eglMakeCurrent: 0xb95396c0: ver 3 0
06-03 19:14:36.488  1176  1176 D EGL_emulation: eglMakeCurrent: 0xb78e7980: ver 3 0
06-03 19:14:36.488  1176  1176 D EGL_emulation: eglMakeCurrent: 0xb78e7980: ver 3 0
06-03 19:14:36.498  1176  1176 D EGL_emulation: eglMakeCurrent: 0xb78e7980: ver 3 0
06-03 19:14:36.508  1176  1176 D EGL_emulation: eglMakeCurrent: 0xb78e7980: ver 3 0
06-03 19:14:36.508 20242 20244 D dalvikvm: GC_CONCURRENT freed 171K, 9% free 2942K/3216K, paused 0ms+2ms, total 7ms
06-03 19:14:36.518  1176  1176 D EGL_emulation: eglMakeCurrent: 0xb78e7980: ver 3 0
06-03 19:14:36.518  1176  1176 D EGL_emulation: eglMakeCurrent: 0xb78e7980: ver 3 0
06-03 19:14:36.528  1176  1176 D EGL_emulation: eglMakeCurrent: 0xb78e7980: ver 3 0
06-03 19:14:36.538  1176  1176 D EGL_emulation: eglMakeCurrent: 0xb78e7980: ver 3 0
06-03 19:14:36.538  1176  1176 D EGL_emulation: eglMakeCurrent: 0xb78e7980: ver 3 0
06-03 19:14:36.548  1176  1176 D EGL_emulation: eglMakeCurrent: 0xb78e7980: ver 3 0
06-03 19:14:36.558  1176  1176 D EGL_emulation: eglMakeCurrent: 0xb78e7980: ver 3 0
06-03 19:14:36.568  1176  1176 D EGL_emulation: eglMakeCurrent: 0xb78e7980: ver 3 0
06-03 19:14:36.578  1176  1176 D EGL_emulation: eglMakeCurrent: 0xb78e7980: ver 3 0
06-03 19:14:36.588  1176  1176 D EGL_emulation: eglMakeCurrent: 0xb78e7980: ver 3 0
06-03 19:14:36.588  1176  1176 D EGL_emulation: eglMakeCurrent: 0xb78e7980: ver 3 0
06-03 19:14:36.608 20242 20244 D dalvikvm: GC_CONCURRENT freed 305K, 13% free 3042K/3464K, paused 3ms+2ms, total 11ms
06-03 19:14:36.608  1176  1176 D EGL_emulation: eglMakeCurrent: 0xb78e7980: ver 3 0
06-03 19:14:36.618  1176  1176 D EGL_emulation: eglMakeCurrent: 0xb78e7980: ver 3 0
06-03 19:14:36.618 20242 20389 D PrivacyStreams: Start accepting socket clients...
06-03 19:14:36.618  1176  1176 D EGL_emulation: eglMakeCurrent: 0xb78e7980: ver 3 0
06-03 19:14:36.618 20242 20390 D dalvikvm: GC_FOR_ALLOC freed 343K, 18% free 2976K/3624K, paused 4ms, total 4ms
06-03 19:14:36.628 20242 20389 D PrivacyStreams: Accepted a socket client.
06-03 19:14:36.638  1176  1176 D EGL_emulation: eglMakeCurrent: 0xb78e7980: ver 3 0
06-03 19:14:36.638  1176  1176 D EGL_emulation: eglMakeCurrent: 0xb78e7980: ver 3 0
06-03 19:14:36.638 20387 20387 D AndroidRuntime: 
06-03 19:14:36.638 20387 20387 D AndroidRuntime: >>>>>> AndroidRuntime START com.android.internal.os.RuntimeInit <<<<<<
06-03 19:14:36.648 20387 20387 W linker  : libdvm.so has text relocations. This is wasting memory and is a security risk. Please fix.
06-03 19:14:36.648 20387 20387 D AndroidRuntime: CheckJNI is ON
06-03 19:14:36.648  1176  1176 D EGL_emulation: eglMakeCurrent: 0xb78e7980: ver 3 0
06-03 19:14:36.648 20387 20387 D dalvikvm: Trying to load lib libjavacore.so 0x0
06-03 19:14:36.648 20387 20387 D dalvikvm: Added shared lib libjavacore.so 0x0
06-03 19:14:36.648  1176  1176 D EGL_emulation: eglMakeCurrent: 0xb78e7980: ver 3 0
06-03 19:14:36.658 20387 20387 D dalvikvm: Trying to load lib libnativehelper.so 0x0
06-03 19:14:36.658 20387 20387 D dalvikvm: Added shared lib libnativehelper.so 0x0
06-03 19:14:36.658 20387 20387 D dalvikvm: No JNI_OnLoad found in libnativehelper.so 0x0, skipping init
06-03 19:14:36.658  1176  1176 D EGL_emulation: eglMakeCurrent: 0xb78e7980: ver 3 0
06-03 19:14:36.658 20242 20244 D dalvikvm: GC_CONCURRENT freed 410K, 19% free 2955K/3624K, paused 2ms+3ms, total 8ms
06-03 19:14:36.668  1176  1176 D EGL_emulation: eglMakeCurrent: 0xb78e7980: ver 3 0
06-03 19:14:36.668 20387 20387 D dalvikvm: Note: class Landroid/app/ActivityManagerNative; has 179 unimplemented (abstract) methods
06-03 19:14:36.668  1176  1176 D EGL_emulation: eglMakeCurrent: 0xb78e7980: ver 3 0
06-03 19:14:36.688  1176  1176 D EGL_emulation: eglMakeCurrent: 0xb78e7980: ver 3 0
06-03 19:14:36.688  1176  1176 D EGL_emulation: eglMakeCurrent: 0xb78e7980: ver 3 0
06-03 19:14:36.688 20242 20244 D dalvikvm: GC_CONCURRENT freed 469K, 21% free 2898K/3624K, paused 2ms+2ms, total 6ms
06-03 19:14:36.698  1176  1176 D EGL_emulation: eglMakeCurrent: 0xb78e7980: ver 3 0
06-03 19:14:36.698  1176  1176 D EGL_emulation: eglMakeCurrent: 0xb78e7980: ver 3 0
06-03 19:14:36.708 20242 20244 D dalvikvm: GC_CONCURRENT freed 400K, 19% free 2963K/3624K, paused 1ms+2ms, total 5ms
06-03 19:14:36.708 20387 20387 E memtrack: Couldn't load memtrack module (No such file or directory)
06-03 19:14:36.708 20387 20387 E android.os.Debug: failed to load memtrack module: -2
06-03 19:14:36.718  1176  1176 D EGL_emulation: eglMakeCurrent: 0xb78e7980: ver 3 0
06-03 19:14:36.718  1176  1176 D EGL_emulation: eglMakeCurrent: 0xb78e7980: ver 3 0
06-03 19:14:36.738  1176  1176 D EGL_emulation: eglMakeCurrent: 0xb78e7980: ver 3 0
06-03 19:14:36.738  1176  1176 D EGL_emulation: eglMakeCurrent: 0xb78e7980: ver 3 0
06-03 19:14:36.738 20387 20387 D AndroidRuntime: Calling main entry com.android.commands.pm.Pm
06-03 19:14:36.748 20242 20244 D dalvikvm: GC_CONCURRENT freed 523K, 19% free 2938K/3624K, paused 0ms+5ms, total 7ms
06-03 19:14:36.748 20242 20400 D dalvikvm: WAIT_FOR_CONCURRENT_GC blocked 6ms
06-03 19:14:36.748  1176  1176 D EGL_emulation: eglMakeCurrent: 0xb78e7980: ver 3 0
06-03 19:14:36.758 20387 20387 D AndroidRuntime: Shutting down VM
06-03 19:14:36.758 20387 20394 D dalvikvm: GC_CONCURRENT freed 204K, 27% free 558K/764K, paused 0ms+0ms, total 0ms
06-03 19:14:36.758  1176  1176 D EGL_emulation: eglMakeCurrent: 0xb78e7980: ver 3 0
06-03 19:14:36.768 20242 20244 D dalvikvm: GC_CONCURRENT freed 390K, 17% free 3017K/3624K, paused 1ms+4ms, total 6ms
06-03 19:14:36.768  1176  1176 D EGL_emulation: eglMakeCurrent: 0xb78e7980: ver 3 0
06-03 19:14:36.768  1176  1176 D EGL_emulation: eglMakeCurrent: 0xb78e7980: ver 3 0
06-03 19:14:36.778  1176  1176 D EGL_emulation: eglMakeCurrent: 0xb78e7980: ver 3 0
06-03 19:14:36.788  1176  1176 D EGL_emulation: eglMakeCurrent: 0xb78e7980: ver 3 0
06-03 19:14:36.798  1176  1176 D EGL_emulation: eglMakeCurrent: 0xb78e7980: ver 3 0
06-03 19:14:36.798  7196  7196 D EGL_emulation: eglMakeCurrent: 0xb95396c0: ver 3 0
06-03 19:14:36.808  1176  1176 D EGL_emulation: eglMakeCurrent: 0xb78e7980: ver 3 0
06-03 19:14:36.818  7196  7196 D EGL_emulation: eglMakeCurrent: 0xb95396c0: ver 3 0
06-03 19:14:36.818  1176  1176 D EGL_emulation: eglMakeCurrent: 0xb78e7980: ver 3 0
06-03 19:14:36.818  1176  1176 D EGL_emulation: eglMakeCurrent: 0xb78e7980: ver 3 0
06-03 19:14:36.838  1176  1176 D EGL_emulation: eglMakeCurrent: 0xb78e7980: ver 3 0
06-03 19:14:36.838  1176  1176 D EGL_emulation: eglMakeCurrent: 0xb78e7980: ver 3 0
06-03 19:14:36.998 20405 20405 D AndroidRuntime: 
06-03 19:14:36.998 20405 20405 D AndroidRuntime: >>>>>> AndroidRuntime START com.android.internal.os.RuntimeInit <<<<<<
06-03 19:14:36.998 20405 20405 W linker  : libdvm.so has text relocations. This is wasting memory and is a security risk. Please fix.
06-03 19:14:36.998 20405 20405 D AndroidRuntime: CheckJNI is ON
06-03 19:14:36.998 20405 20405 D dalvikvm: Trying to load lib libjavacore.so 0x0
06-03 19:14:36.998 20405 20405 D dalvikvm: Added shared lib libjavacore.so 0x0
06-03 19:14:37.008 20405 20405 D dalvikvm: Trying to load lib libnativehelper.so 0x0
06-03 19:14:37.008 20405 20405 D dalvikvm: Added shared lib libnativehelper.so 0x0
06-03 19:14:37.008 20405 20405 D dalvikvm: No JNI_OnLoad found in libnativehelper.so 0x0, skipping init
06-03 19:14:37.008 20409 20409 D AndroidRuntime: 
06-03 19:14:37.008 20409 20409 D AndroidRuntime: >>>>>> AndroidRuntime START com.android.internal.os.RuntimeInit <<<<<<
06-03 19:14:37.008 20409 20409 W linker  : libdvm.so has text relocations. This is wasting memory and is a security risk. Please fix.
06-03 19:14:37.018 20409 20409 D AndroidRuntime: CheckJNI is ON
06-03 19:14:37.018 20409 20409 D dalvikvm: Trying to load lib libjavacore.so 0x0
06-03 19:14:37.018 20409 20409 D dalvikvm: Added shared lib libjavacore.so 0x0
06-03 19:14:37.018 20409 20409 D dalvikvm: Trying to load lib libnativehelper.so 0x0
06-03 19:14:37.018 20409 20409 D dalvikvm: Added shared lib libnativehelper.so 0x0
06-03 19:14:37.018 20409 20409 D dalvikvm: No JNI_OnLoad found in libnativehelper.so 0x0, skipping init
06-03 19:14:37.018 20405 20405 D dalvikvm: Note: class Landroid/app/ActivityManagerNative; has 179 unimplemented (abstract) methods
06-03 19:14:37.038 20409 20409 D dalvikvm: Note: class Landroid/app/ActivityManagerNative; has 179 unimplemented (abstract) methods
06-03 19:14:37.058 20405 20405 E memtrack: Couldn't load memtrack module (No such file or directory)
06-03 19:14:37.058 20405 20405 E android.os.Debug: failed to load memtrack module: -2
06-03 19:14:37.068 20409 20409 E memtrack: Couldn't load memtrack module (No such file or directory)
06-03 19:14:37.068 20409 20409 E android.os.Debug: failed to load memtrack module: -2
06-03 19:14:37.078 20405 20405 D AndroidRuntime: Calling main entry com.android.commands.pm.Pm
06-03 19:14:37.108 20405 20405 D AndroidRuntime: Shutting down VM
06-03 19:14:37.108 20409 20409 D AndroidRuntime: Calling main entry com.android.commands.pm.Pm
06-03 19:14:37.108 20405 20413 D dalvikvm: GC_CONCURRENT freed 204K, 27% free 558K/764K, paused 1ms+0ms, total 2ms
06-03 19:14:37.118  1603  1626 W ActivityManager: No content provider found for permission revoke: file:///data/local/tmp/Bcom.google.android.diskusage-05E3FD6B3DA4321376C76A65D21B18D3CBC93D5AAA7AE2E86029C2C21647E8CB.apk
06-03 19:14:37.118  1603  1626 W ActivityManager: No content provider found for permission revoke: file:///data/local/tmp/Bcom.google.android.diskusage-05E3FD6B3DA4321376C76A65D21B18D3CBC93D5AAA7AE2E86029C2C21647E8CB.apk
06-03 19:14:37.118  1603  1626 I PackageManager: Copying native libraries to /data/app-lib/vmdl-1648512961
06-03 19:14:37.128  1603  1626 I PackageManager: Running dexopt on: com.google.android.diskusage
06-03 19:14:37.138 20428 20428 W linker  : libdvm.so has text relocations. This is wasting memory and is a security risk. Please fix.
06-03 19:14:37.158 20428 20428 D dalvikvm: DexOpt: 'Landroid/content/pm/IPackageStatsObserver;' has an earlier definition; blocking out
06-03 19:14:37.158 20428 20428 D dalvikvm: DexOpt: 'Landroid/content/pm/IPackageStatsObserver$Stub$Proxy;' has an earlier definition; blocking out
06-03 19:14:37.158 20428 20428 D dalvikvm: DexOpt: 'Landroid/content/pm/IPackageStatsObserver$Stub;' has an earlier definition; blocking out
06-03 19:14:37.158 20428 20428 D dalvikvm: DexOpt: 'Landroid/content/pm/PackageStats$1;' has an earlier definition; blocking out
06-03 19:14:37.158 20428 20428 D dalvikvm: DexOpt: 'Landroid/content/pm/PackageStats;' has an earlier definition; blocking out
06-03 19:14:37.158 20428 20428 D dalvikvm: DexOpt: not verifying/optimizing 'Landroid/content/pm/IPackageStatsObserver;': multiple definitions
06-03 19:14:37.158 20428 20428 D dalvikvm: DexOpt: not verifying/optimizing 'Landroid/content/pm/IPackageStatsObserver$Stub$Proxy;': multiple definitions
06-03 19:14:37.158 20428 20428 D dalvikvm: DexOpt: not verifying/optimizing 'Landroid/content/pm/IPackageStatsObserver$Stub;': multiple definitions
06-03 19:14:37.158 20428 20428 D dalvikvm: DexOpt: not verifying/optimizing 'Landroid/content/pm/PackageStats$1;': multiple definitions
06-03 19:14:37.158 20428 20428 D dalvikvm: DexOpt: not verifying/optimizing 'Landroid/content/pm/PackageStats;': multiple definitions
06-03 19:14:37.158 20428 20428 I dalvikvm: DexOpt: not resolving ambiguous class 'Landroid/content/pm/IPackageStatsObserver$Stub;'
06-03 19:14:37.158 20428 20428 I dalvikvm: DexOpt: not resolving ambiguous class 'Landroid/content/pm/IPackageStatsObserver;'
06-03 19:14:37.168 20428 20428 I dalvikvm: DexOpt: not resolving ambiguous class 'Landroid/content/pm/PackageStats;'
06-03 19:14:37.178 20428 20428 D dalvikvm: DexOpt: load 5ms, verify+opt 15ms, 633212 bytes
06-03 19:14:37.178  1603  1618 I ActivityManager: Force stopping com.google.android.diskusage appid=10114 user=-1: update pkg
06-03 19:14:37.238 14163 14272 D Documents: Used cached roots for com.android.providers.downloads.documents
06-03 19:14:37.238 14163 14272 D Documents: Used cached roots for com.android.externalstorage.documents
06-03 19:14:37.238 14163 14272 D Documents: Used cached roots for com.android.providers.media.documents
06-03 19:14:37.248 14163 14272 D Documents: Update found 6 roots in 3ms
06-03 19:14:37.248  1603  1664 I InputReader: Reconfiguring input devices.  changes=0x00000010
06-03 19:14:37.248  2028  2028 I Launcher: Deferring update until onResume
06-03 19:14:37.248 11389 11406 W Launcher.Model: Nobody to tell about the new app.  Launcher is probably loading.
06-03 19:14:37.248  1603  1924 I PackageManager:   Action: "android.intent.action.SENDTO"
06-03 19:14:37.248  1603  1924 I PackageManager:   Category: "android.intent.category.DEFAULT"
06-03 19:14:37.248  1603  1924 I PackageManager:   Scheme: "sms"
06-03 19:14:37.248  2028  2028 I Launcher: Deferring update until onResume
06-03 19:14:37.248  1603  1924 I PackageManager: Adding preferred activity ComponentInfo{com.android.mms/com.android.mms.ui.ComposeMessageActivity} for user 0 :
06-03 19:14:37.268  1603  1923 I PackageManager:   Action: "android.intent.action.SENDTO"
06-03 19:14:37.268  1603  1923 I PackageManager:   Category: "android.intent.category.DEFAULT"
06-03 19:14:37.268  1603  1923 I PackageManager:   Scheme: "smsto"
06-03 19:14:37.268  1603  1923 I PackageManager: Adding preferred activity ComponentInfo{com.android.mms/com.android.mms.ui.ComposeMessageActivity} for user 0 :
06-03 19:14:37.278  1603  1626 D dalvikvm: GC_EXPLICIT freed 1395K, 39% free 11480K/18752K, paused 1ms+5ms, total 43ms
06-03 19:14:37.278 20409 20409 D AndroidRuntime: Shutting down VM
06-03 19:14:37.278 20409 20420 D dalvikvm: GC_CONCURRENT freed 93K, 15% free 552K/648K, paused 1ms+0ms, total 1ms
06-03 19:14:37.288  1603  1921 I PackageManager:   Action: "android.intent.action.SENDTO"
06-03 19:14:37.288  1603  1921 I PackageManager:   Category: "android.intent.category.DEFAULT"
06-03 19:14:37.288  1603  1921 I PackageManager:   Scheme: "mms"
06-03 19:14:37.288  1603  1603 D BackupManagerService: Received broadcast Intent { act=android.intent.action.PACKAGE_ADDED dat=package:com.google.android.diskusage flg=0x4000010 (has extras) }
06-03 19:14:37.288  1603  1921 I PackageManager: Adding preferred activity ComponentInfo{com.android.mms/com.android.mms.ui.ComposeMessageActivity} for user 0 :
06-03 19:14:37.298  1603  1683 I PackageManager:   Action: "android.intent.action.SENDTO"
06-03 19:14:37.298  1603  1683 I PackageManager:   Category: "android.intent.category.DEFAULT"
06-03 19:14:37.298  1603  1683 I PackageManager:   Scheme: "mmsto"
06-03 19:14:37.298  1603  1603 V BackupManagerService: addPackageParticipantsLocked: #1
06-03 19:14:37.298  1603  1683 I PackageManager: Adding preferred activity ComponentInfo{com.android.mms/com.android.mms.ui.ComposeMessageActivity} for user 0 :
06-03 19:14:37.308  1815 20435 W GCM     : Unexpected forwarded intent: Intent { act=android.intent.action.PACKAGE_ADDED dat=package:com.google.android.diskusage flg=0x4000010 cmp=com.google.android.gms/.chimera.PersistentIntentOperationService (has extras) }
06-03 19:14:37.308  1815 20223 W GCM     : Unexpected forwarded intent: Intent { act=android.intent.action.PACKAGE_ADDED dat=package:com.google.android.diskusage flg=0x4000010 cmp=com.google.android.gms/.chimera.PersistentIntentOperationService (has extras) }
06-03 19:14:37.308  1878  1878 D dalvikvm: GC_FOR_ALLOC freed 395K, 16% free 3397K/4020K, paused 2ms, total 2ms
06-03 19:14:37.318  1603  1724 I PackageManager:   Action: "android.intent.action.SENDTO"
06-03 19:14:37.318  1603  1724 I PackageManager:   Category: "android.intent.category.DEFAULT"
06-03 19:14:37.318  1603  1724 I PackageManager:   Scheme: "sms"
06-03 19:14:37.318  2469 20438 I Icing.InternalIcingCorporaProvider: Updating corpora: A: com.google.android.diskusage, C: MAYBE
06-03 19:14:37.318  2130 20433 I Auth    : [SupervisedAccountIntentOperation] onHandleIntent(): android.intent.action.PACKAGE_ADDED
06-03 19:14:37.318  2130 20433 I Auth    : [SupervisedAccountIntentOperation] This operation is disabled
06-03 19:14:37.318  1603  1724 I PackageManager: Adding preferred activity ComponentInfo{com.android.mms/com.android.mms.ui.ComposeMessageActivity} for user 0 :
06-03 19:14:37.318  1603  1870 I ActivityManager: Delay finish: com.google.android.googlequicksearchbox/com.google.android.searchcommon.summons.icing.InternalIcingCorporaProvider$CorporaChangedReceiver
06-03 19:14:37.328  1603  1922 I PackageManager:   Action: "android.intent.action.SENDTO"
06-03 19:14:37.328  1603  1922 I PackageManager:   Category: "android.intent.category.DEFAULT"
06-03 19:14:37.328  1603  1922 I PackageManager:   Scheme: "smsto"
06-03 19:14:37.328  2130 20437 I ChromeSync: [Sync,SyncIntentOperation] Handling the intent: Intent { act=android.intent.action.PACKAGE_ADDED dat=package:com.google.android.diskusage flg=0x4000010 cmp=com.google.android.gms/.chimera.GmsIntentOperationService (has extras) }.
06-03 19:14:37.328  2130  2204 E GmsClient: unable to connect to service: com.google.android.gms.auth.key.retrieval.service.START on com.google.android.gms
06-03 19:14:37.328  2130 20432 I FontsPackageChangeOp: Package com.google.android.diskusage has no metadata
06-03 19:14:37.328  1603  1843 W ActivityManager: Unable to start service Intent { act=com.google.android.gms.auth.key.retrieval.service.START pkg=com.google.android.gms } U=0: not found
06-03 19:14:37.328  1603  1922 I PackageManager: Adding preferred activity ComponentInfo{com.android.mms/com.android.mms.ui.ComposeMessageActivity} for user 0 :
06-03 19:14:37.328  1603  1615 W ActivityManager: Unbind failed: could not find connection for android.os.BinderProxy@ad06dc00
06-03 19:14:37.338  1603  1924 I PackageManager:   Action: "android.intent.action.SENDTO"
06-03 19:14:37.338  1603  1924 I PackageManager:   Category: "android.intent.category.DEFAULT"
06-03 19:14:37.338  1603  1924 I PackageManager:   Scheme: "mms"
06-03 19:14:37.338  1603  1924 I PackageManager: Adding preferred activity ComponentInfo{com.android.mms/com.android.mms.ui.ComposeMessageActivity} for user 0 :
06-03 19:14:37.348  2469 20438 W ContextImpl: Implicit intents with startService are not safe: Intent { act=com.google.android.gms.icing.INDEX_SERVICE } android.content.ContextWrapper.bindService:517 com.google.android.gms.internal.av.a:-1 com.google.android.gms.internal.au.connect:-1 
06-03 19:14:37.348  1878  1878 D dalvikvm: GC_FOR_ALLOC freed 363K, 16% free 3393K/4020K, paused 2ms, total 2ms
06-03 19:14:37.368  1603  1724 I PackageManager:   Action: "android.intent.action.SENDTO"
06-03 19:14:37.368  1603  1724 I PackageManager:   Category: "android.intent.category.DEFAULT"
06-03 19:14:37.368  1603  1724 I PackageManager:   Scheme: "mmsto"
06-03 19:14:37.368  1603  1724 I PackageManager: Adding preferred activity ComponentInfo{com.android.mms/com.android.mms.ui.ComposeMessageActivity} for user 0 :
06-03 19:14:37.378  2130 20437 I ChromeSync: [Persistence,AffiliationManager] One of affiliation or grouping data for android://rNAt4VaIlyY3pHz8BYLi5WIuj9ez0RQSzNARlo766a0lro_DIGZ0cCENOm51zDEar36vffWvxAIeWpa5imDwag==@com.google.android.diskusage/ was not found. Marking affiliation data as stale...
06-03 19:14:37.378  2130  2310 I Icing   : IndexChimeraService.getServiceInterface callingPackage=com.google.android.googlequicksearchbox componentName=null serviceId=21
06-03 19:14:37.398  2130 15224 W Icing   : No valid account for uploading user actions
06-03 19:14:37.398  2130 15224 I Icing   : Usage reports ok 0, Failed Usage reports 0, indexed 0, rejected 0
06-03 19:14:37.408  1603  1615 I ActivityManager: Resuming delayed broadcast
06-03 19:14:38.388  2130 15224 I Icing   : Indexing com.google.android.gms-apps from com.google.android.gms
06-03 19:14:38.398  2130 15224 I Icing   : Indexing done com.google.android.gms-apps
06-03 19:14:38.408  2130 15224 I Icing   : Indexing com.google.android.googlequicksearchbox-applications from com.google.android.googlequicksearchbox
06-03 19:14:38.428  2130 15224 I Icing   : Indexing com.google.android.gms-internal.3p:MobileApplication from com.google.android.gms
06-03 19:14:38.438  2130 15224 I Icing   : Indexing done com.google.android.googlequicksearchbox-applications
06-03 19:14:38.438  2130 15224 I Icing   : Indexing done com.google.android.gms-internal.3p:MobileApplication
06-03 19:14:39.348 20450 20450 D AndroidRuntime: 
06-03 19:14:39.348 20450 20450 D AndroidRuntime: >>>>>> AndroidRuntime START com.android.internal.os.RuntimeInit <<<<<<
06-03 19:14:39.348 20450 20450 W linker  : libdvm.so has text relocations. This is wasting memory and is a security risk. Please fix.
06-03 19:14:39.358 20450 20450 D AndroidRuntime: CheckJNI is ON
06-03 19:14:39.358 20450 20450 D dalvikvm: Trying to load lib libjavacore.so 0x0
06-03 19:14:39.358 20450 20450 D dalvikvm: Added shared lib libjavacore.so 0x0
06-03 19:14:39.358 20450 20450 D dalvikvm: Trying to load lib libnativehelper.so 0x0
06-03 19:14:39.358 20450 20450 D dalvikvm: Added shared lib libnativehelper.so 0x0
06-03 19:14:39.358 20450 20450 D dalvikvm: No JNI_OnLoad found in libnativehelper.so 0x0, skipping init
06-03 19:14:39.368 20450 20450 D dalvikvm: Note: class Landroid/app/ActivityManagerNative; has 179 unimplemented (abstract) methods
06-03 19:14:39.398 20450 20450 E memtrack: Couldn't load memtrack module (No such file or directory)
06-03 19:14:39.398 20450 20450 E android.os.Debug: failed to load memtrack module: -2
06-03 19:14:39.418 20450 20450 D AndroidRuntime: Calling main entry com.android.commands.pm.Pm
06-03 19:14:39.448 20450 20450 D AndroidRuntime: Shutting down VM
06-03 19:14:39.448 20450 20455 D dalvikvm: GC_CONCURRENT freed 205K, 28% free 558K/768K, paused 0ms+0ms, total 1ms
06-03 19:14:39.798 20471 20471 D AndroidRuntime: 
06-03 19:14:39.798 20471 20471 D AndroidRuntime: >>>>>> AndroidRuntime START com.android.internal.os.RuntimeInit <<<<<<
06-03 19:14:39.798 20471 20471 W linker  : libdvm.so has text relocations. This is wasting memory and is a security risk. Please fix.
06-03 19:14:39.798 20471 20471 D AndroidRuntime: CheckJNI is ON
06-03 19:14:39.808 20471 20471 D dalvikvm: Trying to load lib libjavacore.so 0x0
06-03 19:14:39.808 20471 20471 D dalvikvm: Added shared lib libjavacore.so 0x0
06-03 19:14:39.808 20471 20471 D dalvikvm: Trying to load lib libnativehelper.so 0x0
06-03 19:14:39.808 20471 20471 D dalvikvm: Added shared lib libnativehelper.so 0x0
06-03 19:14:39.808 20471 20471 D dalvikvm: No JNI_OnLoad found in libnativehelper.so 0x0, skipping init
06-03 19:14:39.828 20471 20471 D dalvikvm: Note: class Landroid/app/ActivityManagerNative; has 179 unimplemented (abstract) methods
06-03 19:14:39.868 20471 20471 E memtrack: Couldn't load memtrack module (No such file or directory)
06-03 19:14:39.868 20471 20471 E android.os.Debug: failed to load memtrack module: -2
06-03 19:14:39.888 20471 20471 D AndroidRuntime: Calling main entry com.android.commands.input.Input
06-03 19:14:39.898 20471 20471 I Input   : injectKeyEvent: KeyEvent { action=ACTION_DOWN, keyCode=KEYCODE_HOME, scanCode=0, metaState=0, flags=0x0, repeatCount=0, eventTime=14595030, downTime=14595030, deviceId=-1, source=0x101 }
06-03 19:14:39.908 20471 20471 I Input   : injectKeyEvent: KeyEvent { action=ACTION_UP, keyCode=KEYCODE_HOME, scanCode=0, metaState=0, flags=0x0, repeatCount=0, eventTime=14595030, downTime=14595030, deviceId=-1, source=0x101 }
06-03 19:14:39.928  1176  1197 D gralloc_ranchu: gralloc_alloc: Creating ashmem region of size 405504
06-03 19:14:39.938  1176  1665 D gralloc_ranchu: gralloc_alloc: Creating ashmem region of size 405504
06-03 19:14:39.968  1603  1924 D dalvikvm: GC_FOR_ALLOC freed 2088K, 40% free 11368K/18752K, paused 10ms, total 11ms
06-03 19:14:39.968  7196  7196 D WebViewTimersControl: onBrowserActivityPause
06-03 19:14:39.968  7196  7196 D WebViewTimersControl: Pausing webview timers, view=com.android.browser.BrowserWebView{ad48d3d8 VFEDHVCL ......ID 0,0-480,684}
06-03 19:14:39.968 20471 20471 D AndroidRuntime: Shutting down VM
06-03 19:14:39.968 20471 20476 D dalvikvm: GC_CONCURRENT freed 96K, 16% free 554K/656K, paused 0ms+0ms, total 0ms
06-03 19:14:39.968  1603  1663 I ActivityManager: START u0 {act=android.intent.action.MAIN cat=[android.intent.category.HOME] flg=0x10200000 cmp=com.android.launcher/com.android.launcher2.Launcher} from pid 1603
06-03 19:14:39.978  2028  2028 D EGL_emulation: eglMakeCurrent: 0xb9492610: ver 3 0
06-03 19:14:39.998  1176  1176 D EGL_emulation: eglMakeCurrent: 0xb78e7980: ver 3 0
06-03 19:14:40.008  1176  1176 D EGL_emulation: eglMakeCurrent: 0xb78e7980: ver 3 0
06-03 19:14:40.018  1176  1176 D EGL_emulation: eglMakeCurrent: 0xb78e7980: ver 3 0
06-03 19:14:40.018  1176  1176 D EGL_emulation: eglMakeCurrent: 0xb78e7980: ver 3 0
06-03 19:14:40.058  2028  2028 D EGL_emulation: eglMakeCurrent: 0xb9492610: ver 3 0
06-03 19:14:40.058  2028  2028 E EGL_emulation: tid 2028: eglSurfaceAttrib(1199): error 0x3009 (EGL_BAD_MATCH)
06-03 19:14:40.058  2028  2028 W HardwareRenderer: Backbuffer cannot be preserved
06-03 19:14:40.068  1176  1176 D EGL_emulation: eglMakeCurrent: 0xb78e7980: ver 3 0
06-03 19:14:40.068  1176  1176 D EGL_emulation: eglMakeCurrent: 0xb78e7980: ver 3 0
06-03 19:14:40.088  1176  1176 D EGL_emulation: eglMakeCurrent: 0xb78e7980: ver 3 0
06-03 19:14:40.088  1176  1176 D EGL_emulation: eglMakeCurrent: 0xb78e7980: ver 3 0
06-03 19:14:40.088  2028  2028 W ResourceType: No known package when getting name for resource number 0x9b000000
06-03 19:14:40.088  2028  2028 W ResourceType: No known package when getting name for resource number 0x9b010100
06-03 19:14:40.088  2028  2028 W ResourceType: No known package when getting name for resource number 0x9b030300
06-03 19:14:40.088  2028  2028 W ResourceType: No known package when getting name for resource number 0x9b040400
06-03 19:14:40.088  2028  2028 W ResourceType: No known package when getting name for resource number 0x9c010003
06-03 19:14:40.098  1176  1176 D EGL_emulation: eglMakeCurrent: 0xb78e7980: ver 3 0
06-03 19:14:40.108  1176  1176 D EGL_emulation: eglMakeCurrent: 0xb78e7980: ver 3 0
06-03 19:14:40.108  2028  2028 W ResourceType: No known package when getting name for resource number 0x9c020100
06-03 19:14:40.118  2028  2028 W ResourceType: No known package when getting name for resource number 0x9c030203
06-03 19:14:40.118  1176  1176 D EGL_emulation: eglMakeCurrent: 0xb78e7980: ver 3 0
06-03 19:14:40.118  1176  1176 D EGL_emulation: eglMakeCurrent: 0xb78e7980: ver 3 0
06-03 19:14:40.128 20242 20242 D dalvikvm: GC_FOR_ALLOC freed 509K, 17% free 3020K/3628K, paused 2ms, total 3ms
06-03 19:14:40.138  1176  1176 D EGL_emulation: eglMakeCurrent: 0xb78e7980: ver 3 0
06-03 19:14:40.138  1176  1176 D EGL_emulation: eglMakeCurrent: 0xb78e7980: ver 3 0
06-03 19:14:40.148  1176  1176 D EGL_emulation: eglMakeCurrent: 0xb78e7980: ver 3 0
06-03 19:14:40.158  1176  1176 D EGL_emulation: eglMakeCurrent: 0xb78e7980: ver 3 0
06-03 19:14:40.158 20242 20242 D dalvikvm: GC_FOR_ALLOC freed 341K, 15% free 3096K/3628K, paused 1ms, total 2ms
06-03 19:14:40.158 20242 20242 I dalvikvm-heap: Grow heap (frag case) to 3.243MB for 130822-byte allocation
06-03 19:14:40.158 20242 20251 D dalvikvm: GC_FOR_ALLOC freed 85K, 17% free 3138K/3756K, paused 2ms, total 2ms
06-03 19:14:40.168  1176  1176 D EGL_emulation: eglMakeCurrent: 0xb78e7980: ver 3 0
06-03 19:14:40.168 20242 20242 D dalvikvm: GC_FOR_ALLOC freed 266K, 21% free 2982K/3756K, paused 2ms, total 2ms
06-03 19:14:40.168  1176  1176 D EGL_emulation: eglMakeCurrent: 0xb78e7980: ver 3 0
06-03 19:14:40.168 20242 20242 D dalvikvm: GC_FOR_ALLOC freed 103K, 21% free 2982K/3756K, paused 1ms, total 1ms
06-03 19:14:40.178  7196  7196 W IInputConnectionWrapper: showStatusIcon on inactive InputConnection
06-03 19:14:40.188  1176  1176 D EGL_emulation: eglMakeCurrent: 0xb78e7980: ver 3 0
06-03 19:14:40.188  1176  1176 D EGL_emulation: eglMakeCurrent: 0xb78e7980: ver 3 0
06-03 19:14:40.198  1176  1176 D EGL_emulation: eglMakeCurrent: 0xb78e7980: ver 3 0
06-03 19:14:40.208  1176  1176 D EGL_emulation: eglMakeCurrent: 0xb78e7980: ver 3 0
06-03 19:14:40.218  1176  1176 D EGL_emulation: eglMakeCurrent: 0xb78e7980: ver 3 0
06-03 19:14:40.218  1176  1176 D EGL_emulation: eglMakeCurrent: 0xb78e7980: ver 3 0
06-03 19:14:40.238  1176  1176 D EGL_emulation: eglMakeCurrent: 0xb78e7980: ver 3 0
06-03 19:14:40.238  1176  1176 D EGL_emulation: eglMakeCurrent: 0xb78e7980: ver 3 0
06-03 19:14:40.258  1176  1176 D EGL_emulation: eglMakeCurrent: 0xb78e7980: ver 3 0
06-03 19:14:40.258  1176  1176 D EGL_emulation: eglMakeCurrent: 0xb78e7980: ver 3 0
06-03 19:14:40.268  1176  1176 D EGL_emulation: eglMakeCurrent: 0xb78e7980: ver 3 0
06-03 19:14:40.268  1176  1176 D EGL_emulation: eglMakeCurrent: 0xb78e7980: ver 3 0
06-03 19:14:40.288  1176  1176 D EGL_emulation: eglMakeCurrent: 0xb78e7980: ver 3 0
06-03 19:14:40.298  1176  1176 D EGL_emulation: eglMakeCurrent: 0xb78e7980: ver 3 0
06-03 19:14:40.298  1176  1176 D EGL_emulation: eglMakeCurrent: 0xb78e7980: ver 3 0
06-03 19:14:40.308  1176  1176 D EGL_emulation: eglMakeCurrent: 0xb78e7980: ver 3 0
06-03 19:14:40.318  1176  1176 D EGL_emulation: eglMakeCurrent: 0xb78e7980: ver 3 0
06-03 19:14:40.328  1176  1176 D EGL_emulation: eglMakeCurrent: 0xb78e7980: ver 3 0
06-03 19:14:40.338  1176  1176 D EGL_emulation: eglMakeCurrent: 0xb78e7980: ver 3 0
06-03 19:14:40.348  1176  1176 D EGL_emulation: eglMakeCurrent: 0xb78e7980: ver 3 0
06-03 19:14:40.348  1176  1176 D EGL_emulation: eglMakeCurrent: 0xb78e7980: ver 3 0
06-03 19:14:40.358  1176  1176 D EGL_emulation: eglMakeCurrent: 0xb78e7980: ver 3 0
06-03 19:14:40.368  1176  1176 D EGL_emulation: eglMakeCurrent: 0xb78e7980: ver 3 0
06-03 19:14:40.368  1176  1176 D EGL_emulation: eglMakeCurrent: 0xb78e7980: ver 3 0
06-03 19:14:40.388  1176  1176 D EGL_emulation: eglMakeCurrent: 0xb78e7980: ver 3 0
06-03 19:14:40.388  1176  1176 D EGL_emulation: eglMakeCurrent: 0xb78e7980: ver 3 0
06-03 19:14:40.398  1176  1176 D EGL_emulation: eglMakeCurrent: 0xb78e7980: ver 3 0
06-03 19:14:40.408  1176  1176 D EGL_emulation: eglMakeCurrent: 0xb78e7980: ver 3 0
06-03 19:14:40.418  1176  1176 D EGL_emulation: eglMakeCurrent: 0xb78e7980: ver 3 0
06-03 19:14:40.428  1176  1176 D EGL_emulation: eglMakeCurrent: 0xb78e7980: ver 3 0
06-03 19:14:40.438  1176  1176 D EGL_emulation: eglMakeCurrent: 0xb78e7980: ver 3 0
06-03 19:14:40.438  1176  1176 D EGL_emulation: eglMakeCurrent: 0xb78e7980: ver 3 0
06-03 19:14:40.448  1176  1176 D EGL_emulation: eglMakeCurrent: 0xb78e7980: ver 3 0
06-03 19:14:40.458  1176  1176 D EGL_emulation: eglMakeCurrent: 0xb78e7980: ver 3 0
06-03 19:14:40.468  1176  1176 D EGL_emulation: eglMakeCurrent: 0xb78e7980: ver 3 0
06-03 19:14:40.478  1176  1176 D EGL_emulation: eglMakeCurrent: 0xb78e7980: ver 3 0
06-03 19:14:40.488  1176  1176 D EGL_emulation: eglMakeCurrent: 0xb78e7980: ver 3 0
06-03 19:14:40.488  1176  1176 D EGL_emulation: eglMakeCurrent: 0xb78e7980: ver 3 0
06-03 19:14:40.498  1176  1176 D EGL_emulation: eglMakeCurrent: 0xb78e7980: ver 3 0
06-03 19:14:40.508  1176  1176 D EGL_emulation: eglMakeCurrent: 0xb78e7980: ver 3 0
06-03 19:14:40.508  7196  7196 D EGL_emulation: eglMakeCurrent: 0xb95396c0: ver 3 0
06-03 19:14:40.518  1176  1176 D EGL_emulation: eglMakeCurrent: 0xb78e7980: ver 3 0
06-03 19:14:40.518  1176  1176 D EGL_emulation: eglMakeCurrent: 0xb78e7980: ver 3 0
06-03 19:14:40.608  1176  1176 D EGL_emulation: eglMakeCurrent: 0xb78e7980: ver 3 0
06-03 19:14:40.608  1176  1176 D EGL_emulation: eglMakeCurrent: 0xb78e7980: ver 3 0
06-03 19:14:40.668  1176  1176 D EGL_emulation: eglMakeCurrent: 0xb78e7980: ver 3 0
06-03 19:14:40.678  1176  1176 D EGL_emulation: eglMakeCurrent: 0xb78e7980: ver 3 0
06-03 19:14:40.688  1176  1176 D EGL_emulation: eglMakeCurrent: 0xb78e7980: ver 3 0
06-03 19:14:40.688  1176  1176 D EGL_emulation: eglMakeCurrent: 0xb78e7980: ver 3 0
06-03 19:14:40.698  1176  1176 D EGL_emulation: eglMakeCurrent: 0xb78e7980: ver 3 0
06-03 19:14:40.708  1176  1176 D EGL_emulation: eglMakeCurrent: 0xb78e7980: ver 3 0
06-03 19:14:40.718  1176  1176 D EGL_emulation: eglMakeCurrent: 0xb78e7980: ver 3 0
06-03 19:14:40.718  1176  1176 D EGL_emulation: eglMakeCurrent: 0xb78e7980: ver 3 0
06-03 19:14:40.738  1176  1176 D EGL_emulation: eglMakeCurrent: 0xb78e7980: ver 3 0
06-03 19:14:40.738  1176  1176 D EGL_emulation: eglMakeCurrent: 0xb78e7980: ver 3 0
06-03 19:14:40.748  1176  1176 D EGL_emulation: eglMakeCurrent: 0xb78e7980: ver 3 0
06-03 19:14:40.758  1176  1176 D EGL_emulation: eglMakeCurrent: 0xb78e7980: ver 3 0
06-03 19:14:40.768  1176  1176 D EGL_emulation: eglMakeCurrent: 0xb78e7980: ver 3 0
06-03 19:14:40.768  1176  1176 D EGL_emulation: eglMakeCurrent: 0xb78e7980: ver 3 0
06-03 19:14:40.788  1176  1176 D EGL_emulation: eglMakeCurrent: 0xb78e7980: ver 3 0
06-03 19:14:40.788  1176  1176 D EGL_emulation: eglMakeCurrent: 0xb78e7980: ver 3 0
06-03 19:14:40.798  1176  1176 D EGL_emulation: eglMakeCurrent: 0xb78e7980: ver 3 0
06-03 19:14:40.808  1176  1176 D EGL_emulation: eglMakeCurrent: 0xb78e7980: ver 3 0
06-03 19:14:40.818  1176  1176 D EGL_emulation: eglMakeCurrent: 0xb78e7980: ver 3 0
06-03 19:14:40.818  1176  1176 D EGL_emulation: eglMakeCurrent: 0xb78e7980: ver 3 0
06-03 19:14:40.838  1176  1176 D EGL_emulation: eglMakeCurrent: 0xb78e7980: ver 3 0
06-03 19:14:40.838  1176  1176 D EGL_emulation: eglMakeCurrent: 0xb78e7980: ver 3 0
06-03 19:14:40.848  1176  1176 D EGL_emulation: eglMakeCurrent: 0xb78e7980: ver 3 0
06-03 19:14:40.858  1176  1176 D EGL_emulation: eglMakeCurrent: 0xb78e7980: ver 3 0
06-03 19:14:40.868  1176  1176 D EGL_emulation: eglMakeCurrent: 0xb78e7980: ver 3 0
06-03 19:14:40.868  1176  1176 D EGL_emulation: eglMakeCurrent: 0xb78e7980: ver 3 0
06-03 19:14:40.888  1176  1176 D EGL_emulation: eglMakeCurrent: 0xb78e7980: ver 3 0
06-03 19:14:40.888  1176  1176 D EGL_emulation: eglMakeCurrent: 0xb78e7980: ver 3 0
06-03 19:14:40.898  1176  1176 D EGL_emulation: eglMakeCurrent: 0xb78e7980: ver 3 0
06-03 19:14:40.908  1176  1176 D EGL_emulation: eglMakeCurrent: 0xb78e7980: ver 3 0
06-03 19:14:40.918  1176  1176 D EGL_emulation: eglMakeCurrent: 0xb78e7980: ver 3 0
06-03 19:14:40.918  1176  1176 D EGL_emulation: eglMakeCurrent: 0xb78e7980: ver 3 0
06-03 19:14:40.938  1176  1176 D EGL_emulation: eglMakeCurrent: 0xb78e7980: ver 3 0
06-03 19:14:40.938  1176  1176 D EGL_emulation: eglMakeCurrent: 0xb78e7980: ver 3 0
06-03 19:14:40.948  1176  1176 D EGL_emulation: eglMakeCurrent: 0xb78e7980: ver 3 0
06-03 19:14:40.958  1176  1176 D EGL_emulation: eglMakeCurrent: 0xb78e7980: ver 3 0
06-03 19:14:40.968  1176  1176 D EGL_emulation: eglMakeCurrent: 0xb78e7980: ver 3 0
06-03 19:14:40.968  1176  1176 D EGL_emulation: eglMakeCurrent: 0xb78e7980: ver 3 0
06-03 19:14:40.988  1176  1176 D EGL_emulation: eglMakeCurrent: 0xb78e7980: ver 3 0
06-03 19:14:40.988  1176  1176 D EGL_emulation: eglMakeCurrent: 0xb78e7980: ver 3 0
06-03 19:14:40.998  1176  1176 D EGL_emulation: eglMakeCurrent: 0xb78e7980: ver 3 0
06-03 19:14:41.008  1176  1176 D EGL_emulation: eglMakeCurrent: 0xb78e7980: ver 3 0
06-03 19:14:41.018  1176  1176 D EGL_emulation: eglMakeCurrent: 0xb78e7980: ver 3 0
06-03 19:14:41.018  1176  1176 D EGL_emulation: eglMakeCurrent: 0xb78e7980: ver 3 0
06-03 19:14:41.038  1176  1176 D EGL_emulation: eglMakeCurrent: 0xb78e7980: ver 3 0
06-03 19:14:41.038  1176  1176 D EGL_emulation: eglMakeCurrent: 0xb78e7980: ver 3 0
06-03 19:14:41.048  1176  1176 D EGL_emulation: eglMakeCurrent: 0xb78e7980: ver 3 0
06-03 19:14:41.058  1176  1176 D EGL_emulation: eglMakeCurrent: 0xb78e7980: ver 3 0
06-03 19:14:41.068  1176  1176 D EGL_emulation: eglMakeCurrent: 0xb78e7980: ver 3 0
06-03 19:14:41.068  1176  1176 D EGL_emulation: eglMakeCurrent: 0xb78e7980: ver 3 0
06-03 19:14:41.088  1176  1176 D EGL_emulation: eglMakeCurrent: 0xb78e7980: ver 3 0
06-03 19:14:41.088  1176  1176 D EGL_emulation: eglMakeCurrent: 0xb78e7980: ver 3 0
06-03 19:14:41.098  1176  1176 D EGL_emulation: eglMakeCurrent: 0xb78e7980: ver 3 0
06-03 19:14:41.108  1176  1176 D EGL_emulation: eglMakeCurrent: 0xb78e7980: ver 3 0
06-03 19:14:41.118  1176  1176 D EGL_emulation: eglMakeCurrent: 0xb78e7980: ver 3 0
06-03 19:14:41.128  1176  1176 D EGL_emulation: eglMakeCurrent: 0xb78e7980: ver 3 0
06-03 19:14:41.138  1176  1176 D EGL_emulation: eglMakeCurrent: 0xb78e7980: ver 3 0
06-03 19:14:41.138  1176  1176 D EGL_emulation: eglMakeCurrent: 0xb78e7980: ver 3 0
06-03 19:14:41.148  1176  1176 D EGL_emulation: eglMakeCurrent: 0xb78e7980: ver 3 0
06-03 19:14:41.158  1176  1176 D EGL_emulation: eglMakeCurrent: 0xb78e7980: ver 3 0
06-03 19:14:41.168  1176  1176 D EGL_emulation: eglMakeCurrent: 0xb78e7980: ver 3 0
06-03 19:14:41.168  1176  1176 D EGL_emulation: eglMakeCurrent: 0xb78e7980: ver 3 0
06-03 19:14:41.188  1176  1176 D EGL_emulation: eglMakeCurrent: 0xb78e7980: ver 3 0
06-03 19:14:41.188  1176  1176 D EGL_emulation: eglMakeCurrent: 0xb78e7980: ver 3 0
06-03 19:14:41.198  1176  1176 D EGL_emulation: eglMakeCurrent: 0xb78e7980: ver 3 0
06-03 19:14:41.208  1176  1176 D EGL_emulation: eglMakeCurrent: 0xb78e7980: ver 3 0
06-03 19:14:41.218  1176  1176 D EGL_emulation: eglMakeCurrent: 0xb78e7980: ver 3 0
06-03 19:14:41.218  1176  1176 D EGL_emulation: eglMakeCurrent: 0xb78e7980: ver 3 0
06-03 19:14:41.238  1176  1176 D EGL_emulation: eglMakeCurrent: 0xb78e7980: ver 3 0
06-03 19:14:41.238  1176  1176 D EGL_emulation: eglMakeCurrent: 0xb78e7980: ver 3 0
06-03 19:14:41.248  1176  1176 D EGL_emulation: eglMakeCurrent: 0xb78e7980: ver 3 0
06-03 19:14:41.258  1176  1176 D EGL_emulation: eglMakeCurrent: 0xb78e7980: ver 3 0
