06-03 19:14:45.218 20242 20242 E AccessibilityNodeInfoCache: Disconneced node: android.view.accessibility.AccessibilityNodeInfo@524b9; boundsInParent: Rect(0, 0 - 344, 456); boundsInScreen: Rect(0, 116 - 516, 800); packageName: com.android.browser; className: android.view.View; text: null; contentDescription: Webpage not available; viewIdResName: null; checkable: false; checked: false; focusable: true; focused: true; selected: false; clickable: false; longClickable: false; enabled: true; password: false; scrollable: true; [ACTION_CLEAR_FOCUS, ACTION_CLEAR_ACCESSIBILITY_FOCUS]
06-03 19:14:45.218 20242 20242 E AccessibilityNodeInfoCache: Disconneced node: android.view.accessibility.AccessibilityNodeInfo@52535; boundsInParent: Rect(0, 0 - 0, 0); boundsInScreen: Rect(0, 116 - 0, 116); packageName: com.android.browser; className: android.view.View; text: null; contentDescription: ; viewIdResName: null; checkable: false; checked: false; focusable: false; focused: false; selected: false; clickable: false; longClickable: false; enabled: true; password: false; scrollable: false; [ACTION_ACCESSIBILITY_FOCUS]
06-03 19:14:45.218 20242 20242 E AccessibilityNodeInfoCache: Disconneced node: android.view.accessibility.AccessibilityNodeInfo@52554; boundsInParent: Rect(8, 5 - 312, 34); boundsInScreen: Rect(12, 123 - 468, 167); packageName: com.android.browser; className: android.view.View; text: null; contentDescription: Webpage not available Heading; viewIdResName: null; checkable: false; checked: false; focusable: false; focused: false; selected: false; clickable: true; longClickable: false; enabled: true; password: false; scrollable: false; [ACTION_CLICK, ACTION_ACCESSIBILITY_FOCUS]
06-03 19:14:45.218 20242 20242 E AccessibilityNodeInfoCache: Disconneced node: android.view.accessibility.AccessibilityNodeInfo@52573; boundsInParent: Rect(8, 54 - 344, 235); boundsInScreen: Rect(12, 197 - 516, 468); packageName: com.android.browser; className: android.view.View; text: null; contentDescription: ; viewIdResName: null; checkable: false; checked: false; focusable: false; focused: false; selected: false; clickable: false; longClickable: false; enabled: true; password: false; scrollable: false; [ACTION_ACCESSIBILITY_FOCUS]
06-03 19:14:45.218 20242 20242 E AccessibilityNodeInfoCache: Disconneced node: android.view.accessibility.AccessibilityNodeInfo@52592; boundsInParent: Rect(8, 250 - 312, 271); boundsInScreen: Rect(12, 491 - 468, 522); packageName: com.android.browser; className: android.view.View; text: null; contentDescription: Suggestions:; viewIdResName: null; checkable: false; checked: false; focusable: false; focused: false; selected: false; clickable: true; longClickable: false; enabled: true; password: false; scrollable: false; [ACTION_CLICK, ACTION_ACCESSIBILITY_FOCUS]
06-03 19:14:45.218 20242 20242 E AccessibilityNodeInfoCache: Disconneced node: android.view.accessibility.AccessibilityNodeInfo@525b1; boundsInParent: Rect(8, 286 - 312, 367); boundsInScreen: Rect(12, 545 - 468, 666); packageName: com.android.browser; className: android.widget.ListView; text: null; contentDescription: ; viewIdResName: null; checkable: false; checked: false; focusable: false; focused: false; selected: false; clickable: false; longClickable: false; enabled: true; password: false; scrollable: false; [ACTION_ACCESSIBILITY_FOCUS]
06-03 19:14:45.218 20242 20242 E AccessibilityNodeInfoCache: Disconneced node: android.view.accessibility.AccessibilityNodeInfo@5262d; boundsInParent: Rect(0, -1 - 114, 20); boundsInScreen: Rect(12, 195 - 183, 227); packageName: com.android.browser; className: android.view.View; text: null; contentDescription: The webpage at; viewIdResName: null; checkable: false; checked: false; focusable: false; focused: false; selected: false; clickable: true; longClickable: false; enabled: true; password: false; scrollable: false; [ACTION_CLICK, ACTION_ACCESSIBILITY_FOCUS]
06-03 19:14:45.218 20242 20242 E AccessibilityNodeInfoCache: Disconneced node: android.view.accessibility.AccessibilityNodeInfo@5264c; boundsInParent: Rect(0, 19 - 336, 120); boundsInScreen: Rect(12, 225 - 516, 377); packageName: com.android.browser; className: android.view.View; text: null; contentDescription: http://www.google.com/search?redir_esc=&client=ms-android-google&hl=en-US&safe=images&q=address&source=android-unknown&qsubts=1591209027211&devloc=0 Link; viewIdResName: null; checkable: false; checked: false; focusable: true; focused: false; selected: false; clickable: true; longClickable: false; enabled: true; password: false; scrollable: false; [ACTION_FOCUS, ACTION_CLICK, ACTION_ACCESSIBILITY_FOCUS]
06-03 19:14:45.218 20242 20242 E AccessibilityNodeInfoCache: Disconneced node: android.view.accessibility.AccessibilityNodeInfo@5266b; boundsInParent: Rect(0, 119 - 297, 180); boundsInScreen: Rect(12, 375 - 457, 467); packageName: com.android.browser; className: android.view.View; text: null; contentDescription: might be temporarily down or it may have moved permanently to a new web address.; viewIdResName: null; checkable: false; checked: false; focusable: false; focused: false; selected: false; clickable: true; longClickable: false; enabled: true; password: false; scrollable: false; [ACTION_CLICK, ACTION_ACCESSIBILITY_FOCUS]
06-03 19:14:45.218 20242 20242 E AccessibilityNodeInfoCache: Disconneced node: android.view.accessibility.AccessibilityNodeInfo@526e7; boundsInParent: Rect(40, 0 - 304, 41); boundsInScreen: Rect(72, 545 - 468, 606); packageName: com.android.browser; className: android.view.View; text: null; contentDescription: ; viewIdResName: null; checkable: false; checked: false; focusable: false; focused: false; selected: false; clickable: false; longClickable: false; enabled: true; password: false; scrollable: false; [ACTION_ACCESSIBILITY_FOCUS]
06-03 19:14:45.228 20242 20242 E AccessibilityNodeInfoCache: Disconneced node: android.view.accessibility.AccessibilityNodeInfo@52706; boundsInParent: Rect(40, 40 - 304, 61); boundsInScreen: Rect(72, 605 - 468, 636); packageName: com.android.browser; className: android.view.View; text: null; contentDescription: ; viewIdResName: null; checkable: false; checked: false; focusable: false; focused: false; selected: false; clickable: false; longClickable: false; enabled: true; password: false; scrollable: false; [ACTION_ACCESSIBILITY_FOCUS]
06-03 19:14:45.228 20242 20242 E AccessibilityNodeInfoCache: Disconneced node: android.view.accessibility.AccessibilityNodeInfo@52725; boundsInParent: Rect(40, 60 - 304, 81); boundsInScreen: Rect(72, 635 - 468, 666); packageName: com.android.browser; className: android.view.View; text: null; contentDescription: ; viewIdResName: null; checkable: false; checked: false; focusable: false; focused: false; selected: false; clickable: false; longClickable: false; enabled: true; password: false; scrollable: false; [ACTION_ACCESSIBILITY_FOCUS]
06-03 19:14:45.228 20242 20242 E AccessibilityNodeInfoCache: Disconneced node: android.view.accessibility.AccessibilityNodeInfo@52744; boundsInParent: Rect(-18, 0 - -11, 21); boundsInScreen: Rect(45, 545 - 55, 576); packageName: com.android.browser; className: android.view.View; text: null; contentDescription: ; viewIdResName: null; checkable: false; checked: false; focusable: false; focused: false; selected: false; clickable: true; longClickable: false; enabled: true; password: false; scrollable: false; [ACTION_CLICK, ACTION_ACCESSIBILITY_FOCUS]
06-03 19:14:45.228 20242 20242 E AccessibilityNodeInfoCache: Disconneced node: android.view.accessibility.AccessibilityNodeInfo@52763; boundsInParent: Rect(0, -1 - 192, 40); boundsInScreen: Rect(72, 543 - 360, 605); packageName: com.android.browser; className: android.view.View; text: null; contentDescription: Make sure you have a data connection; viewIdResName: null; checkable: false; checked: false; focusable: false; focused: false; selected: false; clickable: true; longClickable: false; enabled: true; password: false; scrollable: false; [ACTION_CLICK, ACTION_ACCESSIBILITY_FOCUS]
06-03 19:14:45.228 20242 20242 E AccessibilityNodeInfoCache: Disconneced node: android.view.accessibility.AccessibilityNodeInfo@52782; boundsInParent: Rect(-18, 0 - -11, 21); boundsInScreen: Rect(45, 605 - 55, 636); packageName: com.android.browser; className: android.view.View; text: null; contentDescription: ; viewIdResName: null; checkable: false; checked: false; focusable: false; focused: false; selected: false; clickable: true; longClickable: false; enabled: true; password: false; scrollable: false; [ACTION_CLICK, ACTION_ACCESSIBILITY_FOCUS]
06-03 19:14:45.228 20242 20242 E AccessibilityNodeInfoCache: Disconneced node: android.view.accessibility.AccessibilityNodeInfo@527a1; boundsInParent: Rect(0, -1 - 185, 20); boundsInScreen: Rect(72, 603 - 349, 635); packageName: com.android.browser; className: android.view.View; text: null; contentDescription: Reload this webpage later; viewIdResName: null; checkable: false; checked: false; focusable: false; focused: false; selected: false; clickable: true; longClickable: false; enabled: true; password: false; scrollable: false; [ACTION_CLICK, ACTION_ACCESSIBILITY_FOCUS]
06-03 19:14:45.228 20242 20242 E AccessibilityNodeInfoCache: Disconneced node: android.view.accessibility.AccessibilityNodeInfo@527c0; boundsInParent: Rect(-18, 0 - -11, 21); boundsInScreen: Rect(45, 635 - 55, 666); packageName: com.android.browser; className: android.view.View; text: null; contentDescription: ; viewIdResName: null; checkable: false; checked: false; focusable: false; focused: false; selected: false; clickable: true; longClickable: false; enabled: true; password: false; scrollable: false; [ACTION_CLICK, ACTION_ACCESSIBILITY_FOCUS]
06-03 19:14:45.228 20242 20242 E AccessibilityNodeInfoCache: Disconneced node: android.view.accessibility.AccessibilityNodeInfo@527df; boundsInParent: Rect(0, -1 - 221, 20); boundsInScreen: Rect(72, 633 - 403, 665); packageName: com.android.browser; className: android.view.View; text: null; contentDescription: Check the address you entered; viewIdResName: null; checkable: false; checked: false; focusable: false; focused: false; selected: false; clickable: true; longClickable: false; enabled: true; password: false; scrollable: false; [ACTION_CLICK, ACTION_ACCESSIBILITY_FOCUS]
06-03 19:14:45.228 20242 20242 E AccessibilityInteractionClient: 18 Disconnected nodes.
06-03 19:14:45.238  1176  1176 D EGL_emulation: eglMakeCurrent: 0xb78e7980: ver 3 0
06-03 19:14:45.238  1176  1176 D EGL_emulation: eglMakeCurrent: 0xb78e7980: ver 3 0
06-03 19:14:45.248 20242 20638 D dalvikvm: GC_FOR_ALLOC freed 537K, 23% free 2900K/3756K, paused 2ms, total 2ms
06-03 19:14:45.248  1176  1176 D EGL_emulation: eglMakeCurrent: 0xb78e7980: ver 3 0
06-03 19:14:45.258  1176  1176 D EGL_emulation: eglMakeCurrent: 0xb78e7980: ver 3 0
06-03 19:14:45.268  1176  1176 D EGL_emulation: eglMakeCurrent: 0xb78e7980: ver 3 0
06-03 19:14:45.268  1176  1176 D EGL_emulation: eglMakeCurrent: 0xb78e7980: ver 3 0
06-03 19:14:45.288  1176  1176 D EGL_emulation: eglMakeCurrent: 0xb78e7980: ver 3 0
06-03 19:14:45.288  1176  1176 D EGL_emulation: eglMakeCurrent: 0xb78e7980: ver 3 0
06-03 19:14:45.298  1176  1176 D EGL_emulation: eglMakeCurrent: 0xb78e7980: ver 3 0
06-03 19:14:45.308  1176  1176 D EGL_emulation: eglMakeCurrent: 0xb78e7980: ver 3 0
06-03 19:14:45.318  1176  1176 D EGL_emulation: eglMakeCurrent: 0xb78e7980: ver 3 0
06-03 19:14:45.318  1176  1176 D EGL_emulation: eglMakeCurrent: 0xb78e7980: ver 3 0
06-03 19:14:45.338  1176  1176 D EGL_emulation: eglMakeCurrent: 0xb78e7980: ver 3 0
06-03 19:14:45.338  1176  1176 D EGL_emulation: eglMakeCurrent: 0xb78e7980: ver 3 0
06-03 19:14:45.348  1176  1176 D EGL_emulation: eglMakeCurrent: 0xb78e7980: ver 3 0
06-03 19:14:45.358  1176  1176 D EGL_emulation: eglMakeCurrent: 0xb78e7980: ver 3 0
06-03 19:14:45.368  1176  1176 D EGL_emulation: eglMakeCurrent: 0xb78e7980: ver 3 0
06-03 19:14:45.368  2028  2028 D EGL_emulation: eglMakeCurrent: 0xb9492610: ver 3 0
06-03 19:14:45.368  1176  1176 D EGL_emulation: eglMakeCurrent: 0xb78e7980: ver 3 0
06-03 19:14:45.378  1176  1176 D EGL_emulation: eglMakeCurrent: 0xb78e7980: ver 3 0
06-03 19:14:45.388  1176  1176 D EGL_emulation: eglMakeCurrent: 0xb78e7980: ver 3 0
06-03 19:14:45.418  1176  1176 D EGL_emulation: eglMakeCurrent: 0xb78e7980: ver 3 0
06-03 19:14:45.418  1176  1176 D EGL_emulation: eglMakeCurrent: 0xb78e7980: ver 3 0
06-03 19:14:46.228  1176  1176 D EGL_emulation: eglMakeCurrent: 0xb78e7980: ver 3 0
06-03 19:14:46.238  1176  1176 D EGL_emulation: eglMakeCurrent: 0xb78e7980: ver 3 0
06-03 19:14:46.248  1176  1176 D EGL_emulation: eglMakeCurrent: 0xb78e7980: ver 3 0
06-03 19:14:46.258  1176  1176 D EGL_emulation: eglMakeCurrent: 0xb78e7980: ver 3 0
06-03 19:14:46.268  1176  1176 D EGL_emulation: eglMakeCurrent: 0xb78e7980: ver 3 0
06-03 19:14:46.278  1176  1176 D EGL_emulation: eglMakeCurrent: 0xb78e7980: ver 3 0
06-03 19:14:46.298  1176  1176 D EGL_emulation: eglMakeCurrent: 0xb78e7980: ver 3 0
06-03 19:14:46.308  1176  1176 D EGL_emulation: eglMakeCurrent: 0xb78e7980: ver 3 0
06-03 19:14:46.338  1176  1176 D EGL_emulation: eglMakeCurrent: 0xb78e7980: ver 3 0
06-03 19:14:46.348  1176  1176 D EGL_emulation: eglMakeCurrent: 0xb78e7980: ver 3 0
06-03 19:14:46.348  1176  1176 D EGL_emulation: eglMakeCurrent: 0xb78e7980: ver 3 0
06-03 19:14:46.358  1176  1176 D EGL_emulation: eglMakeCurrent: 0xb78e7980: ver 3 0
06-03 19:14:46.368  1176  1176 D EGL_emulation: eglMakeCurrent: 0xb78e7980: ver 3 0
06-03 19:14:46.368  1176  1176 D EGL_emulation: eglMakeCurrent: 0xb78e7980: ver 3 0
06-03 19:14:46.388  1176  1176 D EGL_emulation: eglMakeCurrent: 0xb78e7980: ver 3 0
06-03 19:14:46.388  1176  1176 D EGL_emulation: eglMakeCurrent: 0xb78e7980: ver 3 0
06-03 19:14:46.408  1176  1176 D EGL_emulation: eglMakeCurrent: 0xb78e7980: ver 3 0
06-03 19:14:46.408  1176  1176 D EGL_emulation: eglMakeCurrent: 0xb78e7980: ver 3 0
06-03 19:14:46.438  1176  1176 D EGL_emulation: eglMakeCurrent: 0xb78e7980: ver 3 0
06-03 19:14:46.438  1176  1176 D EGL_emulation: eglMakeCurrent: 0xb78e7980: ver 3 0
06-03 19:14:46.468  1176  1176 D EGL_emulation: eglMakeCurrent: 0xb78e7980: ver 3 0
06-03 19:14:46.468  1176  1176 D EGL_emulation: eglMakeCurrent: 0xb78e7980: ver 3 0
06-03 19:14:46.478  1176  1176 D EGL_emulation: eglMakeCurrent: 0xb78e7980: ver 3 0
06-03 19:14:46.488  1176  1176 D EGL_emulation: eglMakeCurrent: 0xb78e7980: ver 3 0
06-03 19:14:46.498 20675 20675 D AndroidRuntime: 
06-03 19:14:46.498 20675 20675 D AndroidRuntime: >>>>>> AndroidRuntime START com.android.internal.os.RuntimeInit <<<<<<
06-03 19:14:46.498 20675 20675 W linker  : libdvm.so has text relocations. This is wasting memory and is a security risk. Please fix.
06-03 19:14:46.498 20675 20675 D AndroidRuntime: CheckJNI is ON
06-03 19:14:46.498  1176  1176 D EGL_emulation: eglMakeCurrent: 0xb78e7980: ver 3 0
06-03 19:14:46.508 20675 20675 D dalvikvm: Trying to load lib libjavacore.so 0x0
06-03 19:14:46.508 20675 20675 D dalvikvm: Added shared lib libjavacore.so 0x0
06-03 19:14:46.508 20675 20675 D dalvikvm: Trying to load lib libnativehelper.so 0x0
06-03 19:14:46.508 20675 20675 D dalvikvm: Added shared lib libnativehelper.so 0x0
06-03 19:14:46.508  1176  1176 D EGL_emulation: eglMakeCurrent: 0xb78e7980: ver 3 0
06-03 19:14:46.508 20675 20675 D dalvikvm: No JNI_OnLoad found in libnativehelper.so 0x0, skipping init
06-03 19:14:46.518 20675 20675 D dalvikvm: Note: class Landroid/app/ActivityManagerNative; has 179 unimplemented (abstract) methods
06-03 19:14:46.548 20675 20675 E memtrack: Couldn't load memtrack module (No such file or directory)
06-03 19:14:46.548 20675 20675 E android.os.Debug: failed to load memtrack module: -2
06-03 19:14:46.568 20675 20675 D AndroidRuntime: Calling main entry com.android.commands.am.Am
06-03 19:14:46.578 20675 20675 D AndroidRuntime: Shutting down VM
06-03 19:14:46.578 20675 20680 D dalvikvm: GC_CONCURRENT freed 96K, 15% free 576K/676K, paused 0ms+0ms, total 0ms
06-03 19:14:46.578  1603  1683 I ActivityManager: START u0 {act=android.intent.action.MAIN cat=[android.intent.category.LAUNCHER] flg=0x10000000 cmp=com.google.android.diskusage/..SelectActivity} from pid 20675
06-03 19:14:47.148  1603  1615 I ActivityManager: Killing 11408:com.android.keychain/1000 (adj 15): empty for 5930s
06-03 19:14:47.878  1603  1843 D dalvikvm: GC_FOR_ALLOC freed 2013K, 40% free 11383K/18752K, paused 10ms, total 10ms
06-03 19:14:48.208 20733 20733 D AndroidRuntime: 
06-03 19:14:48.208 20733 20733 D AndroidRuntime: >>>>>> AndroidRuntime START com.android.internal.os.RuntimeInit <<<<<<
06-03 19:14:48.208 20733 20733 W linker  : libdvm.so has text relocations. This is wasting memory and is a security risk. Please fix.
06-03 19:14:48.208 20733 20733 D AndroidRuntime: CheckJNI is ON
06-03 19:14:48.218 20733 20733 D dalvikvm: Trying to load lib libjavacore.so 0x0
06-03 19:14:48.218 20733 20733 D dalvikvm: Added shared lib libjavacore.so 0x0
06-03 19:14:48.218 20733 20733 D dalvikvm: Trying to load lib libnativehelper.so 0x0
06-03 19:14:48.218 20733 20733 D dalvikvm: Added shared lib libnativehelper.so 0x0
06-03 19:14:48.218 20733 20733 D dalvikvm: No JNI_OnLoad found in libnativehelper.so 0x0, skipping init
06-03 19:14:48.228 20733 20733 D dalvikvm: Note: class Landroid/app/ActivityManagerNative; has 179 unimplemented (abstract) methods
06-03 19:14:48.258 20733 20733 E memtrack: Couldn't load memtrack module (No such file or directory)
06-03 19:14:48.258 20733 20733 E android.os.Debug: failed to load memtrack module: -2
06-03 19:14:48.278 20733 20733 D AndroidRuntime: Calling main entry com.android.commands.input.Input
06-03 19:14:48.278 20733 20733 I Input   : injectMotionEvent: MotionEvent { action=ACTION_DOWN, id[0]=0, x[0]=237.0, y[0]=649.0, toolType[0]=TOOL_TYPE_UNKNOWN, buttonState=0, metaState=0, flags=0x0, edgeFlags=0x0, pointerCount=1, historySize=0, eventTime=14603413, downTime=14603413, deviceId=0, source=0x1002 }
06-03 19:14:48.278 20733 20733 I Input   : injectMotionEvent: MotionEvent { action=ACTION_MOVE, id[0]=0, x[0]=237.0, y[0]=649.0, toolType[0]=TOOL_TYPE_UNKNOWN, buttonState=0, metaState=0, flags=0x0, edgeFlags=0x0, pointerCount=1, historySize=0, eventTime=14603413, downTime=14603413, deviceId=0, source=0x1002 }
06-03 19:14:48.298 20733 20733 I Input   : injectMotionEvent: MotionEvent { action=ACTION_MOVE, id[0]=0, x[0]=237.0, y[0]=649.0, toolType[0]=TOOL_TYPE_UNKNOWN, buttonState=0, metaState=0, flags=0x0, edgeFlags=0x0, pointerCount=1, historySize=0, eventTime=14603434, downTime=14603434, deviceId=0, source=0x1002 }
06-03 19:14:48.318 20733 20733 I Input   : injectMotionEvent: MotionEvent { action=ACTION_MOVE, id[0]=0, x[0]=237.0, y[0]=649.0, toolType[0]=TOOL_TYPE_UNKNOWN, buttonState=0, metaState=0, flags=0x0, edgeFlags=0x0, pointerCount=1, historySize=0, eventTime=14603452, downTime=14603452, deviceId=0, source=0x1002 }
06-03 19:14:48.328 20733 20733 I Input   : injectMotionEvent: MotionEvent { action=ACTION_MOVE, id[0]=0, x[0]=237.0, y[0]=649.0, toolType[0]=TOOL_TYPE_UNKNOWN, buttonState=0, metaState=0, flags=0x0, edgeFlags=0x0, pointerCount=1, historySize=0, eventTime=14603468, downTime=14603468, deviceId=0, source=0x1002 }
06-03 19:14:48.348 20733 20733 I Input   : injectMotionEvent: MotionEvent { action=ACTION_MOVE, id[0]=0, x[0]=237.0, y[0]=649.0, toolType[0]=TOOL_TYPE_UNKNOWN, buttonState=0, metaState=0, flags=0x0, edgeFlags=0x0, pointerCount=1, historySize=0, eventTime=14603484, downTime=14603484, deviceId=0, source=0x1002 }
06-03 19:14:48.368 20733 20733 I Input   : injectMotionEvent: MotionEvent { action=ACTION_MOVE, id[0]=0, x[0]=237.0, y[0]=649.0, toolType[0]=TOOL_TYPE_UNKNOWN, buttonState=0, metaState=0, flags=0x0, edgeFlags=0x0, pointerCount=1, historySize=0, eventTime=14603503, downTime=14603503, deviceId=0, source=0x1002 }
06-03 19:14:48.378 20733 20733 I Input   : injectMotionEvent: MotionEvent { action=ACTION_MOVE, id[0]=0, x[0]=237.0, y[0]=649.0, toolType[0]=TOOL_TYPE_UNKNOWN, buttonState=0, metaState=0, flags=0x0, edgeFlags=0x0, pointerCount=1, historySize=0, eventTime=14603518, downTime=14603518, deviceId=0, source=0x1002 }
06-03 19:14:48.398 20733 20733 I Input   : injectMotionEvent: MotionEvent { action=ACTION_MOVE, id[0]=0, x[0]=237.0, y[0]=649.0, toolType[0]=TOOL_TYPE_UNKNOWN, buttonState=0, metaState=0, flags=0x0, edgeFlags=0x0, pointerCount=1, historySize=0, eventTime=14603535, downTime=14603535, deviceId=0, source=0x1002 }
06-03 19:14:48.418 20733 20733 I Input   : injectMotionEvent: MotionEvent { action=ACTION_MOVE, id[0]=0, x[0]=237.0, y[0]=649.0, toolType[0]=TOOL_TYPE_UNKNOWN, buttonState=0, metaState=0, flags=0x0, edgeFlags=0x0, pointerCount=1, historySize=0, eventTime=14603552, downTime=14603552, deviceId=0, source=0x1002 }
06-03 19:14:48.428 20733 20733 I Input   : injectMotionEvent: MotionEvent { action=ACTION_MOVE, id[0]=0, x[0]=237.0, y[0]=649.0, toolType[0]=TOOL_TYPE_UNKNOWN, buttonState=0, metaState=0, flags=0x0, edgeFlags=0x0, pointerCount=1, historySize=0, eventTime=14603568, downTime=14603568, deviceId=0, source=0x1002 }
06-03 19:14:48.448 20733 20733 I Input   : injectMotionEvent: MotionEvent { action=ACTION_MOVE, id[0]=0, x[0]=237.0, y[0]=649.0, toolType[0]=TOOL_TYPE_UNKNOWN, buttonState=0, metaState=0, flags=0x0, edgeFlags=0x0, pointerCount=1, historySize=0, eventTime=14603585, downTime=14603585, deviceId=0, source=0x1002 }
06-03 19:14:48.468 20733 20733 I Input   : injectMotionEvent: MotionEvent { action=ACTION_MOVE, id[0]=0, x[0]=237.0, y[0]=649.0, toolType[0]=TOOL_TYPE_UNKNOWN, buttonState=0, metaState=0, flags=0x0, edgeFlags=0x0, pointerCount=1, historySize=0, eventTime=14603602, downTime=14603602, deviceId=0, source=0x1002 }
06-03 19:14:48.478 20733 20733 I Input   : injectMotionEvent: MotionEvent { action=ACTION_UP, id[0]=0, x[0]=237.0, y[0]=649.0, toolType[0]=TOOL_TYPE_UNKNOWN, buttonState=0, metaState=0, flags=0x0, edgeFlags=0x0, pointerCount=1, historySize=0, eventTime=14603618, downTime=14603618, deviceId=0, source=0x1002 }
06-03 19:14:48.488 20733 20733 D AndroidRuntime: Shutting down VM
06-03 19:14:48.488 20733 20738 D dalvikvm: GC_CONCURRENT freed 134K, 20% free 558K/696K, paused 0ms+0ms, total 1ms
06-03 19:14:48.958  7196  7196 W Controller: We should not show context menu when nothing is touched
06-03 19:14:48.958 20242 20242 E AccessibilityNodeInfoCache: Disconneced node: android.view.accessibility.AccessibilityNodeInfo@524b9; boundsInParent: Rect(0, 0 - 344, 456); boundsInScreen: Rect(0, 116 - 516, 800); packageName: com.android.browser; className: android.view.View; text: null; contentDescription: Webpage not available; viewIdResName: null; checkable: false; checked: false; focusable: true; focused: true; selected: false; clickable: false; longClickable: false; enabled: true; password: false; scrollable: true; [ACTION_CLEAR_FOCUS, ACTION_CLEAR_ACCESSIBILITY_FOCUS]
06-03 19:14:48.958 20242 20242 E AccessibilityNodeInfoCache: Disconneced node: android.view.accessibility.AccessibilityNodeInfo@52535; boundsInParent: Rect(0, 0 - 0, 0); boundsInScreen: Rect(0, 116 - 0, 116); packageName: com.android.browser; className: android.view.View; text: null; contentDescription: ; viewIdResName: null; checkable: false; checked: false; focusable: false; focused: false; selected: false; clickable: false; longClickable: false; enabled: true; password: false; scrollable: false; [ACTION_ACCESSIBILITY_FOCUS]
06-03 19:14:48.958 20242 20242 E AccessibilityNodeInfoCache: Disconneced node: android.view.accessibility.AccessibilityNodeInfo@52554; boundsInParent: Rect(8, 5 - 312, 34); boundsInScreen: Rect(12, 123 - 468, 167); packageName: com.android.browser; className: android.view.View; text: null; contentDescription: Webpage not available Heading; viewIdResName: null; checkable: false; checked: false; focusable: false; focused: false; selected: false; clickable: true; longClickable: false; enabled: true; password: false; scrollable: false; [ACTION_CLICK, ACTION_ACCESSIBILITY_FOCUS]
06-03 19:14:48.958 20242 20242 E AccessibilityNodeInfoCache: Disconneced node: android.view.accessibility.AccessibilityNodeInfo@52573; boundsInParent: Rect(8, 54 - 344, 235); boundsInScreen: Rect(12, 197 - 516, 468); packageName: com.android.browser; className: android.view.View; text: null; contentDescription: ; viewIdResName: null; checkable: false; checked: false; focusable: false; focused: false; selected: false; clickable: false; longClickable: false; enabled: true; password: false; scrollable: false; [ACTION_ACCESSIBILITY_FOCUS]
06-03 19:14:48.958 20242 20242 E AccessibilityNodeInfoCache: Disconneced node: android.view.accessibility.AccessibilityNodeInfo@52592; boundsInParent: Rect(8, 250 - 312, 271); boundsInScreen: Rect(12, 491 - 468, 522); packageName: com.android.browser; className: android.view.View; text: null; contentDescription: Suggestions:; viewIdResName: null; checkable: false; checked: false; focusable: false; focused: false; selected: false; clickable: true; longClickable: false; enabled: true; password: false; scrollable: false; [ACTION_CLICK, ACTION_ACCESSIBILITY_FOCUS]
06-03 19:14:48.958 20242 20242 E AccessibilityNodeInfoCache: Disconneced node: android.view.accessibility.AccessibilityNodeInfo@525b1; boundsInParent: Rect(8, 286 - 312, 367); boundsInScreen: Rect(12, 545 - 468, 666); packageName: com.android.browser; className: android.widget.ListView; text: null; contentDescription: ; viewIdResName: null; checkable: false; checked: false; focusable: false; focused: false; selected: false; clickable: false; longClickable: false; enabled: true; password: false; scrollable: false; [ACTION_ACCESSIBILITY_FOCUS]
06-03 19:14:48.958 20242 20242 E AccessibilityNodeInfoCache: Disconneced node: android.view.accessibility.AccessibilityNodeInfo@5262d; boundsInParent: Rect(0, -1 - 114, 20); boundsInScreen: Rect(12, 195 - 183, 227); packageName: com.android.browser; className: android.view.View; text: null; contentDescription: The webpage at; viewIdResName: null; checkable: false; checked: false; focusable: false; focused: false; selected: false; clickable: true; longClickable: false; enabled: true; password: false; scrollable: false; [ACTION_CLICK, ACTION_ACCESSIBILITY_FOCUS]
06-03 19:14:48.958 20242 20242 E AccessibilityNodeInfoCache: Disconneced node: android.view.accessibility.AccessibilityNodeInfo@5264c; boundsInParent: Rect(0, 19 - 336, 120); boundsInScreen: Rect(12, 225 - 516, 377); packageName: com.android.browser; className: android.view.View; text: null; contentDescription: http://www.google.com/search?redir_esc=&client=ms-android-google&hl=en-US&safe=images&q=address&source=android-unknown&qsubts=1591209027211&devloc=0 Link; viewIdResName: null; checkable: false; checked: false; focusable: true; focused: false; selected: false; clickable: true; longClickable: false; enabled: true; password: false; scrollable: false; [ACTION_FOCUS, ACTION_CLICK, ACTION_ACCESSIBILITY_FOCUS]
06-03 19:14:48.958 20242 20242 E AccessibilityNodeInfoCache: Disconneced node: android.view.accessibility.AccessibilityNodeInfo@5266b; boundsInParent: Rect(0, 119 - 297, 180); boundsInScreen: Rect(12, 375 - 457, 467); packageName: com.android.browser; className: android.view.View; text: null; contentDescription: might be temporarily down or it may have moved permanently to a new web address.; viewIdResName: null; checkable: false; checked: false; focusable: false; focused: false; selected: false; clickable: true; longClickable: false; enabled: true; password: false; scrollable: false; [ACTION_CLICK, ACTION_ACCESSIBILITY_FOCUS]
06-03 19:14:48.958 20242 20242 E AccessibilityNodeInfoCache: Disconneced node: android.view.accessibility.AccessibilityNodeInfo@526e7; boundsInParent: Rect(40, 0 - 304, 41); boundsInScreen: Rect(72, 545 - 468, 606); packageName: com.android.browser; className: android.view.View; text: null; contentDescription: ; viewIdResName: null; checkable: false; checked: false; focusable: false; focused: false; selected: false; clickable: false; longClickable: false; enabled: true; password: false; scrollable: false; [ACTION_ACCESSIBILITY_FOCUS]
06-03 19:14:48.958 20242 20242 E AccessibilityNodeInfoCache: Disconneced node: android.view.accessibility.AccessibilityNodeInfo@52706; boundsInParent: Rect(40, 40 - 304, 61); boundsInScreen: Rect(72, 605 - 468, 636); packageName: com.android.browser; className: android.view.View; text: null; contentDescription: ; viewIdResName: null; checkable: false; checked: false; focusable: false; focused: false; selected: false; clickable: false; longClickable: false; enabled: true; password: false; scrollable: false; [ACTION_ACCESSIBILITY_FOCUS]
06-03 19:14:48.958 20242 20242 E AccessibilityNodeInfoCache: Disconneced node: android.view.accessibility.AccessibilityNodeInfo@52725; boundsInParent: Rect(40, 60 - 304, 81); boundsInScreen: Rect(72, 635 - 468, 666); packageName: com.android.browser; className: android.view.View; text: null; contentDescription: ; viewIdResName: null; checkable: false; checked: false; focusable: false; focused: false; selected: false; clickable: false; longClickable: false; enabled: true; password: false; scrollable: false; [ACTION_ACCESSIBILITY_FOCUS]
06-03 19:14:48.958 20242 20242 E AccessibilityNodeInfoCache: Disconneced node: android.view.accessibility.AccessibilityNodeInfo@52744; boundsInParent: Rect(-18, 0 - -11, 21); boundsInScreen: Rect(45, 545 - 55, 576); packageName: com.android.browser; className: android.view.View; text: null; contentDescription: ; viewIdResName: null; checkable: false; checked: false; focusable: false; focused: false; selected: false; clickable: true; longClickable: false; enabled: true; password: false; scrollable: false; [ACTION_CLICK, ACTION_ACCESSIBILITY_FOCUS]
06-03 19:14:48.958 20242 20242 E AccessibilityNodeInfoCache: Disconneced node: android.view.accessibility.AccessibilityNodeInfo@52763; boundsInParent: Rect(0, -1 - 192, 40); boundsInScreen: Rect(72, 543 - 360, 605); packageName: com.android.browser; className: android.view.View; text: null; contentDescription: Make sure you have a data connection; viewIdResName: null; checkable: false; checked: false; focusable: false; focused: false; selected: false; clickable: true; longClickable: false; enabled: true; password: false; scrollable: false; [ACTION_CLICK, ACTION_ACCESSIBILITY_FOCUS]
06-03 19:14:48.958 20242 20242 E AccessibilityNodeInfoCache: Disconneced node: android.view.accessibility.AccessibilityNodeInfo@52782; boundsInParent: Rect(-18, 0 - -11, 21); boundsInScreen: Rect(45, 605 - 55, 636); packageName: com.android.browser; className: android.view.View; text: null; contentDescription: ; viewIdResName: null; checkable: false; checked: false; focusable: false; focused: false; selected: false; clickable: true; longClickable: false; enabled: true; password: false; scrollable: false; [ACTION_CLICK, ACTION_ACCESSIBILITY_FOCUS]
06-03 19:14:48.958 20242 20242 E AccessibilityNodeInfoCache: Disconneced node: android.view.accessibility.AccessibilityNodeInfo@527a1; boundsInParent: Rect(0, -1 - 185, 20); boundsInScreen: Rect(72, 603 - 349, 635); packageName: com.android.browser; className: android.view.View; text: null; contentDescription: Reload this webpage later; viewIdResName: null; checkable: false; checked: false; focusable: false; focused: false; selected: false; clickable: true; longClickable: false; enabled: true; password: false; scrollable: false; [ACTION_CLICK, ACTION_ACCESSIBILITY_FOCUS]
06-03 19:14:48.958 20242 20242 E AccessibilityNodeInfoCache: Disconneced node: android.view.accessibility.AccessibilityNodeInfo@527c0; boundsInParent: Rect(-18, 0 - -11, 21); boundsInScreen: Rect(45, 635 - 55, 666); packageName: com.android.browser; className: android.view.View; text: null; contentDescription: ; viewIdResName: null; checkable: false; checked: false; focusable: false; focused: false; selected: false; clickable: true; longClickable: false; enabled: true; password: false; scrollable: false; [ACTION_CLICK, ACTION_ACCESSIBILITY_FOCUS]
06-03 19:14:48.958 20242 20242 E AccessibilityNodeInfoCache: Disconneced node: android.view.accessibility.AccessibilityNodeInfo@527df; boundsInParent: Rect(0, -1 - 221, 20); boundsInScreen: Rect(72, 633 - 403, 665); packageName: com.android.browser; className: android.view.View; text: null; contentDescription: Check the address you entered; viewIdResName: null; checkable: false; checked: false; focusable: false; focused: false; selected: false; clickable: true; longClickable: false; enabled: true; password: false; scrollable: false; [ACTION_CLICK, ACTION_ACCESSIBILITY_FOCUS]
06-03 19:14:48.968 20242 20242 E AccessibilityInteractionClient: 18 Disconnected nodes.
06-03 19:14:48.978  7196  7196 D gralloc_ranchu: gralloc_alloc: Creating ashmem region of size 589824
06-03 19:14:48.978  7196  7196 D gralloc_ranchu: gralloc_alloc: Creating ashmem region of size 65536
06-03 19:14:48.998  1176  1176 D EGL_emulation: eglMakeCurrent: 0xb78e7980: ver 3 0
06-03 19:14:49.008  7196  7196 D EGL_emulation: eglMakeCurrent: 0xb95396c0: ver 3 0
06-03 19:14:49.008  7196  7196 E EGL_emulation: tid 7196: eglSurfaceAttrib(1199): error 0x3009 (EGL_BAD_MATCH)
06-03 19:14:49.008  7196  7196 W HardwareRenderer: Backbuffer cannot be preserved
06-03 19:14:49.008  1176  1176 D EGL_emulation: eglMakeCurrent: 0xb78e7980: ver 3 0
06-03 19:14:49.018  1176  1176 D EGL_emulation: eglMakeCurrent: 0xb78e7980: ver 3 0
06-03 19:14:49.018  7196  7196 D EGL_emulation: eglMakeCurrent: 0xb95396c0: ver 3 0
06-03 19:14:49.018  7196  7196 E EGL_emulation: tid 7196: eglSurfaceAttrib(1199): error 0x3009 (EGL_BAD_MATCH)
06-03 19:14:49.018  7196  7196 W HardwareRenderer: Backbuffer cannot be preserved
06-03 19:14:49.018  1176  1176 D EGL_emulation: eglMakeCurrent: 0xb78e7980: ver 3 0
06-03 19:14:49.028  7196  7196 D EGL_emulation: eglMakeCurrent: 0xb95396c0: ver 3 0
06-03 19:14:49.038  1176  1176 D EGL_emulation: eglMakeCurrent: 0xb78e7980: ver 3 0
06-03 19:14:49.038  1176  1176 D EGL_emulation: eglMakeCurrent: 0xb78e7980: ver 3 0
06-03 19:14:49.048  7196  7196 D EGL_emulation: eglMakeCurrent: 0xb95396c0: ver 3 0
06-03 19:14:49.058  7196  7196 D EGL_emulation: eglMakeCurrent: 0xb95396c0: ver 3 0
06-03 19:14:49.058  7196  7196 D EGL_emulation: eglMakeCurrent: 0xb95396c0: ver 3 0
06-03 19:14:49.068  1176  1176 D EGL_emulation: eglMakeCurrent: 0xb78e7980: ver 3 0
06-03 19:14:49.078  1176  1176 D EGL_emulation: eglMakeCurrent: 0xb78e7980: ver 3 0
06-03 19:14:49.078 20242 20242 D dalvikvm: GC_FOR_ALLOC freed 432K, 22% free 2958K/3756K, paused 2ms, total 2ms
06-03 19:14:49.078 20242 20242 E AccessibilityNodeInfoCache: Disconneced node: android.view.accessibility.AccessibilityNodeInfo@524b9; boundsInParent: Rect(0, 0 - 344, 456); boundsInScreen: Rect(0, 116 - 516, 800); packageName: com.android.browser; className: android.view.View; text: null; contentDescription: Webpage not available; viewIdResName: null; checkable: false; checked: false; focusable: true; focused: true; selected: false; clickable: false; longClickable: false; enabled: true; password: false; scrollable: true; [ACTION_CLEAR_FOCUS, ACTION_CLEAR_ACCESSIBILITY_FOCUS]
06-03 19:14:49.078  1176  1176 D EGL_emulation: eglMakeCurrent: 0xb78e7980: ver 3 0
06-03 19:14:49.088 20242 20242 E AccessibilityNodeInfoCache: Disconneced node: android.view.accessibility.AccessibilityNodeInfo@52535; boundsInParent: Rect(0, 0 - 0, 0); boundsInScreen: Rect(0, 116 - 0, 116); packageName: com.android.browser; className: android.view.View; text: null; contentDescription: ; viewIdResName: null; checkable: false; checked: false; focusable: false; focused: false; selected: false; clickable: false; longClickable: false; enabled: true; password: false; scrollable: false; [ACTION_ACCESSIBILITY_FOCUS]
06-03 19:14:49.088 20242 20242 E AccessibilityNodeInfoCache: Disconneced node: android.view.accessibility.AccessibilityNodeInfo@52554; boundsInParent: Rect(8, 5 - 312, 34); boundsInScreen: Rect(12, 123 - 468, 167); packageName: com.android.browser; className: android.view.View; text: null; contentDescription: Webpage not available Heading; viewIdResName: null; checkable: false; checked: false; focusable: false; focused: false; selected: false; clickable: true; longClickable: false; enabled: true; password: false; scrollable: false; [ACTION_CLICK, ACTION_ACCESSIBILITY_FOCUS]
06-03 19:14:49.088 20242 20242 E AccessibilityNodeInfoCache: Disconneced node: android.view.accessibility.AccessibilityNodeInfo@52573; boundsInParent: Rect(8, 54 - 344, 235); boundsInScreen: Rect(12, 197 - 516, 468); packageName: com.android.browser; className: android.view.View; text: null; contentDescription: ; viewIdResName: null; checkable: false; checked: false; focusable: false; focused: false; selected: false; clickable: false; longClickable: false; enabled: true; password: false; scrollable: false; [ACTION_ACCESSIBILITY_FOCUS]
06-03 19:14:49.088 20242 20242 E AccessibilityNodeInfoCache: Disconneced node: android.view.accessibility.AccessibilityNodeInfo@52592; boundsInParent: Rect(8, 250 - 312, 271); boundsInScreen: Rect(12, 491 - 468, 522); packageName: com.android.browser; className: android.view.View; text: null; contentDescription: Suggestions:; viewIdResName: null; checkable: false; checked: false; focusable: false; focused: false; selected: false; clickable: true; longClickable: false; enabled: true; password: false; scrollable: false; [ACTION_CLICK, ACTION_ACCESSIBILITY_FOCUS]
06-03 19:14:49.088 20242 20242 E AccessibilityNodeInfoCache: Disconneced node: android.view.accessibility.AccessibilityNodeInfo@525b1; boundsInParent: Rect(8, 286 - 312, 367); boundsInScreen: Rect(12, 545 - 468, 666); packageName: com.android.browser; className: android.widget.ListView; text: null; contentDescription: ; viewIdResName: null; checkable: false; checked: false; focusable: false; focused: false; selected: false; clickable: false; longClickable: false; enabled: true; password: false; scrollable: false; [ACTION_ACCESSIBILITY_FOCUS]
06-03 19:14:49.088 20242 20242 E AccessibilityNodeInfoCache: Disconneced node: android.view.accessibility.AccessibilityNodeInfo@5262d; boundsInParent: Rect(0, -1 - 114, 20); boundsInScreen: Rect(12, 195 - 183, 227); packageName: com.android.browser; className: android.view.View; text: null; contentDescription: The webpage at; viewIdResName: null; checkable: false; checked: false; focusable: false; focused: false; selected: false; clickable: true; longClickable: false; enabled: true; password: false; scrollable: false; [ACTION_CLICK, ACTION_ACCESSIBILITY_FOCUS]
06-03 19:14:49.088 20242 20242 E AccessibilityNodeInfoCache: Disconneced node: android.view.accessibility.AccessibilityNodeInfo@5264c; boundsInParent: Rect(0, 19 - 336, 120); boundsInScreen: Rect(12, 225 - 516, 377); packageName: com.android.browser; className: android.view.View; text: null; contentDescription: http://www.google.com/search?redir_esc=&client=ms-android-google&hl=en-US&safe=images&q=address&source=android-unknown&qsubts=1591209027211&devloc=0 Link; viewIdResName: null; checkable: false; checked: false; focusable: true; focused: false; selected: false; clickable: true; longClickable: false; enabled: true; password: false; scrollable: false; [ACTION_FOCUS, ACTION_CLICK, ACTION_ACCESSIBILITY_FOCUS]
06-03 19:14:49.088 20242 20242 E AccessibilityNodeInfoCache: Disconneced node: android.view.accessibility.AccessibilityNodeInfo@5266b; boundsInParent: Rect(0, 119 - 297, 180); boundsInScreen: Rect(12, 375 - 457, 467); packageName: com.android.browser; className: android.view.View; text: null; contentDescription: might be temporarily down or it may have moved permanently to a new web address.; viewIdResName: null; checkable: false; checked: false; focusable: false; focused: false; selected: false; clickable: true; longClickable: false; enabled: true; password: false; scrollable: false; [ACTION_CLICK, ACTION_ACCESSIBILITY_FOCUS]
06-03 19:14:49.088 20242 20242 E AccessibilityNodeInfoCache: Disconneced node: android.view.accessibility.AccessibilityNodeInfo@526e7; boundsInParent: Rect(40, 0 - 304, 41); boundsInScreen: Rect(72, 545 - 468, 606); packageName: com.android.browser; className: android.view.View; text: null; contentDescription: ; viewIdResName: null; checkable: false; checked: false; focusable: false; focused: false; selected: false; clickable: false; longClickable: false; enabled: true; password: false; scrollable: false; [ACTION_ACCESSIBILITY_FOCUS]
06-03 19:14:49.088 20242 20242 E AccessibilityNodeInfoCache: Disconneced node: android.view.accessibility.AccessibilityNodeInfo@52706; boundsInParent: Rect(40, 40 - 304, 61); boundsInScreen: Rect(72, 605 - 468, 636); packageName: com.android.browser; className: android.view.View; text: null; contentDescription: ; viewIdResName: null; checkable: false; checked: false; focusable: false; focused: false; selected: false; clickable: false; longClickable: false; enabled: true; password: false; scrollable: false; [ACTION_ACCESSIBILITY_FOCUS]
06-03 19:14:49.088 20242 20242 E AccessibilityNodeInfoCache: Disconneced node: android.view.accessibility.AccessibilityNodeInfo@52725; boundsInParent: Rect(40, 60 - 304, 81); boundsInScreen: Rect(72, 635 - 468, 666); packageName: com.android.browser; className: android.view.View; text: null; contentDescription: ; viewIdResName: null; checkable: false; checked: false; focusable: false; focused: false; selected: false; clickable: false; longClickable: false; enabled: true; password: false; scrollable: false; [ACTION_ACCESSIBILITY_FOCUS]
06-03 19:14:49.088 20242 20242 E AccessibilityNodeInfoCache: Disconneced node: android.view.accessibility.AccessibilityNodeInfo@52744; boundsInParent: Rect(-18, 0 - -11, 21); boundsInScreen: Rect(45, 545 - 55, 576); packageName: com.android.browser; className: android.view.View; text: null; contentDescription: ; viewIdResName: null; checkable: false; checked: false; focusable: false; focused: false; selected: false; clickable: true; longClickable: false; enabled: true; password: false; scrollable: false; [ACTION_CLICK, ACTION_ACCESSIBILITY_FOCUS]
06-03 19:14:49.088 20242 20242 E AccessibilityNodeInfoCache: Disconneced node: android.view.accessibility.AccessibilityNodeInfo@52763; boundsInParent: Rect(0, -1 - 192, 40); boundsInScreen: Rect(72, 543 - 360, 605); packageName: com.android.browser; className: android.view.View; text: null; contentDescription: Make sure you have a data connection; viewIdResName: null; checkable: false; checked: false; focusable: false; focused: false; selected: false; clickable: true; longClickable: false; enabled: true; password: false; scrollable: false; [ACTION_CLICK, ACTION_ACCESSIBILITY_FOCUS]
06-03 19:14:49.088 20242 20242 E AccessibilityNodeInfoCache: Disconneced node: android.view.accessibility.AccessibilityNodeInfo@52782; boundsInParent: Rect(-18, 0 - -11, 21); boundsInScreen: Rect(45, 605 - 55, 636); packageName: com.android.browser; className: android.view.View; text: null; contentDescription: ; viewIdResName: null; checkable: false; checked: false; focusable: false; focused: false; selected: false; clickable: true; longClickable: false; enabled: true; password: false; scrollable: false; [ACTION_CLICK, ACTION_ACCESSIBILITY_FOCUS]
06-03 19:14:49.088 20242 20242 E AccessibilityNodeInfoCache: Disconneced node: android.view.accessibility.AccessibilityNodeInfo@527a1; boundsInParent: Rect(0, -1 - 185, 20); boundsInScreen: Rect(72, 603 - 349, 635); packageName: com.android.browser; className: android.view.View; text: null; contentDescription: Reload this webpage later; viewIdResName: null; checkable: false; checked: false; focusable: false; focused: false; selected: false; clickable: true; longClickable: false; enabled: true; password: false; scrollable: false; [ACTION_CLICK, ACTION_ACCESSIBILITY_FOCUS]
06-03 19:14:49.088 20242 20242 E AccessibilityNodeInfoCache: Disconneced node: android.view.accessibility.AccessibilityNodeInfo@527c0; boundsInParent: Rect(-18, 0 - -11, 21); boundsInScreen: Rect(45, 635 - 55, 666); packageName: com.android.browser; className: android.view.View; text: null; contentDescription: ; viewIdResName: null; checkable: false; checked: false; focusable: false; focused: false; selected: false; clickable: true; longClickable: false; enabled: true; password: false; scrollable: false; [ACTION_CLICK, ACTION_ACCESSIBILITY_FOCUS]
06-03 19:14:49.088 20242 20242 E AccessibilityNodeInfoCache: Disconneced node: android.view.accessibility.AccessibilityNodeInfo@527df; boundsInParent: Rect(0, -1 - 221, 20); boundsInScreen: Rect(72, 633 - 403, 665); packageName: com.android.browser; className: android.view.View; text: null; contentDescription: Check the address you entered; viewIdResName: null; checkable: false; checked: false; focusable: false; focused: false; selected: false; clickable: true; longClickable: false; enabled: true; password: false; scrollable: false; [ACTION_CLICK, ACTION_ACCESSIBILITY_FOCUS]
06-03 19:14:49.088  1176  1176 D EGL_emulation: eglMakeCurrent: 0xb78e7980: ver 3 0
06-03 19:14:49.098  1176  1176 D EGL_emulation: eglMakeCurrent: 0xb78e7980: ver 3 0
06-03 19:14:49.108  1176  1176 D EGL_emulation: eglMakeCurrent: 0xb78e7980: ver 3 0
06-03 19:14:49.118 20242 20242 E AccessibilityInteractionClient: 18 Disconnected nodes.
06-03 19:14:49.118  1176  1176 D EGL_emulation: eglMakeCurrent: 0xb78e7980: ver 3 0
06-03 19:14:49.118 20242 20242 D dalvikvm: GC_FOR_ALLOC freed 573K, 23% free 2896K/3756K, paused 3ms, total 3ms
06-03 19:14:49.128  1176  1176 D EGL_emulation: eglMakeCurrent: 0xb78e7980: ver 3 0
06-03 19:14:49.138  1176  1176 D EGL_emulation: eglMakeCurrent: 0xb78e7980: ver 3 0
06-03 19:14:49.138  1176  1176 D EGL_emulation: eglMakeCurrent: 0xb78e7980: ver 3 0
06-03 19:14:49.148 20242 20754 D dalvikvm: GC_FOR_ALLOC freed 430K, 22% free 2945K/3756K, paused 2ms, total 2ms
06-03 19:14:49.148 20242 20242 E AccessibilityNodeInfoCache: Disconneced node: android.view.accessibility.AccessibilityNodeInfo@524b9; boundsInParent: Rect(0, 0 - 344, 456); boundsInScreen: Rect(0, 116 - 516, 800); packageName: com.android.browser; className: android.view.View; text: null; contentDescription: Webpage not available; viewIdResName: null; checkable: false; checked: false; focusable: true; focused: true; selected: false; clickable: false; longClickable: false; enabled: true; password: false; scrollable: true; [ACTION_CLEAR_FOCUS, ACTION_CLEAR_ACCESSIBILITY_FOCUS]
06-03 19:14:49.148 20242 20242 E AccessibilityNodeInfoCache: Disconneced node: android.view.accessibility.AccessibilityNodeInfo@52535; boundsInParent: Rect(0, 0 - 0, 0); boundsInScreen: Rect(0, 116 - 0, 116); packageName: com.android.browser; className: android.view.View; text: null; contentDescription: ; viewIdResName: null; checkable: false; checked: false; focusable: false; focused: false; selected: false; clickable: false; longClickable: false; enabled: true; password: false; scrollable: false; [ACTION_ACCESSIBILITY_FOCUS]
06-03 19:14:49.148 20242 20242 E AccessibilityNodeInfoCache: Disconneced node: android.view.accessibility.AccessibilityNodeInfo@52554; boundsInParent: Rect(8, 5 - 312, 34); boundsInScreen: Rect(12, 123 - 468, 167); packageName: com.android.browser; className: android.view.View; text: null; contentDescription: Webpage not available Heading; viewIdResName: null; checkable: false; checked: false; focusable: false; focused: false; selected: false; clickable: true; longClickable: false; enabled: true; password: false; scrollable: false; [ACTION_CLICK, ACTION_ACCESSIBILITY_FOCUS]
06-03 19:14:49.148 20242 20242 E AccessibilityNodeInfoCache: Disconneced node: android.view.accessibility.AccessibilityNodeInfo@52573; boundsInParent: Rect(8, 54 - 344, 235); boundsInScreen: Rect(12, 197 - 516, 468); packageName: com.android.browser; className: android.view.View; text: null; contentDescription: ; viewIdResName: null; checkable: false; checked: false; focusable: false; focused: false; selected: false; clickable: false; longClickable: false; enabled: true; password: false; scrollable: false; [ACTION_ACCESSIBILITY_FOCUS]
06-03 19:14:49.148 20242 20242 E AccessibilityNodeInfoCache: Disconneced node: android.view.accessibility.AccessibilityNodeInfo@52592; boundsInParent: Rect(8, 250 - 312, 271); boundsInScreen: Rect(12, 491 - 468, 522); packageName: com.android.browser; className: android.view.View; text: null; contentDescription: Suggestions:; viewIdResName: null; checkable: false; checked: false; focusable: false; focused: false; selected: false; clickable: true; longClickable: false; enabled: true; password: false; scrollable: false; [ACTION_CLICK, ACTION_ACCESSIBILITY_FOCUS]
06-03 19:14:49.148 20242 20242 E AccessibilityNodeInfoCache: Disconneced node: android.view.accessibility.AccessibilityNodeInfo@525b1; boundsInParent: Rect(8, 286 - 312, 367); boundsInScreen: Rect(12, 545 - 468, 666); packageName: com.android.browser; className: android.widget.ListView; text: null; contentDescription: ; viewIdResName: null; checkable: false; checked: false; focusable: false; focused: false; selected: false; clickable: false; longClickable: false; enabled: true; password: false; scrollable: false; [ACTION_ACCESSIBILITY_FOCUS]
06-03 19:14:49.148 20242 20242 E AccessibilityNodeInfoCache: Disconneced node: android.view.accessibility.AccessibilityNodeInfo@5262d; boundsInParent: Rect(0, -1 - 114, 20); boundsInScreen: Rect(12, 195 - 183, 227); packageName: com.android.browser; className: android.view.View; text: null; contentDescription: The webpage at; viewIdResName: null; checkable: false; checked: false; focusable: false; focused: false; selected: false; clickable: true; longClickable: false; enabled: true; password: false; scrollable: false; [ACTION_CLICK, ACTION_ACCESSIBILITY_FOCUS]
